[2024-10-29T10:33:45.203+0530][gc,init] CardTable entry size: 512
[2024-10-29T10:33:45.203+0530][gc     ] Using G1
[2024-10-29T10:33:45.204+0530][gc,init] Version: 20.0.1+9-29 (release)
[2024-10-29T10:33:45.204+0530][gc,init] CPUs: 8 total, 8 available
[2024-10-29T10:33:45.204+0530][gc,init] Memory: 8192M
[2024-10-29T10:33:45.204+0530][gc,init] Large Page Support: Disabled
[2024-10-29T10:33:45.204+0530][gc,init] NUMA Support: Disabled
[2024-10-29T10:33:45.204+0530][gc,init] Compressed Oops: Enabled (Zero based)
[2024-10-29T10:33:45.204+0530][gc,init] Heap Region Size: 1M
[2024-10-29T10:33:45.204+0530][gc,init] Heap Min Capacity: 1G
[2024-10-29T10:33:45.204+0530][gc,init] Heap Initial Capacity: 1G
[2024-10-29T10:33:45.204+0530][gc,init] Heap Max Capacity: 1G
[2024-10-29T10:33:45.204+0530][gc,init] Pre-touch: Disabled
[2024-10-29T10:33:45.204+0530][gc,init] Parallel Workers: 8
[2024-10-29T10:33:45.204+0530][gc,init] Concurrent Workers: 2
[2024-10-29T10:33:45.204+0530][gc,init] Concurrent Refinement Workers: 8
[2024-10-29T10:33:45.204+0530][gc,init] Periodic GC: Disabled
[2024-10-29T10:33:45.204+0530][gc,metaspace] CDS archive(s) mapped at: [0x0000000800000000-0x0000000800c6c000-0x0000000800c6c000), size 13025280, SharedBaseAddress: 0x0000000800000000, ArchiveRelocationMode: 0.
[2024-10-29T10:33:45.204+0530][gc,metaspace] Compressed class space mapped at: 0x0000000801000000-0x0000000841000000, reserved size: 1073741824
[2024-10-29T10:33:45.204+0530][gc,metaspace] Narrow klass base: 0x0000000800000000, Narrow klass shift: 0, Narrow klass range: 0x100000000
[2024-10-29T10:33:45.961+0530][gc,start    ] GC(0) Pause Young (Normal) (G1 Evacuation Pause)
[2024-10-29T10:33:45.961+0530][gc,task     ] GC(0) Using 8 workers of 8 for evacuation
[2024-10-29T10:33:45.963+0530][gc,phases   ] GC(0)   Pre Evacuate Collection Set: 0.1ms
[2024-10-29T10:33:45.963+0530][gc,phases   ] GC(0)   Merge Heap Roots: 0.0ms
[2024-10-29T10:33:45.963+0530][gc,phases   ] GC(0)   Evacuate Collection Set: 1.8ms
[2024-10-29T10:33:45.963+0530][gc,phases   ] GC(0)   Post Evacuate Collection Set: 0.2ms
[2024-10-29T10:33:45.963+0530][gc,phases   ] GC(0)   Other: 0.2ms
[2024-10-29T10:33:45.963+0530][gc,heap     ] GC(0) Eden regions: 51->0(44)
[2024-10-29T10:33:45.963+0530][gc,heap     ] GC(0) Survivor regions: 0->7(7)
[2024-10-29T10:33:45.963+0530][gc,heap     ] GC(0) Old regions: 0->2
[2024-10-29T10:33:45.963+0530][gc,heap     ] GC(0) Archive regions: 2->2
[2024-10-29T10:33:45.963+0530][gc,heap     ] GC(0) Humongous regions: 0->0
[2024-10-29T10:33:45.963+0530][gc,metaspace] GC(0) Metaspace: 17590K(17792K)->17590K(17792K) NonClass: 15534K(15680K)->15534K(15680K) Class: 2056K(2112K)->2056K(2112K)
[2024-10-29T10:33:45.963+0530][gc          ] GC(0) Pause Young (Normal) (G1 Evacuation Pause) 51M->9M(1024M) 2.478ms
[2024-10-29T10:33:45.963+0530][gc,cpu      ] GC(0) User=0.01s Sys=0.01s Real=0.00s
[2024-10-29T10:33:46.049+0530][gc,start    ] GC(1) Pause Young (Concurrent Start) (Metadata GC Threshold)
[2024-10-29T10:33:46.049+0530][gc,task     ] GC(1) Using 8 workers of 8 for evacuation
[2024-10-29T10:33:46.051+0530][gc,phases   ] GC(1)   Pre Evacuate Collection Set: 0.1ms
[2024-10-29T10:33:46.051+0530][gc,phases   ] GC(1)   Merge Heap Roots: 0.0ms
[2024-10-29T10:33:46.051+0530][gc,phases   ] GC(1)   Evacuate Collection Set: 1.5ms
[2024-10-29T10:33:46.051+0530][gc,phases   ] GC(1)   Post Evacuate Collection Set: 0.1ms
[2024-10-29T10:33:46.051+0530][gc,phases   ] GC(1)   Other: 0.0ms
[2024-10-29T10:33:46.051+0530][gc,heap     ] GC(1) Eden regions: 15->0(49)
[2024-10-29T10:33:46.051+0530][gc,heap     ] GC(1) Survivor regions: 7->2(7)
[2024-10-29T10:33:46.051+0530][gc,heap     ] GC(1) Old regions: 2->9
[2024-10-29T10:33:46.051+0530][gc,heap     ] GC(1) Archive regions: 2->2
[2024-10-29T10:33:46.051+0530][gc,heap     ] GC(1) Humongous regions: 0->0
[2024-10-29T10:33:46.051+0530][gc,metaspace] GC(1) Metaspace: 21257K(21504K)->21257K(21504K) NonClass: 18748K(18880K)->18748K(18880K) Class: 2508K(2624K)->2508K(2624K)
[2024-10-29T10:33:46.051+0530][gc          ] GC(1) Pause Young (Concurrent Start) (Metadata GC Threshold) 23M->10M(1024M) 1.919ms
[2024-10-29T10:33:46.051+0530][gc,cpu      ] GC(1) User=0.01s Sys=0.01s Real=0.01s
[2024-10-29T10:33:46.051+0530][gc          ] GC(2) Concurrent Mark Cycle
[2024-10-29T10:33:46.051+0530][gc,marking  ] GC(2) Concurrent Scan Root Regions
[2024-10-29T10:33:46.052+0530][gc,marking  ] GC(2) Concurrent Scan Root Regions 1.001ms
[2024-10-29T10:33:46.052+0530][gc,marking  ] GC(2) Concurrent Mark
[2024-10-29T10:33:46.052+0530][gc,marking  ] GC(2) Concurrent Mark From Roots
[2024-10-29T10:33:46.052+0530][gc,task     ] GC(2) Using 2 workers of 2 for marking
[2024-10-29T10:33:46.053+0530][gc,marking  ] GC(2) Concurrent Mark From Roots 0.622ms
[2024-10-29T10:33:46.053+0530][gc,marking  ] GC(2) Concurrent Preclean
[2024-10-29T10:33:46.053+0530][gc,marking  ] GC(2) Concurrent Preclean 0.006ms
[2024-10-29T10:33:46.053+0530][gc,start    ] GC(2) Pause Remark
[2024-10-29T10:33:46.053+0530][gc          ] GC(2) Pause Remark 11M->11M(1024M) 0.672ms
[2024-10-29T10:33:46.053+0530][gc,cpu      ] GC(2) User=0.00s Sys=0.00s Real=0.00s
[2024-10-29T10:33:46.053+0530][gc,marking  ] GC(2) Concurrent Mark 1.388ms
[2024-10-29T10:33:46.053+0530][gc,marking  ] GC(2) Concurrent Rebuild Remembered Sets and Scrub Regions
[2024-10-29T10:33:46.054+0530][gc,marking  ] GC(2) Concurrent Rebuild Remembered Sets and Scrub Regions 0.918ms
[2024-10-29T10:33:46.054+0530][gc,start    ] GC(2) Pause Cleanup
[2024-10-29T10:33:46.054+0530][gc          ] GC(2) Pause Cleanup 11M->11M(1024M) 0.056ms
[2024-10-29T10:33:46.054+0530][gc,cpu      ] GC(2) User=0.00s Sys=0.00s Real=0.00s
[2024-10-29T10:33:46.054+0530][gc,marking  ] GC(2) Concurrent Clear Claimed Marks
[2024-10-29T10:33:46.054+0530][gc,marking  ] GC(2) Concurrent Clear Claimed Marks 0.008ms
[2024-10-29T10:33:46.054+0530][gc,marking  ] GC(2) Concurrent Cleanup for Next Mark
[2024-10-29T10:33:46.058+0530][gc,marking  ] GC(2) Concurrent Cleanup for Next Mark 3.100ms
[2024-10-29T10:33:46.058+0530][gc          ] GC(2) Concurrent Mark Cycle 6.589ms
[2024-10-29T10:33:46.494+0530][gc,start    ] GC(3) Pause Young (Normal) (G1 Evacuation Pause)
[2024-10-29T10:33:46.494+0530][gc,task     ] GC(3) Using 8 workers of 8 for evacuation
[2024-10-29T10:33:46.496+0530][gc,phases   ] GC(3)   Pre Evacuate Collection Set: 0.1ms
[2024-10-29T10:33:46.496+0530][gc,phases   ] GC(3)   Merge Heap Roots: 0.0ms
[2024-10-29T10:33:46.496+0530][gc,phases   ] GC(3)   Evacuate Collection Set: 1.4ms
[2024-10-29T10:33:46.496+0530][gc,phases   ] GC(3)   Post Evacuate Collection Set: 0.2ms
[2024-10-29T10:33:46.496+0530][gc,phases   ] GC(3)   Other: 0.0ms
[2024-10-29T10:33:46.496+0530][gc,heap     ] GC(3) Eden regions: 49->0(45)
[2024-10-29T10:33:46.496+0530][gc,heap     ] GC(3) Survivor regions: 2->6(7)
[2024-10-29T10:33:46.496+0530][gc,heap     ] GC(3) Old regions: 9->9
[2024-10-29T10:33:46.496+0530][gc,heap     ] GC(3) Archive regions: 2->2
[2024-10-29T10:33:46.496+0530][gc,heap     ] GC(3) Humongous regions: 129->129
[2024-10-29T10:33:46.496+0530][gc,metaspace] GC(3) Metaspace: 30832K(31104K)->30832K(31104K) NonClass: 27402K(27584K)->27402K(27584K) Class: 3429K(3520K)->3429K(3520K)
[2024-10-29T10:33:46.496+0530][gc          ] GC(3) Pause Young (Normal) (G1 Evacuation Pause) 188M->143M(1024M) 1.843ms
[2024-10-29T10:33:46.496+0530][gc,cpu      ] GC(3) User=0.01s Sys=0.00s Real=0.00s
[2024-10-29T10:33:46.585+0530][gc,start    ] GC(4) Pause Young (Concurrent Start) (Metadata GC Threshold)
[2024-10-29T10:33:46.585+0530][gc,task     ] GC(4) Using 8 workers of 8 for evacuation
[2024-10-29T10:33:46.587+0530][gc,phases   ] GC(4)   Pre Evacuate Collection Set: 0.2ms
[2024-10-29T10:33:46.587+0530][gc,phases   ] GC(4)   Merge Heap Roots: 0.0ms
[2024-10-29T10:33:46.587+0530][gc,phases   ] GC(4)   Evacuate Collection Set: 1.7ms
[2024-10-29T10:33:46.587+0530][gc,phases   ] GC(4)   Post Evacuate Collection Set: 0.2ms
[2024-10-29T10:33:46.587+0530][gc,phases   ] GC(4)   Other: 0.0ms
[2024-10-29T10:33:46.587+0530][gc,heap     ] GC(4) Eden regions: 20->0(49)
[2024-10-29T10:33:46.587+0530][gc,heap     ] GC(4) Survivor regions: 6->2(7)
[2024-10-29T10:33:46.587+0530][gc,heap     ] GC(4) Old regions: 9->14
[2024-10-29T10:33:46.587+0530][gc,heap     ] GC(4) Archive regions: 2->2
[2024-10-29T10:33:46.587+0530][gc,heap     ] GC(4) Humongous regions: 129->129
[2024-10-29T10:33:46.587+0530][gc,metaspace] GC(4) Metaspace: 35685K(35968K)->35685K(35968K) NonClass: 31784K(31936K)->31784K(31936K) Class: 3900K(4032K)->3900K(4032K)
[2024-10-29T10:33:46.587+0530][gc          ] GC(4) Pause Young (Concurrent Start) (Metadata GC Threshold) 163M->145M(1024M) 2.170ms
[2024-10-29T10:33:46.587+0530][gc          ] GC(5) Concurrent Mark Cycle
[2024-10-29T10:33:46.587+0530][gc,cpu      ] GC(4) User=0.01s Sys=0.00s Real=0.00s
[2024-10-29T10:33:46.587+0530][gc,marking  ] GC(5) Concurrent Scan Root Regions
[2024-10-29T10:33:46.589+0530][gc,marking  ] GC(5) Concurrent Scan Root Regions 1.524ms
[2024-10-29T10:33:46.589+0530][gc,marking  ] GC(5) Concurrent Mark
[2024-10-29T10:33:46.589+0530][gc,marking  ] GC(5) Concurrent Mark From Roots
[2024-10-29T10:33:46.589+0530][gc,task     ] GC(5) Using 2 workers of 2 for marking
[2024-10-29T10:33:46.591+0530][gc,marking  ] GC(5) Concurrent Mark From Roots 2.336ms
[2024-10-29T10:33:46.591+0530][gc,marking  ] GC(5) Concurrent Preclean
[2024-10-29T10:33:46.591+0530][gc,marking  ] GC(5) Concurrent Preclean 0.018ms
[2024-10-29T10:33:46.591+0530][gc,start    ] GC(5) Pause Remark
[2024-10-29T10:33:46.592+0530][gc          ] GC(5) Pause Remark 146M->146M(1024M) 0.874ms
[2024-10-29T10:33:46.592+0530][gc,cpu      ] GC(5) User=0.00s Sys=0.01s Real=0.00s
[2024-10-29T10:33:46.592+0530][gc,marking  ] GC(5) Concurrent Mark 3.402ms
[2024-10-29T10:33:46.592+0530][gc,marking  ] GC(5) Concurrent Rebuild Remembered Sets and Scrub Regions
[2024-10-29T10:33:46.595+0530][gc,marking  ] GC(5) Concurrent Rebuild Remembered Sets and Scrub Regions 2.204ms
[2024-10-29T10:33:46.595+0530][gc,start    ] GC(5) Pause Cleanup
[2024-10-29T10:33:46.595+0530][gc          ] GC(5) Pause Cleanup 147M->147M(1024M) 0.060ms
[2024-10-29T10:33:46.595+0530][gc,cpu      ] GC(5) User=0.00s Sys=0.00s Real=0.00s
[2024-10-29T10:33:46.595+0530][gc,marking  ] GC(5) Concurrent Clear Claimed Marks
[2024-10-29T10:33:46.595+0530][gc,marking  ] GC(5) Concurrent Clear Claimed Marks 0.048ms
[2024-10-29T10:33:46.595+0530][gc,marking  ] GC(5) Concurrent Cleanup for Next Mark
[2024-10-29T10:33:46.596+0530][gc,marking  ] GC(5) Concurrent Cleanup for Next Mark 0.814ms
[2024-10-29T10:33:46.596+0530][gc          ] GC(5) Concurrent Mark Cycle 8.272ms
[2024-10-29T10:38:31.523+0530][gc,start    ] GC(6) Pause Young (Prepare Mixed) (G1 Evacuation Pause)
[2024-10-29T10:38:31.524+0530][gc,task     ] GC(6) Using 8 workers of 8 for evacuation
[2024-10-29T10:38:31.549+0530][gc,mmu      ] GC(6) MMU target violated: 21.0ms (20.0ms/21.0ms)
[2024-10-29T10:38:31.549+0530][gc,phases   ] GC(6)   Pre Evacuate Collection Set: 1.3ms
[2024-10-29T10:38:31.549+0530][gc,phases   ] GC(6)   Merge Heap Roots: 0.4ms
[2024-10-29T10:38:31.549+0530][gc,phases   ] GC(6)   Evacuate Collection Set: 22.0ms
[2024-10-29T10:38:31.549+0530][gc,phases   ] GC(6)   Post Evacuate Collection Set: 0.9ms
[2024-10-29T10:38:31.549+0530][gc,phases   ] GC(6)   Other: 0.3ms
[2024-10-29T10:38:31.549+0530][gc,heap     ] GC(6) Eden regions: 49->0(46)
[2024-10-29T10:38:31.549+0530][gc,heap     ] GC(6) Survivor regions: 2->5(7)
[2024-10-29T10:38:31.549+0530][gc,heap     ] GC(6) Old regions: 14->14
[2024-10-29T10:38:31.549+0530][gc,heap     ] GC(6) Archive regions: 2->2
[2024-10-29T10:38:31.549+0530][gc,heap     ] GC(6) Humongous regions: 261->129
[2024-10-29T10:38:31.549+0530][gc,metaspace] GC(6) Metaspace: 42101K(42816K)->42101K(42816K) NonClass: 37150K(37568K)->37150K(37568K) Class: 4950K(5248K)->4950K(5248K)
[2024-10-29T10:38:31.550+0530][gc          ] GC(6) Pause Young (Prepare Mixed) (G1 Evacuation Pause) 326M->148M(1024M) 26.616ms
[2024-10-29T10:38:31.550+0530][gc,cpu      ] GC(6) User=0.02s Sys=0.07s Real=0.03s
[2024-10-29T10:43:51.225+0530][gc,start    ] GC(7) Pause Young (Mixed) (G1 Evacuation Pause)
[2024-10-29T10:43:51.226+0530][gc,task     ] GC(7) Using 8 workers of 8 for evacuation
[2024-10-29T10:43:51.247+0530][gc,mmu      ] GC(7) MMU target violated: 20.7ms (20.0ms/21.0ms)
[2024-10-29T10:43:51.247+0530][gc,phases   ] GC(7)   Pre Evacuate Collection Set: 1.0ms
[2024-10-29T10:43:51.247+0530][gc,phases   ] GC(7)   Merge Heap Roots: 0.2ms
[2024-10-29T10:43:51.247+0530][gc,phases   ] GC(7)   Evacuate Collection Set: 17.1ms
[2024-10-29T10:43:51.247+0530][gc,phases   ] GC(7)   Post Evacuate Collection Set: 2.4ms
[2024-10-29T10:43:51.247+0530][gc,phases   ] GC(7)   Other: 0.4ms
[2024-10-29T10:43:51.247+0530][gc,heap     ] GC(7) Eden regions: 46->0(46)
[2024-10-29T10:43:51.247+0530][gc,heap     ] GC(7) Survivor regions: 5->5(7)
[2024-10-29T10:43:51.247+0530][gc,heap     ] GC(7) Old regions: 14->16
[2024-10-29T10:43:51.247+0530][gc,heap     ] GC(7) Archive regions: 2->2
[2024-10-29T10:43:51.247+0530][gc,heap     ] GC(7) Humongous regions: 129->129
[2024-10-29T10:43:51.247+0530][gc,metaspace] GC(7) Metaspace: 42998K(43712K)->42998K(43712K) NonClass: 37988K(38400K)->37988K(38400K) Class: 5010K(5312K)->5010K(5312K)
[2024-10-29T10:43:51.247+0530][gc          ] GC(7) Pause Young (Mixed) (G1 Evacuation Pause) 194M->149M(1024M) 22.623ms
[2024-10-29T10:43:51.247+0530][gc,cpu      ] GC(7) User=0.04s Sys=0.03s Real=0.02s
[2024-10-29T10:48:36.902+0530][gc,start    ] GC(8) Pause Young (Normal) (G1 Evacuation Pause)
[2024-10-29T10:48:36.902+0530][gc,task     ] GC(8) Using 8 workers of 8 for evacuation
[2024-10-29T10:48:36.915+0530][gc,phases   ] GC(8)   Pre Evacuate Collection Set: 1.0ms
[2024-10-29T10:48:36.916+0530][gc,phases   ] GC(8)   Merge Heap Roots: 0.3ms
[2024-10-29T10:48:36.916+0530][gc,phases   ] GC(8)   Evacuate Collection Set: 11.0ms
[2024-10-29T10:48:36.916+0530][gc,phases   ] GC(8)   Post Evacuate Collection Set: 0.6ms
[2024-10-29T10:48:36.916+0530][gc,phases   ] GC(8)   Other: 0.3ms
[2024-10-29T10:48:36.916+0530][gc,heap     ] GC(8) Eden regions: 46->0(48)
[2024-10-29T10:48:36.916+0530][gc,heap     ] GC(8) Survivor regions: 5->3(7)
[2024-10-29T10:48:36.916+0530][gc,heap     ] GC(8) Old regions: 16->18
[2024-10-29T10:48:36.916+0530][gc,heap     ] GC(8) Archive regions: 2->2
[2024-10-29T10:48:36.916+0530][gc,heap     ] GC(8) Humongous regions: 129->129
[2024-10-29T10:48:36.916+0530][gc,metaspace] GC(8) Metaspace: 43161K(43840K)->43161K(43840K) NonClass: 38150K(38528K)->38150K(38528K) Class: 5010K(5312K)->5010K(5312K)
[2024-10-29T10:48:36.916+0530][gc          ] GC(8) Pause Young (Normal) (G1 Evacuation Pause) 195M->149M(1024M) 14.270ms
[2024-10-29T10:48:36.916+0530][gc,cpu      ] GC(8) User=0.04s Sys=0.01s Real=0.01s
[2024-10-29T10:55:25.408+0530][gc,start    ] GC(9) Pause Young (Normal) (G1 Evacuation Pause)
[2024-10-29T10:55:25.410+0530][gc,task     ] GC(9) Using 8 workers of 8 for evacuation
[2024-10-29T10:55:25.424+0530][gc,phases   ] GC(9)   Pre Evacuate Collection Set: 1.2ms
[2024-10-29T10:55:25.424+0530][gc,phases   ] GC(9)   Merge Heap Roots: 0.2ms
[2024-10-29T10:55:25.424+0530][gc,phases   ] GC(9)   Evacuate Collection Set: 11.8ms
[2024-10-29T10:55:25.424+0530][gc,phases   ] GC(9)   Post Evacuate Collection Set: 0.6ms
[2024-10-29T10:55:25.424+0530][gc,phases   ] GC(9)   Other: 0.6ms
[2024-10-29T10:55:25.424+0530][gc,heap     ] GC(9) Eden regions: 48->0(48)
[2024-10-29T10:55:25.424+0530][gc,heap     ] GC(9) Survivor regions: 3->3(7)
[2024-10-29T10:55:25.424+0530][gc,heap     ] GC(9) Old regions: 18->18
[2024-10-29T10:55:25.424+0530][gc,heap     ] GC(9) Archive regions: 2->2
[2024-10-29T10:55:25.424+0530][gc,heap     ] GC(9) Humongous regions: 129->129
[2024-10-29T10:55:25.424+0530][gc,metaspace] GC(9) Metaspace: 43843K(44544K)->43843K(44544K) NonClass: 38689K(39104K)->38689K(39104K) Class: 5154K(5440K)->5154K(5440K)
[2024-10-29T10:55:25.424+0530][gc          ] GC(9) Pause Young (Normal) (G1 Evacuation Pause) 197M->150M(1024M) 16.224ms
[2024-10-29T10:55:25.425+0530][gc,cpu      ] GC(9) User=0.02s Sys=0.03s Real=0.02s
[2024-10-29T10:59:39.174+0530][gc,start    ] GC(10) Pause Young (Normal) (G1 Evacuation Pause)
[2024-10-29T10:59:39.176+0530][gc,task     ] GC(10) Using 8 workers of 8 for evacuation
[2024-10-29T10:59:39.192+0530][gc,phases   ] GC(10)   Pre Evacuate Collection Set: 1.8ms
[2024-10-29T10:59:39.192+0530][gc,phases   ] GC(10)   Merge Heap Roots: 0.2ms
[2024-10-29T10:59:39.192+0530][gc,phases   ] GC(10)   Evacuate Collection Set: 13.0ms
[2024-10-29T10:59:39.192+0530][gc,phases   ] GC(10)   Post Evacuate Collection Set: 0.5ms
[2024-10-29T10:59:39.192+0530][gc,phases   ] GC(10)   Other: 0.5ms
[2024-10-29T10:59:39.192+0530][gc,heap     ] GC(10) Eden regions: 48->0(47)
[2024-10-29T10:59:39.192+0530][gc,heap     ] GC(10) Survivor regions: 3->4(7)
[2024-10-29T10:59:39.192+0530][gc,heap     ] GC(10) Old regions: 18->18
[2024-10-29T10:59:39.192+0530][gc,heap     ] GC(10) Archive regions: 2->2
[2024-10-29T10:59:39.192+0530][gc,heap     ] GC(10) Humongous regions: 129->129
[2024-10-29T10:59:39.192+0530][gc,metaspace] GC(10) Metaspace: 43982K(44672K)->43982K(44672K) NonClass: 38827K(39232K)->38827K(39232K) Class: 5154K(5440K)->5154K(5440K)
[2024-10-29T10:59:39.192+0530][gc          ] GC(10) Pause Young (Normal) (G1 Evacuation Pause) 198M->151M(1024M) 17.845ms
[2024-10-29T10:59:39.192+0530][gc,cpu      ] GC(10) User=0.03s Sys=0.03s Real=0.02s
[2024-10-29T11:02:33.142+0530][gc,start    ] GC(11) Pause Young (Normal) (G1 Evacuation Pause)
[2024-10-29T11:02:33.143+0530][gc,task     ] GC(11) Using 8 workers of 8 for evacuation
[2024-10-29T11:02:33.154+0530][gc,phases   ] GC(11)   Pre Evacuate Collection Set: 0.8ms
[2024-10-29T11:02:33.154+0530][gc,phases   ] GC(11)   Merge Heap Roots: 0.1ms
[2024-10-29T11:02:33.154+0530][gc,phases   ] GC(11)   Evacuate Collection Set: 9.1ms
[2024-10-29T11:02:33.154+0530][gc,phases   ] GC(11)   Post Evacuate Collection Set: 0.8ms
[2024-10-29T11:02:33.154+0530][gc,phases   ] GC(11)   Other: 0.2ms
[2024-10-29T11:02:33.154+0530][gc,heap     ] GC(11) Eden regions: 47->0(47)
[2024-10-29T11:02:33.154+0530][gc,heap     ] GC(11) Survivor regions: 4->4(7)
[2024-10-29T11:02:33.154+0530][gc,heap     ] GC(11) Old regions: 18->18
[2024-10-29T11:02:33.154+0530][gc,heap     ] GC(11) Archive regions: 2->2
[2024-10-29T11:02:33.154+0530][gc,heap     ] GC(11) Humongous regions: 129->129
[2024-10-29T11:02:33.154+0530][gc,metaspace] GC(11) Metaspace: 44099K(44800K)->44099K(44800K) NonClass: 38945K(39360K)->38945K(39360K) Class: 5154K(5440K)->5154K(5440K)
[2024-10-29T11:02:33.154+0530][gc          ] GC(11) Pause Young (Normal) (G1 Evacuation Pause) 198M->151M(1024M) 12.432ms
[2024-10-29T11:02:33.154+0530][gc,cpu      ] GC(11) User=0.02s Sys=0.02s Real=0.01s
[2024-10-29T11:05:23.655+0530][gc,start    ] GC(12) Pause Young (Normal) (G1 Evacuation Pause)
[2024-10-29T11:05:23.656+0530][gc,task     ] GC(12) Using 8 workers of 8 for evacuation
[2024-10-29T11:05:23.666+0530][gc,phases   ] GC(12)   Pre Evacuate Collection Set: 0.5ms
[2024-10-29T11:05:23.666+0530][gc,phases   ] GC(12)   Merge Heap Roots: 0.1ms
[2024-10-29T11:05:23.666+0530][gc,phases   ] GC(12)   Evacuate Collection Set: 9.4ms
[2024-10-29T11:05:23.666+0530][gc,phases   ] GC(12)   Post Evacuate Collection Set: 0.3ms
[2024-10-29T11:05:23.666+0530][gc,phases   ] GC(12)   Other: 0.1ms
[2024-10-29T11:05:23.666+0530][gc,heap     ] GC(12) Eden regions: 47->0(47)
[2024-10-29T11:05:23.666+0530][gc,heap     ] GC(12) Survivor regions: 4->4(7)
[2024-10-29T11:05:23.666+0530][gc,heap     ] GC(12) Old regions: 18->18
[2024-10-29T11:05:23.666+0530][gc,heap     ] GC(12) Archive regions: 2->2
[2024-10-29T11:05:23.666+0530][gc,heap     ] GC(12) Humongous regions: 129->129
[2024-10-29T11:05:23.666+0530][gc,metaspace] GC(12) Metaspace: 44353K(45056K)->44353K(45056K) NonClass: 39198K(39616K)->39198K(39616K) Class: 5154K(5440K)->5154K(5440K)
[2024-10-29T11:05:23.666+0530][gc          ] GC(12) Pause Young (Normal) (G1 Evacuation Pause) 198M->151M(1024M) 11.146ms
[2024-10-29T11:05:23.666+0530][gc,cpu      ] GC(12) User=0.03s Sys=0.01s Real=0.01s
[2024-10-29T11:08:14.774+0530][gc,start    ] GC(13) Pause Young (Normal) (G1 Evacuation Pause)
[2024-10-29T11:08:14.775+0530][gc,task     ] GC(13) Using 8 workers of 8 for evacuation
[2024-10-29T11:08:14.785+0530][gc,phases   ] GC(13)   Pre Evacuate Collection Set: 1.0ms
[2024-10-29T11:08:14.785+0530][gc,phases   ] GC(13)   Merge Heap Roots: 0.1ms
[2024-10-29T11:08:14.785+0530][gc,phases   ] GC(13)   Evacuate Collection Set: 8.2ms
[2024-10-29T11:08:14.785+0530][gc,phases   ] GC(13)   Post Evacuate Collection Set: 0.5ms
[2024-10-29T11:08:14.785+0530][gc,phases   ] GC(13)   Other: 0.3ms
[2024-10-29T11:08:14.785+0530][gc,heap     ] GC(13) Eden regions: 47->0(52)
[2024-10-29T11:08:14.785+0530][gc,heap     ] GC(13) Survivor regions: 4->4(7)
[2024-10-29T11:08:14.785+0530][gc,heap     ] GC(13) Old regions: 18->18
[2024-10-29T11:08:14.785+0530][gc,heap     ] GC(13) Archive regions: 2->2
[2024-10-29T11:08:14.785+0530][gc,heap     ] GC(13) Humongous regions: 129->129
[2024-10-29T11:08:14.785+0530][gc,metaspace] GC(13) Metaspace: 44386K(45056K)->44386K(45056K) NonClass: 39231K(39616K)->39231K(39616K) Class: 5154K(5440K)->5154K(5440K)
[2024-10-29T11:08:14.785+0530][gc          ] GC(13) Pause Young (Normal) (G1 Evacuation Pause) 198M->150M(1024M) 11.387ms
[2024-10-29T11:08:14.785+0530][gc,cpu      ] GC(13) User=0.02s Sys=0.01s Real=0.01s
[2024-10-29T11:11:35.001+0530][gc,start    ] GC(14) Pause Young (Normal) (G1 Evacuation Pause)
[2024-10-29T11:11:35.003+0530][gc,task     ] GC(14) Using 8 workers of 8 for evacuation
[2024-10-29T11:11:35.015+0530][gc,phases   ] GC(14)   Pre Evacuate Collection Set: 1.0ms
[2024-10-29T11:11:35.015+0530][gc,phases   ] GC(14)   Merge Heap Roots: 0.2ms
[2024-10-29T11:11:35.015+0530][gc,phases   ] GC(14)   Evacuate Collection Set: 9.9ms
[2024-10-29T11:11:35.015+0530][gc,phases   ] GC(14)   Post Evacuate Collection Set: 0.7ms
[2024-10-29T11:11:35.015+0530][gc,phases   ] GC(14)   Other: 0.3ms
[2024-10-29T11:11:35.015+0530][gc,heap     ] GC(14) Eden regions: 52->0(110)
[2024-10-29T11:11:35.015+0530][gc,heap     ] GC(14) Survivor regions: 4->4(7)
[2024-10-29T11:11:35.015+0530][gc,heap     ] GC(14) Old regions: 18->18
[2024-10-29T11:11:35.015+0530][gc,heap     ] GC(14) Archive regions: 2->2
[2024-10-29T11:11:35.015+0530][gc,heap     ] GC(14) Humongous regions: 129->129
[2024-10-29T11:11:35.015+0530][gc,metaspace] GC(14) Metaspace: 44406K(45056K)->44406K(45056K) NonClass: 39252K(39616K)->39252K(39616K) Class: 5154K(5440K)->5154K(5440K)
[2024-10-29T11:11:35.015+0530][gc          ] GC(14) Pause Young (Normal) (G1 Evacuation Pause) 202M->151M(1024M) 13.928ms
[2024-10-29T11:11:35.015+0530][gc,cpu      ] GC(14) User=0.03s Sys=0.02s Real=0.01s
[2024-10-29T11:25:26.924+0530][gc,start    ] GC(15) Pause Young (Normal) (G1 Evacuation Pause)
[2024-10-29T11:25:26.926+0530][gc,task     ] GC(15) Using 8 workers of 8 for evacuation
[2024-10-29T11:25:26.944+0530][gc,phases   ] GC(15)   Pre Evacuate Collection Set: 2.0ms
[2024-10-29T11:25:26.944+0530][gc,phases   ] GC(15)   Merge Heap Roots: 0.3ms
[2024-10-29T11:25:26.944+0530][gc,phases   ] GC(15)   Evacuate Collection Set: 15.1ms
[2024-10-29T11:25:26.944+0530][gc,phases   ] GC(15)   Post Evacuate Collection Set: 0.8ms
[2024-10-29T11:25:26.944+0530][gc,phases   ] GC(15)   Other: 0.4ms
[2024-10-29T11:25:26.945+0530][gc,heap     ] GC(15) Eden regions: 111->0(87)
[2024-10-29T11:25:26.945+0530][gc,heap     ] GC(15) Survivor regions: 4->5(15)
[2024-10-29T11:25:26.945+0530][gc,heap     ] GC(15) Old regions: 18->18
[2024-10-29T11:25:26.945+0530][gc,heap     ] GC(15) Archive regions: 2->2
[2024-10-29T11:25:26.945+0530][gc,heap     ] GC(15) Humongous regions: 129->129
[2024-10-29T11:25:26.945+0530][gc,metaspace] GC(15) Metaspace: 44515K(45184K)->44515K(45184K) NonClass: 39361K(39744K)->39361K(39744K) Class: 5154K(5440K)->5154K(5440K)
[2024-10-29T11:25:26.945+0530][gc          ] GC(15) Pause Young (Normal) (G1 Evacuation Pause) 262M->151M(1024M) 20.451ms
[2024-10-29T11:25:26.945+0530][gc,cpu      ] GC(15) User=0.03s Sys=0.03s Real=0.02s
[2024-10-29T11:35:43.482+0530][gc,start    ] GC(16) Pause Young (Normal) (G1 Evacuation Pause)
[2024-10-29T11:35:43.482+0530][gc,task     ] GC(16) Using 8 workers of 8 for evacuation
[2024-10-29T11:35:43.497+0530][gc,phases   ] GC(16)   Pre Evacuate Collection Set: 0.8ms
[2024-10-29T11:35:43.497+0530][gc,phases   ] GC(16)   Merge Heap Roots: 0.2ms
[2024-10-29T11:35:43.497+0530][gc,phases   ] GC(16)   Evacuate Collection Set: 13.4ms
[2024-10-29T11:35:43.497+0530][gc,phases   ] GC(16)   Post Evacuate Collection Set: 0.4ms
[2024-10-29T11:35:43.497+0530][gc,phases   ] GC(16)   Other: 0.2ms
[2024-10-29T11:35:43.497+0530][gc,heap     ] GC(16) Eden regions: 89->0(44)
[2024-10-29T11:35:43.497+0530][gc,heap     ] GC(16) Survivor regions: 5->7(12)
[2024-10-29T11:35:43.497+0530][gc,heap     ] GC(16) Old regions: 18->18
[2024-10-29T11:35:43.497+0530][gc,heap     ] GC(16) Archive regions: 2->2
[2024-10-29T11:35:43.497+0530][gc,heap     ] GC(16) Humongous regions: 129->129
[2024-10-29T11:35:43.497+0530][gc,metaspace] GC(16) Metaspace: 44646K(45312K)->44646K(45312K) NonClass: 39488K(39872K)->39488K(39872K) Class: 5157K(5440K)->5157K(5440K)
[2024-10-29T11:35:43.497+0530][gc          ] GC(16) Pause Young (Normal) (G1 Evacuation Pause) 240M->153M(1024M) 15.848ms
[2024-10-29T11:35:43.498+0530][gc,cpu      ] GC(16) User=0.02s Sys=0.03s Real=0.01s
[2024-10-29T11:41:23.688+0530][gc,start    ] GC(17) Pause Young (Normal) (G1 Evacuation Pause)
[2024-10-29T11:41:23.690+0530][gc,task     ] GC(17) Using 8 workers of 8 for evacuation
[2024-10-29T11:41:23.703+0530][gc,phases   ] GC(17)   Pre Evacuate Collection Set: 0.8ms
[2024-10-29T11:41:23.703+0530][gc,phases   ] GC(17)   Merge Heap Roots: 0.3ms
[2024-10-29T11:41:23.703+0530][gc,phases   ] GC(17)   Evacuate Collection Set: 10.9ms
[2024-10-29T11:41:23.703+0530][gc,phases   ] GC(17)   Post Evacuate Collection Set: 0.5ms
[2024-10-29T11:41:23.703+0530][gc,phases   ] GC(17)   Other: 0.3ms
[2024-10-29T11:41:23.703+0530][gc,heap     ] GC(17) Eden regions: 44->0(325)
[2024-10-29T11:41:23.703+0530][gc,heap     ] GC(17) Survivor regions: 7->3(7)
[2024-10-29T11:41:23.703+0530][gc,heap     ] GC(17) Old regions: 18->22
[2024-10-29T11:41:23.703+0530][gc,heap     ] GC(17) Archive regions: 2->2
[2024-10-29T11:41:23.703+0530][gc,heap     ] GC(17) Humongous regions: 129->129
[2024-10-29T11:41:23.703+0530][gc,metaspace] GC(17) Metaspace: 44664K(45312K)->44664K(45312K) NonClass: 39505K(39872K)->39505K(39872K) Class: 5158K(5440K)->5158K(5440K)
[2024-10-29T11:41:23.703+0530][gc          ] GC(17) Pause Young (Normal) (G1 Evacuation Pause) 197M->154M(1024M) 15.492ms
[2024-10-29T11:41:23.703+0530][gc,cpu      ] GC(17) User=0.04s Sys=0.01s Real=0.02s
[2024-10-29T12:32:04.124+0530][gc,start    ] GC(18) Pause Young (Normal) (G1 Evacuation Pause)
[2024-10-29T12:32:04.125+0530][gc,task     ] GC(18) Using 8 workers of 8 for evacuation
[2024-10-29T12:32:04.196+0530][gc,mmu      ] GC(18) MMU target violated: 21.0ms (20.0ms/21.0ms)
[2024-10-29T12:32:04.197+0530][gc,phases   ] GC(18)   Pre Evacuate Collection Set: 1.3ms
[2024-10-29T12:32:04.197+0530][gc,phases   ] GC(18)   Merge Heap Roots: 0.3ms
[2024-10-29T12:32:04.197+0530][gc,phases   ] GC(18)   Evacuate Collection Set: 68.9ms
[2024-10-29T12:32:04.197+0530][gc,phases   ] GC(18)   Post Evacuate Collection Set: 0.8ms
[2024-10-29T12:32:04.197+0530][gc,phases   ] GC(18)   Other: 0.5ms
[2024-10-29T12:32:04.197+0530][gc,heap     ] GC(18) Eden regions: 322->0(23)
[2024-10-29T12:32:04.197+0530][gc,heap     ] GC(18) Survivor regions: 3->28(41)
[2024-10-29T12:32:04.197+0530][gc,heap     ] GC(18) Old regions: 22->22
[2024-10-29T12:32:04.197+0530][gc,heap     ] GC(18) Archive regions: 2->2
[2024-10-29T12:32:04.197+0530][gc,heap     ] GC(18) Humongous regions: 129->129
[2024-10-29T12:32:04.197+0530][gc,metaspace] GC(18) Metaspace: 44715K(45376K)->44715K(45376K) NonClass: 39557K(39936K)->39557K(39936K) Class: 5158K(5440K)->5158K(5440K)
[2024-10-29T12:32:04.197+0530][gc          ] GC(18) Pause Young (Normal) (G1 Evacuation Pause) 476M->179M(1024M) 72.650ms
[2024-10-29T12:32:04.197+0530][gc,cpu      ] GC(18) User=0.09s Sys=0.21s Real=0.07s
[2024-10-29T12:33:57.627+0530][gc,start    ] GC(19) Pause Young (Normal) (G1 Evacuation Pause)
[2024-10-29T12:33:57.629+0530][gc,task     ] GC(19) Using 8 workers of 8 for evacuation
[2024-10-29T12:33:57.671+0530][gc,mmu      ] GC(19) MMU target violated: 21.0ms (20.0ms/21.0ms)
[2024-10-29T12:33:57.671+0530][gc,phases   ] GC(19)   Pre Evacuate Collection Set: 1.6ms
[2024-10-29T12:33:57.671+0530][gc,phases   ] GC(19)   Merge Heap Roots: 0.3ms
[2024-10-29T12:33:57.671+0530][gc,phases   ] GC(19)   Evacuate Collection Set: 38.8ms
[2024-10-29T12:33:57.671+0530][gc,phases   ] GC(19)   Post Evacuate Collection Set: 1.0ms
[2024-10-29T12:33:57.671+0530][gc,phases   ] GC(19)   Other: 0.4ms
[2024-10-29T12:33:57.671+0530][gc,heap     ] GC(19) Eden regions: 23->0(45)
[2024-10-29T12:33:57.671+0530][gc,heap     ] GC(19) Survivor regions: 28->6(7)
[2024-10-29T12:33:57.671+0530][gc,heap     ] GC(19) Old regions: 22->48
[2024-10-29T12:33:57.671+0530][gc,heap     ] GC(19) Archive regions: 2->2
[2024-10-29T12:33:57.671+0530][gc,heap     ] GC(19) Humongous regions: 129->129
[2024-10-29T12:33:57.671+0530][gc,metaspace] GC(19) Metaspace: 44716K(45376K)->44716K(45376K) NonClass: 39557K(39936K)->39557K(39936K) Class: 5158K(5440K)->5158K(5440K)
[2024-10-29T12:33:57.671+0530][gc          ] GC(19) Pause Young (Normal) (G1 Evacuation Pause) 202M->183M(1024M) 43.442ms
[2024-10-29T12:33:57.671+0530][gc,cpu      ] GC(19) User=0.10s Sys=0.07s Real=0.05s
[2024-10-29T12:38:08.720+0530][gc,start    ] GC(20) Pause Young (Normal) (G1 Evacuation Pause)
[2024-10-29T12:38:08.722+0530][gc,task     ] GC(20) Using 8 workers of 8 for evacuation
[2024-10-29T12:38:08.736+0530][gc,phases   ] GC(20)   Pre Evacuate Collection Set: 1.1ms
[2024-10-29T12:38:08.737+0530][gc,phases   ] GC(20)   Merge Heap Roots: 0.4ms
[2024-10-29T12:38:08.737+0530][gc,phases   ] GC(20)   Evacuate Collection Set: 12.1ms
[2024-10-29T12:38:08.737+0530][gc,phases   ] GC(20)   Post Evacuate Collection Set: 0.5ms
[2024-10-29T12:38:08.737+0530][gc,phases   ] GC(20)   Other: 0.3ms
[2024-10-29T12:38:08.737+0530][gc,heap     ] GC(20) Eden regions: 45->0(55)
[2024-10-29T12:38:08.737+0530][gc,heap     ] GC(20) Survivor regions: 6->3(7)
[2024-10-29T12:38:08.737+0530][gc,heap     ] GC(20) Old regions: 48->53
[2024-10-29T12:38:08.737+0530][gc,heap     ] GC(20) Archive regions: 2->2
[2024-10-29T12:38:08.737+0530][gc,heap     ] GC(20) Humongous regions: 129->129
[2024-10-29T12:38:08.737+0530][gc,metaspace] GC(20) Metaspace: 44721K(45376K)->44721K(45376K) NonClass: 39562K(39936K)->39562K(39936K) Class: 5158K(5440K)->5158K(5440K)
[2024-10-29T12:38:08.737+0530][gc          ] GC(20) Pause Young (Normal) (G1 Evacuation Pause) 228M->185M(1024M) 17.807ms
[2024-10-29T12:38:08.737+0530][gc,cpu      ] GC(20) User=0.03s Sys=0.02s Real=0.02s
[2024-10-29T12:48:04.557+0530][gc,start    ] GC(21) Pause Young (Normal) (G1 Evacuation Pause)
[2024-10-29T12:48:04.559+0530][gc,task     ] GC(21) Using 8 workers of 8 for evacuation
[2024-10-29T12:48:04.580+0530][gc,mmu      ] GC(21) MMU target violated: 21.0ms (20.0ms/21.0ms)
[2024-10-29T12:48:04.581+0530][gc,phases   ] GC(21)   Pre Evacuate Collection Set: 0.7ms
[2024-10-29T12:48:04.581+0530][gc,phases   ] GC(21)   Merge Heap Roots: 0.1ms
[2024-10-29T12:48:04.581+0530][gc,phases   ] GC(21)   Evacuate Collection Set: 19.8ms
[2024-10-29T12:48:04.581+0530][gc,phases   ] GC(21)   Post Evacuate Collection Set: 0.7ms
[2024-10-29T12:48:04.581+0530][gc,phases   ] GC(21)   Other: 0.4ms
[2024-10-29T12:48:04.581+0530][gc,heap     ] GC(21) Eden regions: 61->0(43)
[2024-10-29T12:48:04.581+0530][gc,heap     ] GC(21) Survivor regions: 3->8(8)
[2024-10-29T12:48:04.581+0530][gc,heap     ] GC(21) Old regions: 53->53
[2024-10-29T12:48:04.581+0530][gc,heap     ] GC(21) Archive regions: 2->2
[2024-10-29T12:48:04.581+0530][gc,heap     ] GC(21) Humongous regions: 129->129
[2024-10-29T12:48:04.581+0530][gc,metaspace] GC(21) Metaspace: 44740K(45376K)->44740K(45376K) NonClass: 39581K(39936K)->39581K(39936K) Class: 5158K(5440K)->5158K(5440K)
[2024-10-29T12:48:04.581+0530][gc          ] GC(21) Pause Young (Normal) (G1 Evacuation Pause) 246M->190M(1024M) 24.228ms
[2024-10-29T12:48:04.581+0530][gc,cpu      ] GC(21) User=0.05s Sys=0.02s Real=0.03s
[2024-10-29T12:56:52.630+0530][gc,start    ] GC(22) Pause Young (Normal) (G1 Evacuation Pause)
[2024-10-29T12:56:52.632+0530][gc,task     ] GC(22) Using 8 workers of 8 for evacuation
[2024-10-29T12:56:52.650+0530][gc,phases   ] GC(22)   Pre Evacuate Collection Set: 1.0ms
[2024-10-29T12:56:52.651+0530][gc,phases   ] GC(22)   Merge Heap Roots: 0.2ms
[2024-10-29T12:56:52.651+0530][gc,phases   ] GC(22)   Evacuate Collection Set: 16.0ms
[2024-10-29T12:56:52.651+0530][gc,phases   ] GC(22)   Post Evacuate Collection Set: 0.8ms
[2024-10-29T12:56:52.651+0530][gc,phases   ] GC(22)   Other: 0.2ms
[2024-10-29T12:56:52.651+0530][gc,heap     ] GC(22) Eden regions: 43->0(48)
[2024-10-29T12:56:52.651+0530][gc,heap     ] GC(22) Survivor regions: 8->4(7)
[2024-10-29T12:56:52.651+0530][gc,heap     ] GC(22) Old regions: 53->60
[2024-10-29T12:56:52.651+0530][gc,heap     ] GC(22) Archive regions: 2->2
[2024-10-29T12:56:52.651+0530][gc,heap     ] GC(22) Humongous regions: 129->129
[2024-10-29T12:56:52.651+0530][gc,metaspace] GC(22) Metaspace: 44740K(45376K)->44740K(45376K) NonClass: 39582K(39936K)->39582K(39936K) Class: 5158K(5440K)->5158K(5440K)
[2024-10-29T12:56:52.651+0530][gc          ] GC(22) Pause Young (Normal) (G1 Evacuation Pause) 233M->193M(1024M) 21.174ms
[2024-10-29T12:56:52.651+0530][gc,cpu      ] GC(22) User=0.04s Sys=0.02s Real=0.02s
[2024-10-29T13:05:26.882+0530][gc,start    ] GC(23) Pause Young (Normal) (G1 Evacuation Pause)
[2024-10-29T13:05:26.883+0530][gc,task     ] GC(23) Using 8 workers of 8 for evacuation
[2024-10-29T13:05:26.897+0530][gc,phases   ] GC(23)   Pre Evacuate Collection Set: 0.5ms
[2024-10-29T13:05:26.897+0530][gc,phases   ] GC(23)   Merge Heap Roots: 0.1ms
[2024-10-29T13:05:26.897+0530][gc,phases   ] GC(23)   Evacuate Collection Set: 12.2ms
[2024-10-29T13:05:26.897+0530][gc,phases   ] GC(23)   Post Evacuate Collection Set: 0.4ms
[2024-10-29T13:05:26.897+0530][gc,phases   ] GC(23)   Other: 0.2ms
[2024-10-29T13:05:26.897+0530][gc,heap     ] GC(23) Eden regions: 47->0(44)
[2024-10-29T13:05:26.897+0530][gc,heap     ] GC(23) Survivor regions: 4->7(7)
[2024-10-29T13:05:26.897+0530][gc,heap     ] GC(23) Old regions: 60->60
[2024-10-29T13:05:26.897+0530][gc,heap     ] GC(23) Archive regions: 2->2
[2024-10-29T13:05:26.897+0530][gc,heap     ] GC(23) Humongous regions: 129->129
[2024-10-29T13:05:26.897+0530][gc,metaspace] GC(23) Metaspace: 44742K(45376K)->44742K(45376K) NonClass: 39583K(39936K)->39583K(39936K) Class: 5158K(5440K)->5158K(5440K)
[2024-10-29T13:05:26.897+0530][gc          ] GC(23) Pause Young (Normal) (G1 Evacuation Pause) 240M->196M(1024M) 14.883ms
[2024-10-29T13:05:26.897+0530][gc,cpu      ] GC(23) User=0.03s Sys=0.01s Real=0.01s
[2024-10-29T13:16:33.782+0530][gc,start    ] GC(24) Pause Young (Normal) (G1 Evacuation Pause)
[2024-10-29T13:16:33.783+0530][gc,task     ] GC(24) Using 8 workers of 8 for evacuation
[2024-10-29T13:16:33.804+0530][gc,mmu      ] GC(24) MMU target violated: 20.6ms (20.0ms/21.0ms)
[2024-10-29T13:16:33.804+0530][gc,phases   ] GC(24)   Pre Evacuate Collection Set: 1.5ms
[2024-10-29T13:16:33.804+0530][gc,phases   ] GC(24)   Merge Heap Roots: 0.2ms
[2024-10-29T13:16:33.804+0530][gc,phases   ] GC(24)   Evacuate Collection Set: 18.4ms
[2024-10-29T13:16:33.804+0530][gc,phases   ] GC(24)   Post Evacuate Collection Set: 0.4ms
[2024-10-29T13:16:33.804+0530][gc,phases   ] GC(24)   Other: 0.2ms
[2024-10-29T13:16:33.804+0530][gc,heap     ] GC(24) Eden regions: 44->0(44)
[2024-10-29T13:16:33.804+0530][gc,heap     ] GC(24) Survivor regions: 7->7(7)
[2024-10-29T13:16:33.804+0530][gc,heap     ] GC(24) Old regions: 60->64
[2024-10-29T13:16:33.804+0530][gc,heap     ] GC(24) Archive regions: 2->2
[2024-10-29T13:16:33.804+0530][gc,heap     ] GC(24) Humongous regions: 129->129
[2024-10-29T13:16:33.804+0530][gc,metaspace] GC(24) Metaspace: 44743K(45376K)->44743K(45376K) NonClass: 39585K(39936K)->39585K(39936K) Class: 5158K(5440K)->5158K(5440K)
[2024-10-29T13:16:33.804+0530][gc          ] GC(24) Pause Young (Normal) (G1 Evacuation Pause) 240M->200M(1024M) 21.929ms
[2024-10-29T13:16:33.804+0530][gc,cpu      ] GC(24) User=0.04s Sys=0.02s Real=0.02s
[2024-10-29T13:26:12.964+0530][gc,start    ] GC(25) Pause Young (Normal) (G1 Evacuation Pause)
[2024-10-29T13:26:12.966+0530][gc,task     ] GC(25) Using 8 workers of 8 for evacuation
[2024-10-29T13:26:12.985+0530][gc,phases   ] GC(25)   Pre Evacuate Collection Set: 0.9ms
[2024-10-29T13:26:12.985+0530][gc,phases   ] GC(25)   Merge Heap Roots: 0.4ms
[2024-10-29T13:26:12.985+0530][gc,phases   ] GC(25)   Evacuate Collection Set: 17.0ms
[2024-10-29T13:26:12.985+0530][gc,phases   ] GC(25)   Post Evacuate Collection Set: 0.6ms
[2024-10-29T13:26:12.985+0530][gc,phases   ] GC(25)   Other: 0.2ms
[2024-10-29T13:26:12.985+0530][gc,heap     ] GC(25) Eden regions: 44->0(44)
[2024-10-29T13:26:12.985+0530][gc,heap     ] GC(25) Survivor regions: 7->7(7)
[2024-10-29T13:26:12.985+0530][gc,heap     ] GC(25) Old regions: 64->67
[2024-10-29T13:26:12.985+0530][gc,heap     ] GC(25) Archive regions: 2->2
[2024-10-29T13:26:12.985+0530][gc,heap     ] GC(25) Humongous regions: 129->129
[2024-10-29T13:26:12.985+0530][gc,metaspace] GC(25) Metaspace: 44769K(45440K)->44769K(45440K) NonClass: 39606K(40000K)->39606K(40000K) Class: 5163K(5440K)->5163K(5440K)
[2024-10-29T13:26:12.985+0530][gc          ] GC(25) Pause Young (Normal) (G1 Evacuation Pause) 244M->203M(1024M) 20.762ms
[2024-10-29T13:26:12.985+0530][gc,cpu      ] GC(25) User=0.05s Sys=0.02s Real=0.02s
[2024-10-29T13:30:56.086+0530][gc,heap,exit] Heap
[2024-10-29T13:30:56.087+0530][gc,heap,exit]  garbage-first heap   total 1048576K, used 249751K [0x00000007c0000000, 0x0000000800000000)
[2024-10-29T13:30:56.087+0530][gc,heap,exit]   region size 1024K, 48 young (49152K), 7 survivors (7168K)
[2024-10-29T13:30:56.087+0530][gc,heap,exit]  Metaspace       used 45670K, committed 46336K, reserved 1114112K
[2024-10-29T13:30:56.087+0530][gc,heap,exit]   class space    used 5349K, committed 5632K, reserved 1048576K
