[2024-10-30T07:36:59.416+0530][gc,init] CardTable entry size: 512
[2024-10-30T07:36:59.416+0530][gc     ] Using G1
[2024-10-30T07:36:59.417+0530][gc,init] Version: 20.0.1+9-29 (release)
[2024-10-30T07:36:59.417+0530][gc,init] CPUs: 8 total, 8 available
[2024-10-30T07:36:59.417+0530][gc,init] Memory: 8192M
[2024-10-30T07:36:59.417+0530][gc,init] Large Page Support: Disabled
[2024-10-30T07:36:59.417+0530][gc,init] NUMA Support: Disabled
[2024-10-30T07:36:59.417+0530][gc,init] Compressed Oops: Enabled (Zero based)
[2024-10-30T07:36:59.417+0530][gc,init] Heap Region Size: 1M
[2024-10-30T07:36:59.417+0530][gc,init] Heap Min Capacity: 1G
[2024-10-30T07:36:59.417+0530][gc,init] Heap Initial Capacity: 1G
[2024-10-30T07:36:59.417+0530][gc,init] Heap Max Capacity: 1G
[2024-10-30T07:36:59.417+0530][gc,init] Pre-touch: Disabled
[2024-10-30T07:36:59.417+0530][gc,init] Parallel Workers: 8
[2024-10-30T07:36:59.417+0530][gc,init] Concurrent Workers: 2
[2024-10-30T07:36:59.417+0530][gc,init] Concurrent Refinement Workers: 8
[2024-10-30T07:36:59.417+0530][gc,init] Periodic GC: Disabled
[2024-10-30T07:36:59.417+0530][gc,metaspace] CDS archive(s) mapped at: [0x0000000800000000-0x0000000800c6c000-0x0000000800c6c000), size 13025280, SharedBaseAddress: 0x0000000800000000, ArchiveRelocationMode: 0.
[2024-10-30T07:36:59.417+0530][gc,metaspace] Compressed class space mapped at: 0x0000000801000000-0x0000000841000000, reserved size: 1073741824
[2024-10-30T07:36:59.417+0530][gc,metaspace] Narrow klass base: 0x0000000800000000, Narrow klass shift: 0, Narrow klass range: 0x100000000
[2024-10-30T07:37:00.160+0530][gc,start    ] GC(0) Pause Young (Normal) (G1 Evacuation Pause)
[2024-10-30T07:37:00.161+0530][gc,task     ] GC(0) Using 8 workers of 8 for evacuation
[2024-10-30T07:37:00.163+0530][gc,phases   ] GC(0)   Pre Evacuate Collection Set: 0.1ms
[2024-10-30T07:37:00.163+0530][gc,phases   ] GC(0)   Merge Heap Roots: 0.0ms
[2024-10-30T07:37:00.163+0530][gc,phases   ] GC(0)   Evacuate Collection Set: 2.1ms
[2024-10-30T07:37:00.163+0530][gc,phases   ] GC(0)   Post Evacuate Collection Set: 0.2ms
[2024-10-30T07:37:00.163+0530][gc,phases   ] GC(0)   Other: 0.2ms
[2024-10-30T07:37:00.163+0530][gc,heap     ] GC(0) Eden regions: 51->0(44)
[2024-10-30T07:37:00.163+0530][gc,heap     ] GC(0) Survivor regions: 0->7(7)
[2024-10-30T07:37:00.163+0530][gc,heap     ] GC(0) Old regions: 0->1
[2024-10-30T07:37:00.163+0530][gc,heap     ] GC(0) Archive regions: 2->2
[2024-10-30T07:37:00.163+0530][gc,heap     ] GC(0) Humongous regions: 0->0
[2024-10-30T07:37:00.163+0530][gc,metaspace] GC(0) Metaspace: 17579K(17728K)->17579K(17728K) NonClass: 15522K(15616K)->15522K(15616K) Class: 2056K(2112K)->2056K(2112K)
[2024-10-30T07:37:00.163+0530][gc          ] GC(0) Pause Young (Normal) (G1 Evacuation Pause) 51M->8M(1024M) 2.882ms
[2024-10-30T07:37:00.163+0530][gc,cpu      ] GC(0) User=0.01s Sys=0.01s Real=0.00s
[2024-10-30T07:37:00.253+0530][gc,start    ] GC(1) Pause Young (Concurrent Start) (Metadata GC Threshold)
[2024-10-30T07:37:00.253+0530][gc,task     ] GC(1) Using 8 workers of 8 for evacuation
[2024-10-30T07:37:00.255+0530][gc,phases   ] GC(1)   Pre Evacuate Collection Set: 0.1ms
[2024-10-30T07:37:00.255+0530][gc,phases   ] GC(1)   Merge Heap Roots: 0.0ms
[2024-10-30T07:37:00.255+0530][gc,phases   ] GC(1)   Evacuate Collection Set: 1.6ms
[2024-10-30T07:37:00.255+0530][gc,phases   ] GC(1)   Post Evacuate Collection Set: 0.2ms
[2024-10-30T07:37:00.255+0530][gc,phases   ] GC(1)   Other: 0.0ms
[2024-10-30T07:37:00.255+0530][gc,heap     ] GC(1) Eden regions: 15->0(49)
[2024-10-30T07:37:00.255+0530][gc,heap     ] GC(1) Survivor regions: 7->2(7)
[2024-10-30T07:37:00.255+0530][gc,heap     ] GC(1) Old regions: 1->8
[2024-10-30T07:37:00.255+0530][gc,heap     ] GC(1) Archive regions: 2->2
[2024-10-30T07:37:00.255+0530][gc,heap     ] GC(1) Humongous regions: 0->0
[2024-10-30T07:37:00.255+0530][gc,metaspace] GC(1) Metaspace: 21276K(21504K)->21276K(21504K) NonClass: 18766K(18880K)->18766K(18880K) Class: 2509K(2624K)->2509K(2624K)
[2024-10-30T07:37:00.255+0530][gc          ] GC(1) Pause Young (Concurrent Start) (Metadata GC Threshold) 23M->9M(1024M) 2.050ms
[2024-10-30T07:37:00.255+0530][gc          ] GC(2) Concurrent Mark Cycle
[2024-10-30T07:37:00.255+0530][gc,cpu      ] GC(1) User=0.01s Sys=0.01s Real=0.00s
[2024-10-30T07:37:00.255+0530][gc,marking  ] GC(2) Concurrent Scan Root Regions
[2024-10-30T07:37:00.256+0530][gc,marking  ] GC(2) Concurrent Scan Root Regions 1.129ms
[2024-10-30T07:37:00.256+0530][gc,marking  ] GC(2) Concurrent Mark
[2024-10-30T07:37:00.256+0530][gc,marking  ] GC(2) Concurrent Mark From Roots
[2024-10-30T07:37:00.256+0530][gc,task     ] GC(2) Using 2 workers of 2 for marking
[2024-10-30T07:37:00.257+0530][gc,marking  ] GC(2) Concurrent Mark From Roots 0.522ms
[2024-10-30T07:37:00.257+0530][gc,marking  ] GC(2) Concurrent Preclean
[2024-10-30T07:37:00.257+0530][gc,marking  ] GC(2) Concurrent Preclean 0.004ms
[2024-10-30T07:37:00.257+0530][gc,start    ] GC(2) Pause Remark
[2024-10-30T07:37:00.258+0530][gc          ] GC(2) Pause Remark 10M->10M(1024M) 0.675ms
[2024-10-30T07:37:00.258+0530][gc,cpu      ] GC(2) User=0.00s Sys=0.00s Real=0.00s
[2024-10-30T07:37:00.258+0530][gc,marking  ] GC(2) Concurrent Mark 1.282ms
[2024-10-30T07:37:00.258+0530][gc,marking  ] GC(2) Concurrent Rebuild Remembered Sets and Scrub Regions
[2024-10-30T07:37:00.258+0530][gc,marking  ] GC(2) Concurrent Rebuild Remembered Sets and Scrub Regions 0.387ms
[2024-10-30T07:37:00.258+0530][gc,start    ] GC(2) Pause Cleanup
[2024-10-30T07:37:00.258+0530][gc          ] GC(2) Pause Cleanup 10M->10M(1024M) 0.008ms
[2024-10-30T07:37:00.258+0530][gc,cpu      ] GC(2) User=0.00s Sys=0.00s Real=0.00s
[2024-10-30T07:37:00.258+0530][gc,marking  ] GC(2) Concurrent Clear Claimed Marks
[2024-10-30T07:37:00.258+0530][gc,marking  ] GC(2) Concurrent Clear Claimed Marks 0.007ms
[2024-10-30T07:37:00.258+0530][gc,marking  ] GC(2) Concurrent Cleanup for Next Mark
[2024-10-30T07:37:00.259+0530][gc,marking  ] GC(2) Concurrent Cleanup for Next Mark 1.010ms
[2024-10-30T07:37:00.259+0530][gc          ] GC(2) Concurrent Mark Cycle 3.919ms
[2024-10-30T07:37:00.703+0530][gc,start    ] GC(3) Pause Young (Normal) (G1 Evacuation Pause)
[2024-10-30T07:37:00.703+0530][gc,task     ] GC(3) Using 8 workers of 8 for evacuation
[2024-10-30T07:37:00.705+0530][gc,phases   ] GC(3)   Pre Evacuate Collection Set: 0.1ms
[2024-10-30T07:37:00.705+0530][gc,phases   ] GC(3)   Merge Heap Roots: 0.0ms
[2024-10-30T07:37:00.705+0530][gc,phases   ] GC(3)   Evacuate Collection Set: 1.4ms
[2024-10-30T07:37:00.705+0530][gc,phases   ] GC(3)   Post Evacuate Collection Set: 0.2ms
[2024-10-30T07:37:00.705+0530][gc,phases   ] GC(3)   Other: 0.0ms
[2024-10-30T07:37:00.705+0530][gc,heap     ] GC(3) Eden regions: 49->0(45)
[2024-10-30T07:37:00.705+0530][gc,heap     ] GC(3) Survivor regions: 2->6(7)
[2024-10-30T07:37:00.705+0530][gc,heap     ] GC(3) Old regions: 8->8
[2024-10-30T07:37:00.705+0530][gc,heap     ] GC(3) Archive regions: 2->2
[2024-10-30T07:37:00.705+0530][gc,heap     ] GC(3) Humongous regions: 129->129
[2024-10-30T07:37:00.705+0530][gc,metaspace] GC(3) Metaspace: 30833K(31104K)->30833K(31104K) NonClass: 27404K(27584K)->27404K(27584K) Class: 3428K(3520K)->3428K(3520K)
[2024-10-30T07:37:00.705+0530][gc          ] GC(3) Pause Young (Normal) (G1 Evacuation Pause) 187M->143M(1024M) 1.813ms
[2024-10-30T07:37:00.705+0530][gc,cpu      ] GC(3) User=0.01s Sys=0.00s Real=0.00s
[2024-10-30T07:37:00.794+0530][gc,start    ] GC(4) Pause Young (Concurrent Start) (Metadata GC Threshold)
[2024-10-30T07:37:00.794+0530][gc,task     ] GC(4) Using 8 workers of 8 for evacuation
[2024-10-30T07:37:00.796+0530][gc,phases   ] GC(4)   Pre Evacuate Collection Set: 0.1ms
[2024-10-30T07:37:00.796+0530][gc,phases   ] GC(4)   Merge Heap Roots: 0.0ms
[2024-10-30T07:37:00.796+0530][gc,phases   ] GC(4)   Evacuate Collection Set: 1.9ms
[2024-10-30T07:37:00.796+0530][gc,phases   ] GC(4)   Post Evacuate Collection Set: 0.1ms
[2024-10-30T07:37:00.797+0530][gc,phases   ] GC(4)   Other: 0.0ms
[2024-10-30T07:37:00.797+0530][gc,heap     ] GC(4) Eden regions: 20->0(49)
[2024-10-30T07:37:00.797+0530][gc,heap     ] GC(4) Survivor regions: 6->2(7)
[2024-10-30T07:37:00.797+0530][gc,heap     ] GC(4) Old regions: 8->13
[2024-10-30T07:37:00.797+0530][gc,heap     ] GC(4) Archive regions: 2->2
[2024-10-30T07:37:00.797+0530][gc,heap     ] GC(4) Humongous regions: 129->129
[2024-10-30T07:37:00.797+0530][gc,metaspace] GC(4) Metaspace: 35685K(35968K)->35685K(35968K) NonClass: 31783K(31936K)->31783K(31936K) Class: 3901K(4032K)->3901K(4032K)
[2024-10-30T07:37:00.797+0530][gc          ] GC(4) Pause Young (Concurrent Start) (Metadata GC Threshold) 162M->144M(1024M) 2.329ms
[2024-10-30T07:37:00.797+0530][gc          ] GC(5) Concurrent Mark Cycle
[2024-10-30T07:37:00.797+0530][gc,cpu      ] GC(4) User=0.01s Sys=0.00s Real=0.00s
[2024-10-30T07:37:00.797+0530][gc,marking  ] GC(5) Concurrent Scan Root Regions
[2024-10-30T07:37:00.798+0530][gc,marking  ] GC(5) Concurrent Scan Root Regions 1.550ms
[2024-10-30T07:37:00.798+0530][gc,marking  ] GC(5) Concurrent Mark
[2024-10-30T07:37:00.798+0530][gc,marking  ] GC(5) Concurrent Mark From Roots
[2024-10-30T07:37:00.798+0530][gc,task     ] GC(5) Using 2 workers of 2 for marking
[2024-10-30T07:37:00.801+0530][gc,marking  ] GC(5) Concurrent Mark From Roots 3.077ms
[2024-10-30T07:37:00.801+0530][gc,marking  ] GC(5) Concurrent Preclean
[2024-10-30T07:37:00.801+0530][gc,marking  ] GC(5) Concurrent Preclean 0.027ms
[2024-10-30T07:37:00.802+0530][gc,start    ] GC(5) Pause Remark
[2024-10-30T07:37:00.802+0530][gc          ] GC(5) Pause Remark 146M->146M(1024M) 0.805ms
[2024-10-30T07:37:00.802+0530][gc,cpu      ] GC(5) User=0.00s Sys=0.00s Real=0.00s
[2024-10-30T07:37:00.802+0530][gc,marking  ] GC(5) Concurrent Mark 4.252ms
[2024-10-30T07:37:00.802+0530][gc,marking  ] GC(5) Concurrent Rebuild Remembered Sets and Scrub Regions
[2024-10-30T07:37:00.804+0530][gc,marking  ] GC(5) Concurrent Rebuild Remembered Sets and Scrub Regions 2.091ms
[2024-10-30T07:37:00.805+0530][gc,start    ] GC(5) Pause Cleanup
[2024-10-30T07:37:00.805+0530][gc          ] GC(5) Pause Cleanup 147M->147M(1024M) 0.075ms
[2024-10-30T07:37:00.805+0530][gc,cpu      ] GC(5) User=0.00s Sys=0.00s Real=0.00s
[2024-10-30T07:37:00.805+0530][gc,marking  ] GC(5) Concurrent Clear Claimed Marks
[2024-10-30T07:37:00.805+0530][gc,marking  ] GC(5) Concurrent Clear Claimed Marks 0.007ms
[2024-10-30T07:37:00.805+0530][gc,marking  ] GC(5) Concurrent Cleanup for Next Mark
[2024-10-30T07:37:00.806+0530][gc,marking  ] GC(5) Concurrent Cleanup for Next Mark 1.149ms
[2024-10-30T07:37:00.806+0530][gc          ] GC(5) Concurrent Mark Cycle 9.267ms
[2024-10-30T07:39:10.208+0530][gc,start    ] GC(6) Pause Young (Prepare Mixed) (G1 Evacuation Pause)
[2024-10-30T07:39:10.208+0530][gc,task     ] GC(6) Using 8 workers of 8 for evacuation
[2024-10-30T07:39:10.218+0530][gc,phases   ] GC(6)   Pre Evacuate Collection Set: 0.4ms
[2024-10-30T07:39:10.218+0530][gc,phases   ] GC(6)   Merge Heap Roots: 0.1ms
[2024-10-30T07:39:10.218+0530][gc,phases   ] GC(6)   Evacuate Collection Set: 8.2ms
[2024-10-30T07:39:10.218+0530][gc,phases   ] GC(6)   Post Evacuate Collection Set: 0.9ms
[2024-10-30T07:39:10.218+0530][gc,phases   ] GC(6)   Other: 0.1ms
[2024-10-30T07:39:10.218+0530][gc,heap     ] GC(6) Eden regions: 49->0(46)
[2024-10-30T07:39:10.218+0530][gc,heap     ] GC(6) Survivor regions: 2->5(7)
[2024-10-30T07:39:10.218+0530][gc,heap     ] GC(6) Old regions: 13->13
[2024-10-30T07:39:10.218+0530][gc,heap     ] GC(6) Archive regions: 2->2
[2024-10-30T07:39:10.218+0530][gc,heap     ] GC(6) Humongous regions: 327->129
[2024-10-30T07:39:10.218+0530][gc,metaspace] GC(6) Metaspace: 42202K(42880K)->42202K(42880K) NonClass: 37237K(37632K)->37237K(37632K) Class: 4965K(5248K)->4965K(5248K)
[2024-10-30T07:39:10.218+0530][gc          ] GC(6) Pause Young (Prepare Mixed) (G1 Evacuation Pause) 391M->147M(1024M) 10.050ms
[2024-10-30T07:39:10.218+0530][gc,cpu      ] GC(6) User=0.01s Sys=0.03s Real=0.01s
[2024-10-30T07:45:13.456+0530][gc,start    ] GC(7) Pause Young (Mixed) (G1 Evacuation Pause)
[2024-10-30T07:45:13.456+0530][gc,task     ] GC(7) Using 8 workers of 8 for evacuation
[2024-10-30T07:45:13.476+0530][gc,phases   ] GC(7)   Pre Evacuate Collection Set: 0.8ms
[2024-10-30T07:45:13.477+0530][gc,phases   ] GC(7)   Merge Heap Roots: 0.2ms
[2024-10-30T07:45:13.477+0530][gc,phases   ] GC(7)   Evacuate Collection Set: 17.8ms
[2024-10-30T07:45:13.477+0530][gc,phases   ] GC(7)   Post Evacuate Collection Set: 0.9ms
[2024-10-30T07:45:13.477+0530][gc,phases   ] GC(7)   Other: 0.3ms
[2024-10-30T07:45:13.477+0530][gc,heap     ] GC(7) Eden regions: 46->0(46)
[2024-10-30T07:45:13.477+0530][gc,heap     ] GC(7) Survivor regions: 5->5(7)
[2024-10-30T07:45:13.477+0530][gc,heap     ] GC(7) Old regions: 13->15
[2024-10-30T07:45:13.477+0530][gc,heap     ] GC(7) Archive regions: 2->2
[2024-10-30T07:45:13.477+0530][gc,heap     ] GC(7) Humongous regions: 129->129
[2024-10-30T07:45:13.477+0530][gc,metaspace] GC(7) Metaspace: 43009K(43648K)->43009K(43648K) NonClass: 38029K(38400K)->38029K(38400K) Class: 4980K(5248K)->4980K(5248K)
[2024-10-30T07:45:13.477+0530][gc          ] GC(7) Pause Young (Mixed) (G1 Evacuation Pause) 193M->149M(1024M) 21.087ms
[2024-10-30T07:45:13.477+0530][gc,cpu      ] GC(7) User=0.04s Sys=0.03s Real=0.02s
[2024-10-30T07:52:36.038+0530][gc,start    ] GC(8) Pause Young (Normal) (G1 Evacuation Pause)
[2024-10-30T07:52:36.039+0530][gc,task     ] GC(8) Using 8 workers of 8 for evacuation
[2024-10-30T07:52:36.056+0530][gc,phases   ] GC(8)   Pre Evacuate Collection Set: 1.3ms
[2024-10-30T07:52:36.056+0530][gc,phases   ] GC(8)   Merge Heap Roots: 0.1ms
[2024-10-30T07:52:36.056+0530][gc,phases   ] GC(8)   Evacuate Collection Set: 13.6ms
[2024-10-30T07:52:36.056+0530][gc,phases   ] GC(8)   Post Evacuate Collection Set: 0.9ms
[2024-10-30T07:52:36.056+0530][gc,phases   ] GC(8)   Other: 0.3ms
[2024-10-30T07:52:36.056+0530][gc,heap     ] GC(8) Eden regions: 46->0(48)
[2024-10-30T07:52:36.056+0530][gc,heap     ] GC(8) Survivor regions: 5->3(7)
[2024-10-30T07:52:36.056+0530][gc,heap     ] GC(8) Old regions: 15->18
[2024-10-30T07:52:36.056+0530][gc,heap     ] GC(8) Archive regions: 2->2
[2024-10-30T07:52:36.056+0530][gc,heap     ] GC(8) Humongous regions: 129->129
[2024-10-30T07:52:36.056+0530][gc,metaspace] GC(8) Metaspace: 43408K(44096K)->43408K(44096K) NonClass: 38404K(38784K)->38404K(38784K) Class: 5004K(5312K)->5004K(5312K)
[2024-10-30T07:52:36.056+0530][gc          ] GC(8) Pause Young (Normal) (G1 Evacuation Pause) 195M->149M(1024M) 18.041ms
[2024-10-30T07:52:36.056+0530][gc,cpu      ] GC(8) User=0.03s Sys=0.01s Real=0.02s
[2024-10-30T07:56:37.429+0530][gc,start    ] GC(9) Pause Young (Normal) (G1 Evacuation Pause)
[2024-10-30T07:56:37.430+0530][gc,task     ] GC(9) Using 8 workers of 8 for evacuation
[2024-10-30T07:56:37.434+0530][gc,phases   ] GC(9)   Pre Evacuate Collection Set: 0.3ms
[2024-10-30T07:56:37.434+0530][gc,phases   ] GC(9)   Merge Heap Roots: 0.1ms
[2024-10-30T07:56:37.434+0530][gc,phases   ] GC(9)   Evacuate Collection Set: 3.2ms
[2024-10-30T07:56:37.434+0530][gc,phases   ] GC(9)   Post Evacuate Collection Set: 0.3ms
[2024-10-30T07:56:37.434+0530][gc,phases   ] GC(9)   Other: 0.1ms
[2024-10-30T07:56:37.434+0530][gc,heap     ] GC(9) Eden regions: 48->0(47)
[2024-10-30T07:56:37.434+0530][gc,heap     ] GC(9) Survivor regions: 3->4(7)
[2024-10-30T07:56:37.434+0530][gc,heap     ] GC(9) Old regions: 18->18
[2024-10-30T07:56:37.434+0530][gc,heap     ] GC(9) Archive regions: 2->2
[2024-10-30T07:56:37.434+0530][gc,heap     ] GC(9) Humongous regions: 129->129
[2024-10-30T07:56:37.434+0530][gc,metaspace] GC(9) Metaspace: 43481K(44096K)->43481K(44096K) NonClass: 38476K(38784K)->38476K(38784K) Class: 5004K(5312K)->5004K(5312K)
[2024-10-30T07:56:37.434+0530][gc          ] GC(9) Pause Young (Normal) (G1 Evacuation Pause) 197M->150M(1024M) 4.620ms
[2024-10-30T07:56:37.434+0530][gc,cpu      ] GC(9) User=0.01s Sys=0.00s Real=0.01s
[2024-10-30T08:01:26.311+0530][gc,start    ] GC(10) Pause Young (Normal) (G1 Evacuation Pause)
[2024-10-30T08:01:26.313+0530][gc,task     ] GC(10) Using 8 workers of 8 for evacuation
[2024-10-30T08:01:26.326+0530][gc,phases   ] GC(10)   Pre Evacuate Collection Set: 1.4ms
[2024-10-30T08:01:26.326+0530][gc,phases   ] GC(10)   Merge Heap Roots: 0.2ms
[2024-10-30T08:01:26.327+0530][gc,phases   ] GC(10)   Evacuate Collection Set: 11.1ms
[2024-10-30T08:01:26.327+0530][gc,phases   ] GC(10)   Post Evacuate Collection Set: 0.5ms
[2024-10-30T08:01:26.327+0530][gc,phases   ] GC(10)   Other: 0.4ms
[2024-10-30T08:01:26.327+0530][gc,heap     ] GC(10) Eden regions: 47->0(46)
[2024-10-30T08:01:26.327+0530][gc,heap     ] GC(10) Survivor regions: 4->5(7)
[2024-10-30T08:01:26.327+0530][gc,heap     ] GC(10) Old regions: 18->18
[2024-10-30T08:01:26.327+0530][gc,heap     ] GC(10) Archive regions: 2->2
[2024-10-30T08:01:26.327+0530][gc,heap     ] GC(10) Humongous regions: 129->129
[2024-10-30T08:01:26.327+0530][gc,metaspace] GC(10) Metaspace: 43533K(44224K)->43533K(44224K) NonClass: 38528K(38912K)->38528K(38912K) Class: 5004K(5312K)->5004K(5312K)
[2024-10-30T08:01:26.327+0530][gc          ] GC(10) Pause Young (Normal) (G1 Evacuation Pause) 197M->151M(1024M) 15.320ms
[2024-10-30T08:01:26.327+0530][gc,cpu      ] GC(10) User=0.03s Sys=0.02s Real=0.01s
[2024-10-30T08:06:21.041+0530][gc,start    ] GC(11) Pause Young (Normal) (G1 Evacuation Pause)
[2024-10-30T08:06:21.043+0530][gc,task     ] GC(11) Using 8 workers of 8 for evacuation
[2024-10-30T08:06:21.055+0530][gc,phases   ] GC(11)   Pre Evacuate Collection Set: 0.8ms
[2024-10-30T08:06:21.055+0530][gc,phases   ] GC(11)   Merge Heap Roots: 0.2ms
[2024-10-30T08:06:21.055+0530][gc,phases   ] GC(11)   Evacuate Collection Set: 10.6ms
[2024-10-30T08:06:21.055+0530][gc,phases   ] GC(11)   Post Evacuate Collection Set: 0.5ms
[2024-10-30T08:06:21.055+0530][gc,phases   ] GC(11)   Other: 0.4ms
[2024-10-30T08:06:21.055+0530][gc,heap     ] GC(11) Eden regions: 46->0(46)
[2024-10-30T08:06:21.055+0530][gc,heap     ] GC(11) Survivor regions: 5->5(7)
[2024-10-30T08:06:21.055+0530][gc,heap     ] GC(11) Old regions: 18->18
[2024-10-30T08:06:21.055+0530][gc,heap     ] GC(11) Archive regions: 2->2
[2024-10-30T08:06:21.055+0530][gc,heap     ] GC(11) Humongous regions: 129->129
[2024-10-30T08:06:21.055+0530][gc,metaspace] GC(11) Metaspace: 43631K(44288K)->43631K(44288K) NonClass: 38626K(38976K)->38626K(38976K) Class: 5004K(5312K)->5004K(5312K)
[2024-10-30T08:06:21.056+0530][gc          ] GC(11) Pause Young (Normal) (G1 Evacuation Pause) 197M->152M(1024M) 14.357ms
[2024-10-30T08:06:21.056+0530][gc,cpu      ] GC(11) User=0.03s Sys=0.01s Real=0.01s
[2024-10-30T08:15:01.625+0530][gc,start    ] GC(12) Pause Young (Normal) (G1 Evacuation Pause)
[2024-10-30T08:15:01.628+0530][gc,task     ] GC(12) Using 8 workers of 8 for evacuation
[2024-10-30T08:15:01.640+0530][gc,phases   ] GC(12)   Pre Evacuate Collection Set: 1.3ms
[2024-10-30T08:15:01.640+0530][gc,phases   ] GC(12)   Merge Heap Roots: 0.9ms
[2024-10-30T08:15:01.640+0530][gc,phases   ] GC(12)   Evacuate Collection Set: 8.9ms
[2024-10-30T08:15:01.640+0530][gc,phases   ] GC(12)   Post Evacuate Collection Set: 1.0ms
[2024-10-30T08:15:01.640+0530][gc,phases   ] GC(12)   Other: 1.3ms
[2024-10-30T08:15:01.640+0530][gc,heap     ] GC(12) Eden regions: 46->0(46)
[2024-10-30T08:15:01.640+0530][gc,heap     ] GC(12) Survivor regions: 5->5(7)
[2024-10-30T08:15:01.640+0530][gc,heap     ] GC(12) Old regions: 18->19
[2024-10-30T08:15:01.640+0530][gc,heap     ] GC(12) Archive regions: 2->2
[2024-10-30T08:15:01.640+0530][gc,heap     ] GC(12) Humongous regions: 129->129
[2024-10-30T08:15:01.641+0530][gc,metaspace] GC(12) Metaspace: 43675K(44288K)->43675K(44288K) NonClass: 38671K(38976K)->38671K(38976K) Class: 5004K(5312K)->5004K(5312K)
[2024-10-30T08:15:01.641+0530][gc          ] GC(12) Pause Young (Normal) (G1 Evacuation Pause) 198M->152M(1024M) 16.419ms
[2024-10-30T08:15:01.641+0530][gc,cpu      ] GC(12) User=0.02s Sys=0.02s Real=0.02s
[2024-10-30T08:25:50.612+0530][gc,start    ] GC(13) Pause Young (Normal) (G1 Evacuation Pause)
[2024-10-30T08:25:50.613+0530][gc,task     ] GC(13) Using 8 workers of 8 for evacuation
[2024-10-30T08:25:50.626+0530][gc,phases   ] GC(13)   Pre Evacuate Collection Set: 1.1ms
[2024-10-30T08:25:50.626+0530][gc,phases   ] GC(13)   Merge Heap Roots: 0.2ms
[2024-10-30T08:25:50.626+0530][gc,phases   ] GC(13)   Evacuate Collection Set: 10.2ms
[2024-10-30T08:25:50.626+0530][gc,phases   ] GC(13)   Post Evacuate Collection Set: 0.5ms
[2024-10-30T08:25:50.626+0530][gc,phases   ] GC(13)   Other: 0.4ms
[2024-10-30T08:25:50.626+0530][gc,heap     ] GC(13) Eden regions: 46->0(58)
[2024-10-30T08:25:50.626+0530][gc,heap     ] GC(13) Survivor regions: 5->4(7)
[2024-10-30T08:25:50.626+0530][gc,heap     ] GC(13) Old regions: 19->19
[2024-10-30T08:25:50.626+0530][gc,heap     ] GC(13) Archive regions: 2->2
[2024-10-30T08:25:50.626+0530][gc,heap     ] GC(13) Humongous regions: 129->129
[2024-10-30T08:25:50.626+0530][gc,metaspace] GC(13) Metaspace: 43727K(44416K)->43727K(44416K) NonClass: 38722K(39104K)->38722K(39104K) Class: 5004K(5312K)->5004K(5312K)
[2024-10-30T08:25:50.626+0530][gc          ] GC(13) Pause Young (Normal) (G1 Evacuation Pause) 198M->152M(1024M) 14.315ms
[2024-10-30T08:25:50.626+0530][gc,cpu      ] GC(13) User=0.02s Sys=0.02s Real=0.01s
[2024-10-30T08:29:50.867+0530][gc,heap,exit] Heap
[2024-10-30T08:29:50.867+0530][gc,heap,exit]  garbage-first heap   total 1048576K, used 188525K [0x00000007c0000000, 0x0000000800000000)
[2024-10-30T08:29:50.867+0530][gc,heap,exit]   region size 1024K, 36 young (36864K), 4 survivors (4096K)
[2024-10-30T08:29:50.867+0530][gc,heap,exit]  Metaspace       used 44677K, committed 45376K, reserved 1114112K
[2024-10-30T08:29:50.867+0530][gc,heap,exit]   class space    used 5192K, committed 5504K, reserved 1048576K
