[2024-10-30T08:30:00.546+0530][gc,init] CardTable entry size: 512
[2024-10-30T08:30:00.546+0530][gc     ] Using G1
[2024-10-30T08:30:00.547+0530][gc,init] Version: 20.0.1+9-29 (release)
[2024-10-30T08:30:00.547+0530][gc,init] CPUs: 8 total, 8 available
[2024-10-30T08:30:00.547+0530][gc,init] Memory: 8192M
[2024-10-30T08:30:00.547+0530][gc,init] Large Page Support: Disabled
[2024-10-30T08:30:00.547+0530][gc,init] NUMA Support: Disabled
[2024-10-30T08:30:00.547+0530][gc,init] Compressed Oops: Enabled (Zero based)
[2024-10-30T08:30:00.547+0530][gc,init] Heap Region Size: 1M
[2024-10-30T08:30:00.547+0530][gc,init] Heap Min Capacity: 1G
[2024-10-30T08:30:00.547+0530][gc,init] Heap Initial Capacity: 1G
[2024-10-30T08:30:00.547+0530][gc,init] Heap Max Capacity: 1G
[2024-10-30T08:30:00.547+0530][gc,init] Pre-touch: Disabled
[2024-10-30T08:30:00.547+0530][gc,init] Parallel Workers: 8
[2024-10-30T08:30:00.547+0530][gc,init] Concurrent Workers: 2
[2024-10-30T08:30:00.547+0530][gc,init] Concurrent Refinement Workers: 8
[2024-10-30T08:30:00.547+0530][gc,init] Periodic GC: Disabled
[2024-10-30T08:30:00.547+0530][gc,metaspace] CDS archive(s) mapped at: [0x0000000800000000-0x0000000800c6c000-0x0000000800c6c000), size 13025280, SharedBaseAddress: 0x0000000800000000, ArchiveRelocationMode: 0.
[2024-10-30T08:30:00.547+0530][gc,metaspace] Compressed class space mapped at: 0x0000000801000000-0x0000000841000000, reserved size: 1073741824
[2024-10-30T08:30:00.547+0530][gc,metaspace] Narrow klass base: 0x0000000800000000, Narrow klass shift: 0, Narrow klass range: 0x100000000
[2024-10-30T08:30:01.427+0530][gc,start    ] GC(0) Pause Young (Normal) (G1 Evacuation Pause)
[2024-10-30T08:30:01.427+0530][gc,task     ] GC(0) Using 8 workers of 8 for evacuation
[2024-10-30T08:30:01.429+0530][gc,phases   ] GC(0)   Pre Evacuate Collection Set: 0.1ms
[2024-10-30T08:30:01.430+0530][gc,phases   ] GC(0)   Merge Heap Roots: 0.0ms
[2024-10-30T08:30:01.430+0530][gc,phases   ] GC(0)   Evacuate Collection Set: 1.9ms
[2024-10-30T08:30:01.430+0530][gc,phases   ] GC(0)   Post Evacuate Collection Set: 0.3ms
[2024-10-30T08:30:01.430+0530][gc,phases   ] GC(0)   Other: 0.2ms
[2024-10-30T08:30:01.430+0530][gc,heap     ] GC(0) Eden regions: 51->0(44)
[2024-10-30T08:30:01.430+0530][gc,heap     ] GC(0) Survivor regions: 0->7(7)
[2024-10-30T08:30:01.430+0530][gc,heap     ] GC(0) Old regions: 0->2
[2024-10-30T08:30:01.430+0530][gc,heap     ] GC(0) Archive regions: 2->2
[2024-10-30T08:30:01.430+0530][gc,heap     ] GC(0) Humongous regions: 0->0
[2024-10-30T08:30:01.430+0530][gc,metaspace] GC(0) Metaspace: 17589K(17792K)->17589K(17792K) NonClass: 15533K(15680K)->15533K(15680K) Class: 2056K(2112K)->2056K(2112K)
[2024-10-30T08:30:01.430+0530][gc          ] GC(0) Pause Young (Normal) (G1 Evacuation Pause) 51M->9M(1024M) 2.575ms
[2024-10-30T08:30:01.430+0530][gc,cpu      ] GC(0) User=0.01s Sys=0.00s Real=0.01s
[2024-10-30T08:30:01.513+0530][gc,start    ] GC(1) Pause Young (Concurrent Start) (Metadata GC Threshold)
[2024-10-30T08:30:01.513+0530][gc,task     ] GC(1) Using 8 workers of 8 for evacuation
[2024-10-30T08:30:01.515+0530][gc,phases   ] GC(1)   Pre Evacuate Collection Set: 0.1ms
[2024-10-30T08:30:01.515+0530][gc,phases   ] GC(1)   Merge Heap Roots: 0.0ms
[2024-10-30T08:30:01.515+0530][gc,phases   ] GC(1)   Evacuate Collection Set: 1.5ms
[2024-10-30T08:30:01.515+0530][gc,phases   ] GC(1)   Post Evacuate Collection Set: 0.2ms
[2024-10-30T08:30:01.515+0530][gc,phases   ] GC(1)   Other: 0.0ms
[2024-10-30T08:30:01.515+0530][gc,heap     ] GC(1) Eden regions: 15->0(50)
[2024-10-30T08:30:01.515+0530][gc,heap     ] GC(1) Survivor regions: 7->1(7)
[2024-10-30T08:30:01.515+0530][gc,heap     ] GC(1) Old regions: 2->9
[2024-10-30T08:30:01.515+0530][gc,heap     ] GC(1) Archive regions: 2->2
[2024-10-30T08:30:01.515+0530][gc,heap     ] GC(1) Humongous regions: 0->0
[2024-10-30T08:30:01.515+0530][gc,metaspace] GC(1) Metaspace: 21276K(21504K)->21276K(21504K) NonClass: 18766K(18880K)->18766K(18880K) Class: 2510K(2624K)->2510K(2624K)
[2024-10-30T08:30:01.515+0530][gc          ] GC(1) Pause Young (Concurrent Start) (Metadata GC Threshold) 23M->10M(1024M) 1.973ms
[2024-10-30T08:30:01.515+0530][gc,cpu      ] GC(1) User=0.01s Sys=0.00s Real=0.00s
[2024-10-30T08:30:01.515+0530][gc          ] GC(2) Concurrent Mark Cycle
[2024-10-30T08:30:01.515+0530][gc,marking  ] GC(2) Concurrent Scan Root Regions
[2024-10-30T08:30:01.516+0530][gc,marking  ] GC(2) Concurrent Scan Root Regions 0.936ms
[2024-10-30T08:30:01.516+0530][gc,marking  ] GC(2) Concurrent Mark
[2024-10-30T08:30:01.516+0530][gc,marking  ] GC(2) Concurrent Mark From Roots
[2024-10-30T08:30:01.516+0530][gc,task     ] GC(2) Using 2 workers of 2 for marking
[2024-10-30T08:30:01.517+0530][gc,marking  ] GC(2) Concurrent Mark From Roots 0.726ms
[2024-10-30T08:30:01.517+0530][gc,marking  ] GC(2) Concurrent Preclean
[2024-10-30T08:30:01.517+0530][gc,marking  ] GC(2) Concurrent Preclean 0.005ms
[2024-10-30T08:30:01.517+0530][gc,start    ] GC(2) Pause Remark
[2024-10-30T08:30:01.517+0530][gc          ] GC(2) Pause Remark 11M->11M(1024M) 0.639ms
[2024-10-30T08:30:01.517+0530][gc,cpu      ] GC(2) User=0.01s Sys=0.00s Real=0.00s
[2024-10-30T08:30:01.517+0530][gc,marking  ] GC(2) Concurrent Mark 1.459ms
[2024-10-30T08:30:01.517+0530][gc,marking  ] GC(2) Concurrent Rebuild Remembered Sets and Scrub Regions
[2024-10-30T08:30:01.518+0530][gc,marking  ] GC(2) Concurrent Rebuild Remembered Sets and Scrub Regions 0.949ms
[2024-10-30T08:30:01.518+0530][gc,start    ] GC(2) Pause Cleanup
[2024-10-30T08:30:01.518+0530][gc          ] GC(2) Pause Cleanup 11M->11M(1024M) 0.056ms
[2024-10-30T08:30:01.518+0530][gc,cpu      ] GC(2) User=0.00s Sys=0.00s Real=0.00s
[2024-10-30T08:30:01.518+0530][gc,marking  ] GC(2) Concurrent Clear Claimed Marks
[2024-10-30T08:30:01.518+0530][gc,marking  ] GC(2) Concurrent Clear Claimed Marks 0.007ms
[2024-10-30T08:30:01.518+0530][gc,marking  ] GC(2) Concurrent Cleanup for Next Mark
[2024-10-30T08:30:01.520+0530][gc,marking  ] GC(2) Concurrent Cleanup for Next Mark 1.333ms
[2024-10-30T08:30:01.520+0530][gc          ] GC(2) Concurrent Mark Cycle 4.949ms
[2024-10-30T08:30:01.985+0530][gc,start    ] GC(3) Pause Young (Normal) (G1 Evacuation Pause)
[2024-10-30T08:30:01.985+0530][gc,task     ] GC(3) Using 8 workers of 8 for evacuation
[2024-10-30T08:30:01.987+0530][gc,phases   ] GC(3)   Pre Evacuate Collection Set: 0.1ms
[2024-10-30T08:30:01.987+0530][gc,phases   ] GC(3)   Merge Heap Roots: 0.0ms
[2024-10-30T08:30:01.987+0530][gc,phases   ] GC(3)   Evacuate Collection Set: 1.5ms
[2024-10-30T08:30:01.987+0530][gc,phases   ] GC(3)   Post Evacuate Collection Set: 0.2ms
[2024-10-30T08:30:01.987+0530][gc,phases   ] GC(3)   Other: 0.0ms
[2024-10-30T08:30:01.987+0530][gc,heap     ] GC(3) Eden regions: 50->0(45)
[2024-10-30T08:30:01.987+0530][gc,heap     ] GC(3) Survivor regions: 1->6(7)
[2024-10-30T08:30:01.987+0530][gc,heap     ] GC(3) Old regions: 9->9
[2024-10-30T08:30:01.987+0530][gc,heap     ] GC(3) Archive regions: 2->2
[2024-10-30T08:30:01.987+0530][gc,heap     ] GC(3) Humongous regions: 129->129
[2024-10-30T08:30:01.987+0530][gc,metaspace] GC(3) Metaspace: 30853K(31168K)->30853K(31168K) NonClass: 27422K(27584K)->27422K(27584K) Class: 3431K(3584K)->3431K(3584K)
[2024-10-30T08:30:01.987+0530][gc          ] GC(3) Pause Young (Normal) (G1 Evacuation Pause) 189M->143M(1024M) 1.900ms
[2024-10-30T08:30:01.987+0530][gc,cpu      ] GC(3) User=0.01s Sys=0.00s Real=0.00s
[2024-10-30T08:30:02.073+0530][gc,start    ] GC(4) Pause Young (Concurrent Start) (GCLocker Initiated GC)
[2024-10-30T08:30:02.073+0530][gc,task     ] GC(4) Using 8 workers of 8 for evacuation
[2024-10-30T08:30:02.075+0530][gc,phases   ] GC(4)   Pre Evacuate Collection Set: 0.2ms
[2024-10-30T08:30:02.075+0530][gc,phases   ] GC(4)   Merge Heap Roots: 0.0ms
[2024-10-30T08:30:02.075+0530][gc,phases   ] GC(4)   Evacuate Collection Set: 1.8ms
[2024-10-30T08:30:02.075+0530][gc,phases   ] GC(4)   Post Evacuate Collection Set: 0.2ms
[2024-10-30T08:30:02.075+0530][gc,phases   ] GC(4)   Other: 0.0ms
[2024-10-30T08:30:02.075+0530][gc,heap     ] GC(4) Eden regions: 19->0(49)
[2024-10-30T08:30:02.075+0530][gc,heap     ] GC(4) Survivor regions: 6->2(7)
[2024-10-30T08:30:02.075+0530][gc,heap     ] GC(4) Old regions: 9->14
[2024-10-30T08:30:02.075+0530][gc,heap     ] GC(4) Archive regions: 2->2
[2024-10-30T08:30:02.075+0530][gc,heap     ] GC(4) Humongous regions: 129->129
[2024-10-30T08:30:02.075+0530][gc,metaspace] GC(4) Metaspace: 35692K(36032K)->35692K(36032K) NonClass: 31791K(32000K)->31791K(32000K) Class: 3900K(4032K)->3900K(4032K)
[2024-10-30T08:30:02.075+0530][gc          ] GC(4) Pause Young (Concurrent Start) (GCLocker Initiated GC) 162M->145M(1024M) 2.286ms
[2024-10-30T08:30:02.075+0530][gc          ] GC(5) Concurrent Mark Cycle
[2024-10-30T08:30:02.075+0530][gc,cpu      ] GC(4) User=0.02s Sys=0.01s Real=0.00s
[2024-10-30T08:30:02.075+0530][gc,marking  ] GC(5) Concurrent Scan Root Regions
[2024-10-30T08:30:02.077+0530][gc,marking  ] GC(5) Concurrent Scan Root Regions 1.436ms
[2024-10-30T08:30:02.077+0530][gc,marking  ] GC(5) Concurrent Mark
[2024-10-30T08:30:02.077+0530][gc,marking  ] GC(5) Concurrent Mark From Roots
[2024-10-30T08:30:02.077+0530][gc,task     ] GC(5) Using 2 workers of 2 for marking
[2024-10-30T08:30:02.080+0530][gc,marking  ] GC(5) Concurrent Mark From Roots 2.888ms
[2024-10-30T08:30:02.080+0530][gc,marking  ] GC(5) Concurrent Preclean
[2024-10-30T08:30:02.080+0530][gc,marking  ] GC(5) Concurrent Preclean 0.035ms
[2024-10-30T08:30:02.080+0530][gc,start    ] GC(5) Pause Remark
[2024-10-30T08:30:02.081+0530][gc          ] GC(5) Pause Remark 147M->147M(1024M) 1.024ms
[2024-10-30T08:30:02.081+0530][gc,cpu      ] GC(5) User=0.01s Sys=0.00s Real=0.00s
[2024-10-30T08:30:02.081+0530][gc,marking  ] GC(5) Concurrent Mark 4.398ms
[2024-10-30T08:30:02.081+0530][gc,marking  ] GC(5) Concurrent Rebuild Remembered Sets and Scrub Regions
[2024-10-30T08:30:02.083+0530][gc,marking  ] GC(5) Concurrent Rebuild Remembered Sets and Scrub Regions 1.982ms
[2024-10-30T08:30:02.083+0530][gc,start    ] GC(5) Pause Cleanup
[2024-10-30T08:30:02.083+0530][gc          ] GC(5) Pause Cleanup 147M->147M(1024M) 0.070ms
[2024-10-30T08:30:02.083+0530][gc,cpu      ] GC(5) User=0.00s Sys=0.00s Real=0.00s
[2024-10-30T08:30:02.083+0530][gc,marking  ] GC(5) Concurrent Clear Claimed Marks
[2024-10-30T08:30:02.083+0530][gc,marking  ] GC(5) Concurrent Clear Claimed Marks 0.006ms
[2024-10-30T08:30:02.083+0530][gc,marking  ] GC(5) Concurrent Cleanup for Next Mark
[2024-10-30T08:30:02.084+0530][gc,marking  ] GC(5) Concurrent Cleanup for Next Mark 0.929ms
[2024-10-30T08:30:02.084+0530][gc          ] GC(5) Concurrent Mark Cycle 8.967ms
[2024-10-30T08:31:39.125+0530][gc,start    ] GC(6) Pause Young (Prepare Mixed) (G1 Evacuation Pause)
[2024-10-30T08:31:39.127+0530][gc,task     ] GC(6) Using 8 workers of 8 for evacuation
[2024-10-30T08:31:39.152+0530][gc,mmu      ] GC(6) MMU target violated: 21.0ms (20.0ms/21.0ms)
[2024-10-30T08:31:39.153+0530][gc,phases   ] GC(6)   Pre Evacuate Collection Set: 1.3ms
[2024-10-30T08:31:39.153+0530][gc,phases   ] GC(6)   Merge Heap Roots: 0.2ms
[2024-10-30T08:31:39.153+0530][gc,phases   ] GC(6)   Evacuate Collection Set: 23.2ms
[2024-10-30T08:31:39.153+0530][gc,phases   ] GC(6)   Post Evacuate Collection Set: 1.0ms
[2024-10-30T08:31:39.153+0530][gc,phases   ] GC(6)   Other: 0.3ms
[2024-10-30T08:31:39.153+0530][gc,heap     ] GC(6) Eden regions: 49->0(46)
[2024-10-30T08:31:39.153+0530][gc,heap     ] GC(6) Survivor regions: 2->5(7)
[2024-10-30T08:31:39.153+0530][gc,heap     ] GC(6) Old regions: 14->14
[2024-10-30T08:31:39.153+0530][gc,heap     ] GC(6) Archive regions: 2->2
[2024-10-30T08:31:39.153+0530][gc,heap     ] GC(6) Humongous regions: 333->129
[2024-10-30T08:31:39.153+0530][gc,metaspace] GC(6) Metaspace: 42179K(42816K)->42179K(42816K) NonClass: 37242K(37632K)->37242K(37632K) Class: 4936K(5184K)->4936K(5184K)
[2024-10-30T08:31:39.153+0530][gc          ] GC(6) Pause Young (Prepare Mixed) (G1 Evacuation Pause) 398M->148M(1024M) 27.515ms
[2024-10-30T08:31:39.153+0530][gc,cpu      ] GC(6) User=0.03s Sys=0.06s Real=0.03s
[2024-10-30T08:38:37.594+0530][gc,start    ] GC(7) Pause Young (Mixed) (G1 Evacuation Pause)
[2024-10-30T08:38:37.594+0530][gc,task     ] GC(7) Using 8 workers of 8 for evacuation
[2024-10-30T08:38:37.599+0530][gc,phases   ] GC(7)   Pre Evacuate Collection Set: 0.4ms
[2024-10-30T08:38:37.599+0530][gc,phases   ] GC(7)   Merge Heap Roots: 0.1ms
[2024-10-30T08:38:37.599+0530][gc,phases   ] GC(7)   Evacuate Collection Set: 3.8ms
[2024-10-30T08:38:37.599+0530][gc,phases   ] GC(7)   Post Evacuate Collection Set: 0.4ms
[2024-10-30T08:38:37.599+0530][gc,phases   ] GC(7)   Other: 0.1ms
[2024-10-30T08:38:37.599+0530][gc,heap     ] GC(7) Eden regions: 46->0(46)
[2024-10-30T08:38:37.599+0530][gc,heap     ] GC(7) Survivor regions: 5->5(7)
[2024-10-30T08:38:37.599+0530][gc,heap     ] GC(7) Old regions: 14->15
[2024-10-30T08:38:37.599+0530][gc,heap     ] GC(7) Archive regions: 2->2
[2024-10-30T08:38:37.599+0530][gc,heap     ] GC(7) Humongous regions: 129->129
[2024-10-30T08:38:37.599+0530][gc,metaspace] GC(7) Metaspace: 42770K(43456K)->42770K(43456K) NonClass: 37819K(38208K)->37819K(38208K) Class: 4950K(5248K)->4950K(5248K)
[2024-10-30T08:38:37.599+0530][gc          ] GC(7) Pause Young (Mixed) (G1 Evacuation Pause) 194M->149M(1024M) 5.227ms
[2024-10-30T08:38:37.599+0530][gc,cpu      ] GC(7) User=0.01s Sys=0.01s Real=0.00s
[2024-10-30T08:43:54.781+0530][gc,start    ] GC(8) Pause Young (Normal) (G1 Evacuation Pause)
[2024-10-30T08:43:54.783+0530][gc,task     ] GC(8) Using 8 workers of 8 for evacuation
[2024-10-30T08:43:54.797+0530][gc,phases   ] GC(8)   Pre Evacuate Collection Set: 0.9ms
[2024-10-30T08:43:54.797+0530][gc,phases   ] GC(8)   Merge Heap Roots: 0.5ms
[2024-10-30T08:43:54.797+0530][gc,phases   ] GC(8)   Evacuate Collection Set: 10.4ms
[2024-10-30T08:43:54.797+0530][gc,phases   ] GC(8)   Post Evacuate Collection Set: 0.9ms
[2024-10-30T08:43:54.797+0530][gc,phases   ] GC(8)   Other: 1.2ms
[2024-10-30T08:43:54.797+0530][gc,heap     ] GC(8) Eden regions: 46->0(48)
[2024-10-30T08:43:54.797+0530][gc,heap     ] GC(8) Survivor regions: 5->3(7)
[2024-10-30T08:43:54.797+0530][gc,heap     ] GC(8) Old regions: 15->18
[2024-10-30T08:43:54.797+0530][gc,heap     ] GC(8) Archive regions: 2->2
[2024-10-30T08:43:54.797+0530][gc,heap     ] GC(8) Humongous regions: 129->129
[2024-10-30T08:43:54.797+0530][gc,metaspace] GC(8) Metaspace: 43428K(44096K)->43428K(44096K) NonClass: 38438K(38848K)->38438K(38848K) Class: 4990K(5248K)->4990K(5248K)
[2024-10-30T08:43:54.797+0530][gc          ] GC(8) Pause Young (Normal) (G1 Evacuation Pause) 195M->149M(1024M) 16.585ms
[2024-10-30T08:43:54.797+0530][gc,cpu      ] GC(8) User=0.02s Sys=0.02s Real=0.01s
[2024-10-30T08:47:01.816+0530][gc,start    ] GC(9) Pause Young (Normal) (G1 Evacuation Pause)
[2024-10-30T08:47:01.816+0530][gc,task     ] GC(9) Using 8 workers of 8 for evacuation
[2024-10-30T08:47:01.821+0530][gc,phases   ] GC(9)   Pre Evacuate Collection Set: 0.5ms
[2024-10-30T08:47:01.821+0530][gc,phases   ] GC(9)   Merge Heap Roots: 0.1ms
[2024-10-30T08:47:01.821+0530][gc,phases   ] GC(9)   Evacuate Collection Set: 3.7ms
[2024-10-30T08:47:01.821+0530][gc,phases   ] GC(9)   Post Evacuate Collection Set: 0.2ms
[2024-10-30T08:47:01.821+0530][gc,phases   ] GC(9)   Other: 0.1ms
[2024-10-30T08:47:01.821+0530][gc,heap     ] GC(9) Eden regions: 48->0(47)
[2024-10-30T08:47:01.821+0530][gc,heap     ] GC(9) Survivor regions: 3->4(7)
[2024-10-30T08:47:01.821+0530][gc,heap     ] GC(9) Old regions: 18->18
[2024-10-30T08:47:01.821+0530][gc,heap     ] GC(9) Archive regions: 2->2
[2024-10-30T08:47:01.821+0530][gc,heap     ] GC(9) Humongous regions: 129->129
[2024-10-30T08:47:01.821+0530][gc,metaspace] GC(9) Metaspace: 44412K(45056K)->44412K(45056K) NonClass: 39239K(39616K)->39239K(39616K) Class: 5172K(5440K)->5172K(5440K)
[2024-10-30T08:47:01.821+0530][gc          ] GC(9) Pause Young (Normal) (G1 Evacuation Pause) 197M->150M(1024M) 4.937ms
[2024-10-30T08:47:01.821+0530][gc,cpu      ] GC(9) User=0.01s Sys=0.01s Real=0.01s
[2024-10-30T08:47:01.826+0530][gc,heap,exit] Heap
[2024-10-30T08:47:01.826+0530][gc,heap,exit]  garbage-first heap   total 1048576K, used 156244K [0x00000007c0000000, 0x0000000800000000)
[2024-10-30T08:47:01.826+0530][gc,heap,exit]   region size 1024K, 6 young (6144K), 4 survivors (4096K)
[2024-10-30T08:47:01.826+0530][gc,heap,exit]  Metaspace       used 44439K, committed 45056K, reserved 1114112K
[2024-10-30T08:47:01.826+0530][gc,heap,exit]   class space    used 5179K, committed 5440K, reserved 1048576K
