[2024-10-30T08:47:20.380+0530][gc,init] CardTable entry size: 512
[2024-10-30T08:47:20.380+0530][gc     ] Using G1
[2024-10-30T08:47:20.381+0530][gc,init] Version: 20.0.1+9-29 (release)
[2024-10-30T08:47:20.381+0530][gc,init] CPUs: 8 total, 8 available
[2024-10-30T08:47:20.381+0530][gc,init] Memory: 8192M
[2024-10-30T08:47:20.381+0530][gc,init] Large Page Support: Disabled
[2024-10-30T08:47:20.381+0530][gc,init] NUMA Support: Disabled
[2024-10-30T08:47:20.381+0530][gc,init] Compressed Oops: Enabled (Zero based)
[2024-10-30T08:47:20.381+0530][gc,init] Heap Region Size: 1M
[2024-10-30T08:47:20.381+0530][gc,init] Heap Min Capacity: 1G
[2024-10-30T08:47:20.381+0530][gc,init] Heap Initial Capacity: 1G
[2024-10-30T08:47:20.381+0530][gc,init] Heap Max Capacity: 1G
[2024-10-30T08:47:20.381+0530][gc,init] Pre-touch: Disabled
[2024-10-30T08:47:20.381+0530][gc,init] Parallel Workers: 8
[2024-10-30T08:47:20.381+0530][gc,init] Concurrent Workers: 2
[2024-10-30T08:47:20.381+0530][gc,init] Concurrent Refinement Workers: 8
[2024-10-30T08:47:20.381+0530][gc,init] Periodic GC: Disabled
[2024-10-30T08:47:20.381+0530][gc,metaspace] CDS archive(s) mapped at: [0x0000000800000000-0x0000000800c6c000-0x0000000800c6c000), size 13025280, SharedBaseAddress: 0x0000000800000000, ArchiveRelocationMode: 0.
[2024-10-30T08:47:20.381+0530][gc,metaspace] Compressed class space mapped at: 0x0000000801000000-0x0000000841000000, reserved size: 1073741824
[2024-10-30T08:47:20.381+0530][gc,metaspace] Narrow klass base: 0x0000000800000000, Narrow klass shift: 0, Narrow klass range: 0x100000000
[2024-10-30T08:47:21.238+0530][gc,start    ] GC(0) Pause Young (Normal) (G1 Evacuation Pause)
[2024-10-30T08:47:21.238+0530][gc,task     ] GC(0) Using 8 workers of 8 for evacuation
[2024-10-30T08:47:21.240+0530][gc,phases   ] GC(0)   Pre Evacuate Collection Set: 0.1ms
[2024-10-30T08:47:21.240+0530][gc,phases   ] GC(0)   Merge Heap Roots: 0.1ms
[2024-10-30T08:47:21.240+0530][gc,phases   ] GC(0)   Evacuate Collection Set: 1.8ms
[2024-10-30T08:47:21.240+0530][gc,phases   ] GC(0)   Post Evacuate Collection Set: 0.3ms
[2024-10-30T08:47:21.240+0530][gc,phases   ] GC(0)   Other: 0.2ms
[2024-10-30T08:47:21.240+0530][gc,heap     ] GC(0) Eden regions: 51->0(44)
[2024-10-30T08:47:21.240+0530][gc,heap     ] GC(0) Survivor regions: 0->7(7)
[2024-10-30T08:47:21.240+0530][gc,heap     ] GC(0) Old regions: 0->1
[2024-10-30T08:47:21.240+0530][gc,heap     ] GC(0) Archive regions: 2->2
[2024-10-30T08:47:21.240+0530][gc,heap     ] GC(0) Humongous regions: 0->0
[2024-10-30T08:47:21.240+0530][gc,metaspace] GC(0) Metaspace: 17555K(17728K)->17555K(17728K) NonClass: 15499K(15616K)->15499K(15616K) Class: 2056K(2112K)->2056K(2112K)
[2024-10-30T08:47:21.240+0530][gc          ] GC(0) Pause Young (Normal) (G1 Evacuation Pause) 51M->8M(1024M) 2.519ms
[2024-10-30T08:47:21.240+0530][gc,cpu      ] GC(0) User=0.01s Sys=0.00s Real=0.01s
[2024-10-30T08:47:21.329+0530][gc,start    ] GC(1) Pause Young (Concurrent Start) (Metadata GC Threshold)
[2024-10-30T08:47:21.329+0530][gc,task     ] GC(1) Using 8 workers of 8 for evacuation
[2024-10-30T08:47:21.331+0530][gc,phases   ] GC(1)   Pre Evacuate Collection Set: 0.1ms
[2024-10-30T08:47:21.331+0530][gc,phases   ] GC(1)   Merge Heap Roots: 0.0ms
[2024-10-30T08:47:21.331+0530][gc,phases   ] GC(1)   Evacuate Collection Set: 1.7ms
[2024-10-30T08:47:21.331+0530][gc,phases   ] GC(1)   Post Evacuate Collection Set: 0.2ms
[2024-10-30T08:47:21.331+0530][gc,phases   ] GC(1)   Other: 0.0ms
[2024-10-30T08:47:21.331+0530][gc,heap     ] GC(1) Eden regions: 15->0(49)
[2024-10-30T08:47:21.331+0530][gc,heap     ] GC(1) Survivor regions: 7->2(7)
[2024-10-30T08:47:21.331+0530][gc,heap     ] GC(1) Old regions: 1->9
[2024-10-30T08:47:21.331+0530][gc,heap     ] GC(1) Archive regions: 2->2
[2024-10-30T08:47:21.331+0530][gc,heap     ] GC(1) Humongous regions: 0->0
[2024-10-30T08:47:21.331+0530][gc,metaspace] GC(1) Metaspace: 21269K(21504K)->21269K(21504K) NonClass: 18759K(18880K)->18759K(18880K) Class: 2510K(2624K)->2510K(2624K)
[2024-10-30T08:47:21.331+0530][gc          ] GC(1) Pause Young (Concurrent Start) (Metadata GC Threshold) 23M->10M(1024M) 2.135ms
[2024-10-30T08:47:21.331+0530][gc,cpu      ] GC(1) User=0.01s Sys=0.00s Real=0.01s
[2024-10-30T08:47:21.331+0530][gc          ] GC(2) Concurrent Mark Cycle
[2024-10-30T08:47:21.331+0530][gc,marking  ] GC(2) Concurrent Scan Root Regions
[2024-10-30T08:47:21.332+0530][gc,marking  ] GC(2) Concurrent Scan Root Regions 1.057ms
[2024-10-30T08:47:21.332+0530][gc,marking  ] GC(2) Concurrent Mark
[2024-10-30T08:47:21.332+0530][gc,marking  ] GC(2) Concurrent Mark From Roots
[2024-10-30T08:47:21.332+0530][gc,task     ] GC(2) Using 2 workers of 2 for marking
[2024-10-30T08:47:21.332+0530][gc,marking  ] GC(2) Concurrent Mark From Roots 0.555ms
[2024-10-30T08:47:21.332+0530][gc,marking  ] GC(2) Concurrent Preclean
[2024-10-30T08:47:21.332+0530][gc,marking  ] GC(2) Concurrent Preclean 0.005ms
[2024-10-30T08:47:21.333+0530][gc,start    ] GC(2) Pause Remark
[2024-10-30T08:47:21.333+0530][gc          ] GC(2) Pause Remark 11M->11M(1024M) 0.660ms
[2024-10-30T08:47:21.333+0530][gc,cpu      ] GC(2) User=0.01s Sys=0.00s Real=0.00s
[2024-10-30T08:47:21.333+0530][gc,marking  ] GC(2) Concurrent Mark 1.312ms
[2024-10-30T08:47:21.333+0530][gc,marking  ] GC(2) Concurrent Rebuild Remembered Sets and Scrub Regions
[2024-10-30T08:47:21.334+0530][gc,marking  ] GC(2) Concurrent Rebuild Remembered Sets and Scrub Regions 0.955ms
[2024-10-30T08:47:21.334+0530][gc,start    ] GC(2) Pause Cleanup
[2024-10-30T08:47:21.334+0530][gc          ] GC(2) Pause Cleanup 11M->11M(1024M) 0.058ms
[2024-10-30T08:47:21.334+0530][gc,cpu      ] GC(2) User=0.00s Sys=0.00s Real=0.00s
[2024-10-30T08:47:21.334+0530][gc,marking  ] GC(2) Concurrent Clear Claimed Marks
[2024-10-30T08:47:21.334+0530][gc,marking  ] GC(2) Concurrent Clear Claimed Marks 0.008ms
[2024-10-30T08:47:21.334+0530][gc,marking  ] GC(2) Concurrent Cleanup for Next Mark
[2024-10-30T08:47:21.335+0530][gc,marking  ] GC(2) Concurrent Cleanup for Next Mark 0.958ms
[2024-10-30T08:47:21.335+0530][gc          ] GC(2) Concurrent Mark Cycle 4.458ms
[2024-10-30T08:47:21.758+0530][gc,start    ] GC(3) Pause Young (Normal) (G1 Evacuation Pause)
[2024-10-30T08:47:21.758+0530][gc,task     ] GC(3) Using 8 workers of 8 for evacuation
[2024-10-30T08:47:21.760+0530][gc,phases   ] GC(3)   Pre Evacuate Collection Set: 0.1ms
[2024-10-30T08:47:21.760+0530][gc,phases   ] GC(3)   Merge Heap Roots: 0.0ms
[2024-10-30T08:47:21.760+0530][gc,phases   ] GC(3)   Evacuate Collection Set: 1.4ms
[2024-10-30T08:47:21.760+0530][gc,phases   ] GC(3)   Post Evacuate Collection Set: 0.2ms
[2024-10-30T08:47:21.760+0530][gc,phases   ] GC(3)   Other: 0.0ms
[2024-10-30T08:47:21.760+0530][gc,heap     ] GC(3) Eden regions: 49->0(45)
[2024-10-30T08:47:21.760+0530][gc,heap     ] GC(3) Survivor regions: 2->6(7)
[2024-10-30T08:47:21.760+0530][gc,heap     ] GC(3) Old regions: 9->9
[2024-10-30T08:47:21.760+0530][gc,heap     ] GC(3) Archive regions: 2->2
[2024-10-30T08:47:21.760+0530][gc,heap     ] GC(3) Humongous regions: 129->129
[2024-10-30T08:47:21.760+0530][gc,metaspace] GC(3) Metaspace: 30783K(31040K)->30783K(31040K) NonClass: 27364K(27520K)->27364K(27520K) Class: 3419K(3520K)->3419K(3520K)
[2024-10-30T08:47:21.760+0530][gc          ] GC(3) Pause Young (Normal) (G1 Evacuation Pause) 188M->143M(1024M) 1.761ms
[2024-10-30T08:47:21.760+0530][gc,cpu      ] GC(3) User=0.01s Sys=0.00s Real=0.01s
[2024-10-30T08:47:21.847+0530][gc,start    ] GC(4) Pause Young (Concurrent Start) (Metadata GC Threshold)
[2024-10-30T08:47:21.847+0530][gc,task     ] GC(4) Using 8 workers of 8 for evacuation
[2024-10-30T08:47:21.849+0530][gc,phases   ] GC(4)   Pre Evacuate Collection Set: 0.2ms
[2024-10-30T08:47:21.849+0530][gc,phases   ] GC(4)   Merge Heap Roots: 0.0ms
[2024-10-30T08:47:21.849+0530][gc,phases   ] GC(4)   Evacuate Collection Set: 1.9ms
[2024-10-30T08:47:21.849+0530][gc,phases   ] GC(4)   Post Evacuate Collection Set: 0.2ms
[2024-10-30T08:47:21.849+0530][gc,phases   ] GC(4)   Other: 0.0ms
[2024-10-30T08:47:21.849+0530][gc,heap     ] GC(4) Eden regions: 20->0(49)
[2024-10-30T08:47:21.849+0530][gc,heap     ] GC(4) Survivor regions: 6->2(7)
[2024-10-30T08:47:21.849+0530][gc,heap     ] GC(4) Old regions: 9->14
[2024-10-30T08:47:21.849+0530][gc,heap     ] GC(4) Archive regions: 2->2
[2024-10-30T08:47:21.849+0530][gc,heap     ] GC(4) Humongous regions: 129->129
[2024-10-30T08:47:21.849+0530][gc,metaspace] GC(4) Metaspace: 35552K(35904K)->35552K(35904K) NonClass: 31654K(31872K)->31654K(31872K) Class: 3898K(4032K)->3898K(4032K)
[2024-10-30T08:47:21.849+0530][gc          ] GC(4) Pause Young (Concurrent Start) (Metadata GC Threshold) 162M->145M(1024M) 2.351ms
[2024-10-30T08:47:21.849+0530][gc          ] GC(5) Concurrent Mark Cycle
[2024-10-30T08:47:21.849+0530][gc,cpu      ] GC(4) User=0.02s Sys=0.00s Real=0.00s
[2024-10-30T08:47:21.849+0530][gc,marking  ] GC(5) Concurrent Scan Root Regions
[2024-10-30T08:47:21.851+0530][gc,marking  ] GC(5) Concurrent Scan Root Regions 1.533ms
[2024-10-30T08:47:21.851+0530][gc,marking  ] GC(5) Concurrent Mark
[2024-10-30T08:47:21.851+0530][gc,marking  ] GC(5) Concurrent Mark From Roots
[2024-10-30T08:47:21.851+0530][gc,task     ] GC(5) Using 2 workers of 2 for marking
[2024-10-30T08:47:21.853+0530][gc,marking  ] GC(5) Concurrent Mark From Roots 2.235ms
[2024-10-30T08:47:21.853+0530][gc,marking  ] GC(5) Concurrent Preclean
[2024-10-30T08:47:21.853+0530][gc,marking  ] GC(5) Concurrent Preclean 0.021ms
[2024-10-30T08:47:21.853+0530][gc,start    ] GC(5) Pause Remark
[2024-10-30T08:47:21.854+0530][gc          ] GC(5) Pause Remark 146M->146M(1024M) 0.888ms
[2024-10-30T08:47:21.854+0530][gc,cpu      ] GC(5) User=0.00s Sys=0.00s Real=0.00s
[2024-10-30T08:47:21.854+0530][gc,marking  ] GC(5) Concurrent Mark 3.270ms
[2024-10-30T08:47:21.854+0530][gc,marking  ] GC(5) Concurrent Rebuild Remembered Sets and Scrub Regions
[2024-10-30T08:47:21.856+0530][gc,marking  ] GC(5) Concurrent Rebuild Remembered Sets and Scrub Regions 2.273ms
[2024-10-30T08:47:21.856+0530][gc,start    ] GC(5) Pause Cleanup
[2024-10-30T08:47:21.856+0530][gc          ] GC(5) Pause Cleanup 147M->147M(1024M) 0.061ms
[2024-10-30T08:47:21.856+0530][gc,cpu      ] GC(5) User=0.00s Sys=0.00s Real=0.00s
[2024-10-30T08:47:21.856+0530][gc,marking  ] GC(5) Concurrent Clear Claimed Marks
[2024-10-30T08:47:21.857+0530][gc,marking  ] GC(5) Concurrent Clear Claimed Marks 0.010ms
[2024-10-30T08:47:21.857+0530][gc,marking  ] GC(5) Concurrent Cleanup for Next Mark
[2024-10-30T08:47:21.857+0530][gc,marking  ] GC(5) Concurrent Cleanup for Next Mark 0.874ms
[2024-10-30T08:47:21.857+0530][gc          ] GC(5) Concurrent Mark Cycle 8.156ms
[2024-10-30T08:47:58.290+0530][gc,start    ] GC(6) Pause Young (Prepare Mixed) (G1 Evacuation Pause)
[2024-10-30T08:47:58.291+0530][gc,task     ] GC(6) Using 8 workers of 8 for evacuation
[2024-10-30T08:47:58.308+0530][gc,phases   ] GC(6)   Pre Evacuate Collection Set: 0.8ms
[2024-10-30T08:47:58.308+0530][gc,phases   ] GC(6)   Merge Heap Roots: 0.2ms
[2024-10-30T08:47:58.308+0530][gc,phases   ] GC(6)   Evacuate Collection Set: 15.7ms
[2024-10-30T08:47:58.308+0530][gc,phases   ] GC(6)   Post Evacuate Collection Set: 0.8ms
[2024-10-30T08:47:58.309+0530][gc,phases   ] GC(6)   Other: 0.2ms
[2024-10-30T08:47:58.309+0530][gc,heap     ] GC(6) Eden regions: 49->0(46)
[2024-10-30T08:47:58.309+0530][gc,heap     ] GC(6) Survivor regions: 2->5(7)
[2024-10-30T08:47:58.309+0530][gc,heap     ] GC(6) Old regions: 14->14
[2024-10-30T08:47:58.309+0530][gc,heap     ] GC(6) Archive regions: 2->2
[2024-10-30T08:47:58.309+0530][gc,heap     ] GC(6) Humongous regions: 339->129
[2024-10-30T08:47:58.309+0530][gc,metaspace] GC(6) Metaspace: 42237K(42880K)->42237K(42880K) NonClass: 37250K(37632K)->37250K(37632K) Class: 4986K(5248K)->4986K(5248K)
[2024-10-30T08:47:58.309+0530][gc          ] GC(6) Pause Young (Prepare Mixed) (G1 Evacuation Pause) 404M->148M(1024M) 19.019ms
[2024-10-30T08:47:58.309+0530][gc,cpu      ] GC(6) User=0.02s Sys=0.05s Real=0.01s
[2024-10-30T08:52:18.288+0530][gc,start    ] GC(7) Pause Young (Mixed) (G1 Evacuation Pause)
[2024-10-30T08:52:18.288+0530][gc,task     ] GC(7) Using 8 workers of 8 for evacuation
[2024-10-30T08:52:18.291+0530][gc,phases   ] GC(7)   Pre Evacuate Collection Set: 0.3ms
[2024-10-30T08:52:18.291+0530][gc,phases   ] GC(7)   Merge Heap Roots: 0.0ms
[2024-10-30T08:52:18.291+0530][gc,phases   ] GC(7)   Evacuate Collection Set: 2.7ms
[2024-10-30T08:52:18.291+0530][gc,phases   ] GC(7)   Post Evacuate Collection Set: 0.2ms
[2024-10-30T08:52:18.291+0530][gc,phases   ] GC(7)   Other: 0.0ms
[2024-10-30T08:52:18.291+0530][gc,heap     ] GC(7) Eden regions: 46->0(46)
[2024-10-30T08:52:18.291+0530][gc,heap     ] GC(7) Survivor regions: 5->5(7)
[2024-10-30T08:52:18.291+0530][gc,heap     ] GC(7) Old regions: 14->15
[2024-10-30T08:52:18.291+0530][gc,heap     ] GC(7) Archive regions: 2->2
[2024-10-30T08:52:18.291+0530][gc,heap     ] GC(7) Humongous regions: 129->129
[2024-10-30T08:52:18.291+0530][gc,metaspace] GC(7) Metaspace: 44026K(44736K)->44026K(44736K) NonClass: 38825K(39232K)->38825K(39232K) Class: 5201K(5504K)->5201K(5504K)
[2024-10-30T08:52:18.291+0530][gc          ] GC(7) Pause Young (Mixed) (G1 Evacuation Pause) 194M->149M(1024M) 3.597ms
[2024-10-30T08:52:18.291+0530][gc,cpu      ] GC(7) User=0.02s Sys=0.01s Real=0.01s
[2024-10-30T09:01:45.393+0530][gc,start    ] GC(8) Pause Young (Normal) (G1 Evacuation Pause)
[2024-10-30T09:01:45.395+0530][gc,task     ] GC(8) Using 8 workers of 8 for evacuation
[2024-10-30T09:01:45.411+0530][gc,phases   ] GC(8)   Pre Evacuate Collection Set: 1.1ms
[2024-10-30T09:01:45.411+0530][gc,phases   ] GC(8)   Merge Heap Roots: 0.3ms
[2024-10-30T09:01:45.411+0530][gc,phases   ] GC(8)   Evacuate Collection Set: 13.8ms
[2024-10-30T09:01:45.411+0530][gc,phases   ] GC(8)   Post Evacuate Collection Set: 0.8ms
[2024-10-30T09:01:45.411+0530][gc,phases   ] GC(8)   Other: 0.3ms
[2024-10-30T09:01:45.411+0530][gc,heap     ] GC(8) Eden regions: 46->0(48)
[2024-10-30T09:01:45.411+0530][gc,heap     ] GC(8) Survivor regions: 5->3(7)
[2024-10-30T09:01:45.411+0530][gc,heap     ] GC(8) Old regions: 15->18
[2024-10-30T09:01:45.411+0530][gc,heap     ] GC(8) Archive regions: 2->2
[2024-10-30T09:01:45.411+0530][gc,heap     ] GC(8) Humongous regions: 129->129
[2024-10-30T09:01:45.411+0530][gc,metaspace] GC(8) Metaspace: 44795K(45440K)->44795K(45440K) NonClass: 39460K(39808K)->39460K(39808K) Class: 5335K(5632K)->5335K(5632K)
[2024-10-30T09:01:45.411+0530][gc          ] GC(8) Pause Young (Normal) (G1 Evacuation Pause) 195M->150M(1024M) 18.386ms
[2024-10-30T09:01:45.412+0530][gc,cpu      ] GC(8) User=0.03s Sys=0.02s Real=0.02s
[2024-10-30T09:13:13.161+0530][gc,start    ] GC(9) Pause Young (Normal) (G1 Evacuation Pause)
[2024-10-30T09:13:13.163+0530][gc,task     ] GC(9) Using 8 workers of 8 for evacuation
[2024-10-30T09:13:13.174+0530][gc,phases   ] GC(9)   Pre Evacuate Collection Set: 0.8ms
[2024-10-30T09:13:13.174+0530][gc,phases   ] GC(9)   Merge Heap Roots: 0.1ms
[2024-10-30T09:13:13.174+0530][gc,phases   ] GC(9)   Evacuate Collection Set: 9.1ms
[2024-10-30T09:13:13.174+0530][gc,phases   ] GC(9)   Post Evacuate Collection Set: 0.5ms
[2024-10-30T09:13:13.174+0530][gc,phases   ] GC(9)   Other: 0.3ms
[2024-10-30T09:13:13.174+0530][gc,heap     ] GC(9) Eden regions: 48->0(46)
[2024-10-30T09:13:13.174+0530][gc,heap     ] GC(9) Survivor regions: 3->5(7)
[2024-10-30T09:13:13.174+0530][gc,heap     ] GC(9) Old regions: 18->18
[2024-10-30T09:13:13.174+0530][gc,heap     ] GC(9) Archive regions: 2->2
[2024-10-30T09:13:13.174+0530][gc,heap     ] GC(9) Humongous regions: 129->129
[2024-10-30T09:13:13.174+0530][gc,metaspace] GC(9) Metaspace: 45266K(46016K)->45266K(46016K) NonClass: 39832K(40256K)->39832K(40256K) Class: 5434K(5760K)->5434K(5760K)
[2024-10-30T09:13:13.174+0530][gc          ] GC(9) Pause Young (Normal) (G1 Evacuation Pause) 198M->151M(1024M) 12.454ms
[2024-10-30T09:13:13.174+0530][gc,cpu      ] GC(9) User=0.02s Sys=0.01s Real=0.01s
[2024-10-30T09:19:07.529+0530][gc,start    ] GC(10) Pause Young (Normal) (G1 Evacuation Pause)
[2024-10-30T09:19:07.530+0530][gc,task     ] GC(10) Using 8 workers of 8 for evacuation
[2024-10-30T09:19:07.550+0530][gc,mmu      ] GC(10) MMU target violated: 20.1ms (20.0ms/21.0ms)
[2024-10-30T09:19:07.551+0530][gc,phases   ] GC(10)   Pre Evacuate Collection Set: 1.2ms
[2024-10-30T09:19:07.551+0530][gc,phases   ] GC(10)   Merge Heap Roots: 0.1ms
[2024-10-30T09:19:07.551+0530][gc,phases   ] GC(10)   Evacuate Collection Set: 18.0ms
[2024-10-30T09:19:07.551+0530][gc,phases   ] GC(10)   Post Evacuate Collection Set: 0.6ms
[2024-10-30T09:19:07.551+0530][gc,phases   ] GC(10)   Other: 0.5ms
[2024-10-30T09:19:07.551+0530][gc,heap     ] GC(10) Eden regions: 46->0(44)
[2024-10-30T09:19:07.551+0530][gc,heap     ] GC(10) Survivor regions: 5->7(7)
[2024-10-30T09:19:07.551+0530][gc,heap     ] GC(10) Old regions: 18->19
[2024-10-30T09:19:07.551+0530][gc,heap     ] GC(10) Archive regions: 2->2
[2024-10-30T09:19:07.551+0530][gc,heap     ] GC(10) Humongous regions: 129->129
[2024-10-30T09:19:07.551+0530][gc,metaspace] GC(10) Metaspace: 45386K(46144K)->45386K(46144K) NonClass: 39947K(40384K)->39947K(40384K) Class: 5438K(5760K)->5438K(5760K)
[2024-10-30T09:19:07.551+0530][gc          ] GC(10) Pause Young (Normal) (G1 Evacuation Pause) 197M->155M(1024M) 21.861ms
[2024-10-30T09:19:07.551+0530][gc,cpu      ] GC(10) User=0.04s Sys=0.02s Real=0.03s
[2024-10-30T09:23:42.571+0530][gc,start    ] GC(11) Pause Young (Normal) (G1 Evacuation Pause)
[2024-10-30T09:23:42.572+0530][gc,task     ] GC(11) Using 8 workers of 8 for evacuation
[2024-10-30T09:23:42.588+0530][gc,phases   ] GC(11)   Pre Evacuate Collection Set: 0.4ms
[2024-10-30T09:23:42.588+0530][gc,phases   ] GC(11)   Merge Heap Roots: 0.1ms
[2024-10-30T09:23:42.589+0530][gc,phases   ] GC(11)   Evacuate Collection Set: 14.9ms
[2024-10-30T09:23:42.589+0530][gc,phases   ] GC(11)   Post Evacuate Collection Set: 0.6ms
[2024-10-30T09:23:42.589+0530][gc,phases   ] GC(11)   Other: 0.2ms
[2024-10-30T09:23:42.589+0530][gc,heap     ] GC(11) Eden regions: 44->0(47)
[2024-10-30T09:23:42.589+0530][gc,heap     ] GC(11) Survivor regions: 7->4(7)
[2024-10-30T09:23:42.589+0530][gc,heap     ] GC(11) Old regions: 19->24
[2024-10-30T09:23:42.589+0530][gc,heap     ] GC(11) Archive regions: 2->2
[2024-10-30T09:23:42.589+0530][gc,heap     ] GC(11) Humongous regions: 129->129
[2024-10-30T09:23:42.589+0530][gc,metaspace] GC(11) Metaspace: 45489K(46208K)->45489K(46208K) NonClass: 40050K(40448K)->40050K(40448K) Class: 5438K(5760K)->5438K(5760K)
[2024-10-30T09:23:42.589+0530][gc          ] GC(11) Pause Young (Normal) (G1 Evacuation Pause) 199M->156M(1024M) 18.087ms
[2024-10-30T09:23:42.589+0530][gc,cpu      ] GC(11) User=0.04s Sys=0.01s Real=0.01s
[2024-10-30T09:30:06.616+0530][gc,start    ] GC(12) Pause Young (Normal) (G1 Evacuation Pause)
[2024-10-30T09:30:06.618+0530][gc,task     ] GC(12) Using 8 workers of 8 for evacuation
[2024-10-30T09:30:06.632+0530][gc,phases   ] GC(12)   Pre Evacuate Collection Set: 0.6ms
[2024-10-30T09:30:06.632+0530][gc,phases   ] GC(12)   Merge Heap Roots: 0.1ms
[2024-10-30T09:30:06.632+0530][gc,phases   ] GC(12)   Evacuate Collection Set: 12.5ms
[2024-10-30T09:30:06.632+0530][gc,phases   ] GC(12)   Post Evacuate Collection Set: 0.6ms
[2024-10-30T09:30:06.632+0530][gc,phases   ] GC(12)   Other: 0.2ms
[2024-10-30T09:30:06.632+0530][gc,heap     ] GC(12) Eden regions: 47->0(44)
[2024-10-30T09:30:06.632+0530][gc,heap     ] GC(12) Survivor regions: 4->7(7)
[2024-10-30T09:30:06.632+0530][gc,heap     ] GC(12) Old regions: 24->24
[2024-10-30T09:30:06.632+0530][gc,heap     ] GC(12) Archive regions: 2->2
[2024-10-30T09:30:06.632+0530][gc,heap     ] GC(12) Humongous regions: 129->129
[2024-10-30T09:30:06.632+0530][gc,metaspace] GC(12) Metaspace: 45542K(46272K)->45542K(46272K) NonClass: 40103K(40512K)->40103K(40512K) Class: 5439K(5760K)->5439K(5760K)
[2024-10-30T09:30:06.632+0530][gc          ] GC(12) Pause Young (Normal) (G1 Evacuation Pause) 203M->160M(1024M) 15.776ms
[2024-10-30T09:30:06.632+0530][gc,cpu      ] GC(12) User=0.04s Sys=0.01s Real=0.02s
[2024-10-30T09:39:54.513+0530][gc,start    ] GC(13) Pause Young (Normal) (G1 Evacuation Pause)
[2024-10-30T09:39:54.515+0530][gc,task     ] GC(13) Using 8 workers of 8 for evacuation
[2024-10-30T09:39:54.534+0530][gc,phases   ] GC(13)   Pre Evacuate Collection Set: 1.3ms
[2024-10-30T09:39:54.534+0530][gc,phases   ] GC(13)   Merge Heap Roots: 0.2ms
[2024-10-30T09:39:54.534+0530][gc,phases   ] GC(13)   Evacuate Collection Set: 16.4ms
[2024-10-30T09:39:54.534+0530][gc,phases   ] GC(13)   Post Evacuate Collection Set: 0.5ms
[2024-10-30T09:39:54.534+0530][gc,phases   ] GC(13)   Other: 0.4ms
[2024-10-30T09:39:54.534+0530][gc,heap     ] GC(13) Eden regions: 44->0(47)
[2024-10-30T09:39:54.534+0530][gc,heap     ] GC(13) Survivor regions: 7->4(7)
[2024-10-30T09:39:54.534+0530][gc,heap     ] GC(13) Old regions: 24->30
[2024-10-30T09:39:54.534+0530][gc,heap     ] GC(13) Archive regions: 2->2
[2024-10-30T09:39:54.534+0530][gc,heap     ] GC(13) Humongous regions: 129->129
[2024-10-30T09:39:54.534+0530][gc,metaspace] GC(13) Metaspace: 45576K(46272K)->45576K(46272K) NonClass: 40136K(40512K)->40136K(40512K) Class: 5439K(5760K)->5439K(5760K)
[2024-10-30T09:39:54.534+0530][gc          ] GC(13) Pause Young (Normal) (G1 Evacuation Pause) 204M->163M(1024M) 21.035ms
[2024-10-30T09:39:54.534+0530][gc,cpu      ] GC(13) User=0.05s Sys=0.02s Real=0.02s
[2024-10-30T09:49:02.078+0530][gc,start    ] GC(14) Pause Young (Normal) (G1 Evacuation Pause)
[2024-10-30T09:49:02.079+0530][gc,task     ] GC(14) Using 8 workers of 8 for evacuation
[2024-10-30T09:49:02.104+0530][gc,mmu      ] GC(14) MMU target violated: 21.0ms (20.0ms/21.0ms)
[2024-10-30T09:49:02.104+0530][gc,phases   ] GC(14)   Pre Evacuate Collection Set: 1.4ms
[2024-10-30T09:49:02.104+0530][gc,phases   ] GC(14)   Merge Heap Roots: 0.3ms
[2024-10-30T09:49:02.104+0530][gc,phases   ] GC(14)   Evacuate Collection Set: 21.8ms
[2024-10-30T09:49:02.104+0530][gc,phases   ] GC(14)   Post Evacuate Collection Set: 0.8ms
[2024-10-30T09:49:02.104+0530][gc,phases   ] GC(14)   Other: 0.5ms
[2024-10-30T09:49:02.104+0530][gc,heap     ] GC(14) Eden regions: 47->0(44)
[2024-10-30T09:49:02.104+0530][gc,heap     ] GC(14) Survivor regions: 4->7(7)
[2024-10-30T09:49:02.104+0530][gc,heap     ] GC(14) Old regions: 30->31
[2024-10-30T09:49:02.104+0530][gc,heap     ] GC(14) Archive regions: 2->2
[2024-10-30T09:49:02.104+0530][gc,heap     ] GC(14) Humongous regions: 129->129
[2024-10-30T09:49:02.104+0530][gc,metaspace] GC(14) Metaspace: 45655K(46336K)->45655K(46336K) NonClass: 40212K(40576K)->40212K(40576K) Class: 5442K(5760K)->5442K(5760K)
[2024-10-30T09:49:02.104+0530][gc          ] GC(14) Pause Young (Normal) (G1 Evacuation Pause) 210M->167M(1024M) 27.755ms
[2024-10-30T09:49:02.104+0530][gc,cpu      ] GC(14) User=0.04s Sys=0.04s Real=0.03s
[2024-10-30T09:50:01.669+0530][gc,heap,exit] Heap
[2024-10-30T09:50:01.669+0530][gc,heap,exit]  garbage-first heap   total 1048576K, used 190917K [0x00000007c0000000, 0x0000000800000000)
[2024-10-30T09:50:01.669+0530][gc,heap,exit]   region size 1024K, 26 young (26624K), 7 survivors (7168K)
[2024-10-30T09:50:01.669+0530][gc,heap,exit]  Metaspace       used 46474K, committed 47104K, reserved 1114112K
[2024-10-30T09:50:01.669+0530][gc,heap,exit]   class space    used 5616K, committed 5888K, reserved 1048576K
