[2024-10-30T09:56:52.876+0530][gc,init] CardTable entry size: 512
[2024-10-30T09:56:52.876+0530][gc     ] Using G1
[2024-10-30T09:56:52.877+0530][gc,init] Version: 20.0.1+9-29 (release)
[2024-10-30T09:56:52.877+0530][gc,init] CPUs: 8 total, 8 available
[2024-10-30T09:56:52.877+0530][gc,init] Memory: 8192M
[2024-10-30T09:56:52.877+0530][gc,init] Large Page Support: Disabled
[2024-10-30T09:56:52.877+0530][gc,init] NUMA Support: Disabled
[2024-10-30T09:56:52.877+0530][gc,init] Compressed Oops: Enabled (Zero based)
[2024-10-30T09:56:52.877+0530][gc,init] Heap Region Size: 1M
[2024-10-30T09:56:52.877+0530][gc,init] Heap Min Capacity: 1G
[2024-10-30T09:56:52.877+0530][gc,init] Heap Initial Capacity: 1G
[2024-10-30T09:56:52.877+0530][gc,init] Heap Max Capacity: 1G
[2024-10-30T09:56:52.877+0530][gc,init] Pre-touch: Disabled
[2024-10-30T09:56:52.877+0530][gc,init] Parallel Workers: 8
[2024-10-30T09:56:52.877+0530][gc,init] Concurrent Workers: 2
[2024-10-30T09:56:52.877+0530][gc,init] Concurrent Refinement Workers: 8
[2024-10-30T09:56:52.877+0530][gc,init] Periodic GC: Disabled
[2024-10-30T09:56:52.877+0530][gc,metaspace] CDS archive(s) mapped at: [0x0000000800000000-0x0000000800c6c000-0x0000000800c6c000), size 13025280, SharedBaseAddress: 0x0000000800000000, ArchiveRelocationMode: 0.
[2024-10-30T09:56:52.877+0530][gc,metaspace] Compressed class space mapped at: 0x0000000801000000-0x0000000841000000, reserved size: 1073741824
[2024-10-30T09:56:52.877+0530][gc,metaspace] Narrow klass base: 0x0000000800000000, Narrow klass shift: 0, Narrow klass range: 0x100000000
[2024-10-30T09:56:53.596+0530][gc,start    ] GC(0) Pause Young (Normal) (G1 Evacuation Pause)
[2024-10-30T09:56:53.596+0530][gc,task     ] GC(0) Using 8 workers of 8 for evacuation
[2024-10-30T09:56:53.598+0530][gc,phases   ] GC(0)   Pre Evacuate Collection Set: 0.1ms
[2024-10-30T09:56:53.598+0530][gc,phases   ] GC(0)   Merge Heap Roots: 0.0ms
[2024-10-30T09:56:53.598+0530][gc,phases   ] GC(0)   Evacuate Collection Set: 1.8ms
[2024-10-30T09:56:53.598+0530][gc,phases   ] GC(0)   Post Evacuate Collection Set: 0.2ms
[2024-10-30T09:56:53.598+0530][gc,phases   ] GC(0)   Other: 0.2ms
[2024-10-30T09:56:53.598+0530][gc,heap     ] GC(0) Eden regions: 51->0(44)
[2024-10-30T09:56:53.598+0530][gc,heap     ] GC(0) Survivor regions: 0->7(7)
[2024-10-30T09:56:53.598+0530][gc,heap     ] GC(0) Old regions: 0->2
[2024-10-30T09:56:53.598+0530][gc,heap     ] GC(0) Archive regions: 2->2
[2024-10-30T09:56:53.598+0530][gc,heap     ] GC(0) Humongous regions: 0->0
[2024-10-30T09:56:53.598+0530][gc,metaspace] GC(0) Metaspace: 17594K(17792K)->17594K(17792K) NonClass: 15537K(15680K)->15537K(15680K) Class: 2056K(2112K)->2056K(2112K)
[2024-10-30T09:56:53.598+0530][gc          ] GC(0) Pause Young (Normal) (G1 Evacuation Pause) 51M->9M(1024M) 2.452ms
[2024-10-30T09:56:53.598+0530][gc,cpu      ] GC(0) User=0.01s Sys=0.00s Real=0.00s
[2024-10-30T09:56:53.684+0530][gc,start    ] GC(1) Pause Young (Concurrent Start) (Metadata GC Threshold)
[2024-10-30T09:56:53.684+0530][gc,task     ] GC(1) Using 8 workers of 8 for evacuation
[2024-10-30T09:56:53.687+0530][gc,phases   ] GC(1)   Pre Evacuate Collection Set: 0.1ms
[2024-10-30T09:56:53.687+0530][gc,phases   ] GC(1)   Merge Heap Roots: 0.0ms
[2024-10-30T09:56:53.687+0530][gc,phases   ] GC(1)   Evacuate Collection Set: 1.8ms
[2024-10-30T09:56:53.687+0530][gc,phases   ] GC(1)   Post Evacuate Collection Set: 0.1ms
[2024-10-30T09:56:53.687+0530][gc,phases   ] GC(1)   Other: 0.0ms
[2024-10-30T09:56:53.687+0530][gc,heap     ] GC(1) Eden regions: 15->0(50)
[2024-10-30T09:56:53.687+0530][gc,heap     ] GC(1) Survivor regions: 7->1(7)
[2024-10-30T09:56:53.687+0530][gc,heap     ] GC(1) Old regions: 2->9
[2024-10-30T09:56:53.687+0530][gc,heap     ] GC(1) Archive regions: 2->2
[2024-10-30T09:56:53.687+0530][gc,heap     ] GC(1) Humongous regions: 0->0
[2024-10-30T09:56:53.687+0530][gc,metaspace] GC(1) Metaspace: 21257K(21504K)->21257K(21504K) NonClass: 18748K(18880K)->18748K(18880K) Class: 2508K(2624K)->2508K(2624K)
[2024-10-30T09:56:53.687+0530][gc          ] GC(1) Pause Young (Concurrent Start) (Metadata GC Threshold) 23M->10M(1024M) 2.226ms
[2024-10-30T09:56:53.687+0530][gc          ] GC(2) Concurrent Mark Cycle
[2024-10-30T09:56:53.687+0530][gc,cpu      ] GC(1) User=0.01s Sys=0.00s Real=0.00s
[2024-10-30T09:56:53.687+0530][gc,marking  ] GC(2) Concurrent Scan Root Regions
[2024-10-30T09:56:53.688+0530][gc,marking  ] GC(2) Concurrent Scan Root Regions 1.043ms
[2024-10-30T09:56:53.688+0530][gc,marking  ] GC(2) Concurrent Mark
[2024-10-30T09:56:53.688+0530][gc,marking  ] GC(2) Concurrent Mark From Roots
[2024-10-30T09:56:53.688+0530][gc,task     ] GC(2) Using 2 workers of 2 for marking
[2024-10-30T09:56:53.689+0530][gc,marking  ] GC(2) Concurrent Mark From Roots 0.756ms
[2024-10-30T09:56:53.689+0530][gc,marking  ] GC(2) Concurrent Preclean
[2024-10-30T09:56:53.689+0530][gc,marking  ] GC(2) Concurrent Preclean 0.006ms
[2024-10-30T09:56:53.689+0530][gc,start    ] GC(2) Pause Remark
[2024-10-30T09:56:53.689+0530][gc          ] GC(2) Pause Remark 11M->11M(1024M) 0.729ms
[2024-10-30T09:56:53.689+0530][gc,cpu      ] GC(2) User=0.00s Sys=0.00s Real=0.00s
[2024-10-30T09:56:53.689+0530][gc,marking  ] GC(2) Concurrent Mark 1.592ms
[2024-10-30T09:56:53.689+0530][gc,marking  ] GC(2) Concurrent Rebuild Remembered Sets and Scrub Regions
[2024-10-30T09:56:53.690+0530][gc,marking  ] GC(2) Concurrent Rebuild Remembered Sets and Scrub Regions 0.944ms
[2024-10-30T09:56:53.690+0530][gc,start    ] GC(2) Pause Cleanup
[2024-10-30T09:56:53.690+0530][gc          ] GC(2) Pause Cleanup 11M->11M(1024M) 0.052ms
[2024-10-30T09:56:53.690+0530][gc,cpu      ] GC(2) User=0.00s Sys=0.00s Real=0.00s
[2024-10-30T09:56:53.690+0530][gc,marking  ] GC(2) Concurrent Clear Claimed Marks
[2024-10-30T09:56:53.690+0530][gc,marking  ] GC(2) Concurrent Clear Claimed Marks 0.008ms
[2024-10-30T09:56:53.690+0530][gc,marking  ] GC(2) Concurrent Cleanup for Next Mark
[2024-10-30T09:56:53.691+0530][gc,marking  ] GC(2) Concurrent Cleanup for Next Mark 1.027ms
[2024-10-30T09:56:53.691+0530][gc          ] GC(2) Concurrent Mark Cycle 4.771ms
[2024-10-30T09:56:54.149+0530][gc,start    ] GC(3) Pause Young (Normal) (G1 Evacuation Pause)
[2024-10-30T09:56:54.149+0530][gc,task     ] GC(3) Using 8 workers of 8 for evacuation
[2024-10-30T09:56:54.150+0530][gc,phases   ] GC(3)   Pre Evacuate Collection Set: 0.1ms
[2024-10-30T09:56:54.150+0530][gc,phases   ] GC(3)   Merge Heap Roots: 0.0ms
[2024-10-30T09:56:54.150+0530][gc,phases   ] GC(3)   Evacuate Collection Set: 1.4ms
[2024-10-30T09:56:54.150+0530][gc,phases   ] GC(3)   Post Evacuate Collection Set: 0.2ms
[2024-10-30T09:56:54.150+0530][gc,phases   ] GC(3)   Other: 0.0ms
[2024-10-30T09:56:54.150+0530][gc,heap     ] GC(3) Eden regions: 50->0(44)
[2024-10-30T09:56:54.150+0530][gc,heap     ] GC(3) Survivor regions: 1->7(7)
[2024-10-30T09:56:54.150+0530][gc,heap     ] GC(3) Old regions: 9->9
[2024-10-30T09:56:54.150+0530][gc,heap     ] GC(3) Archive regions: 2->2
[2024-10-30T09:56:54.150+0530][gc,heap     ] GC(3) Humongous regions: 129->129
[2024-10-30T09:56:54.150+0530][gc,metaspace] GC(3) Metaspace: 30862K(31168K)->30862K(31168K) NonClass: 27429K(27584K)->27429K(27584K) Class: 3432K(3584K)->3432K(3584K)
[2024-10-30T09:56:54.151+0530][gc          ] GC(3) Pause Young (Normal) (G1 Evacuation Pause) 189M->144M(1024M) 1.844ms
[2024-10-30T09:56:54.151+0530][gc,cpu      ] GC(3) User=0.01s Sys=0.00s Real=0.01s
[2024-10-30T09:56:54.237+0530][gc,start    ] GC(4) Pause Young (Concurrent Start) (Metadata GC Threshold)
[2024-10-30T09:56:54.237+0530][gc,task     ] GC(4) Using 8 workers of 8 for evacuation
[2024-10-30T09:56:54.239+0530][gc,phases   ] GC(4)   Pre Evacuate Collection Set: 0.1ms
[2024-10-30T09:56:54.239+0530][gc,phases   ] GC(4)   Merge Heap Roots: 0.0ms
[2024-10-30T09:56:54.239+0530][gc,phases   ] GC(4)   Evacuate Collection Set: 1.6ms
[2024-10-30T09:56:54.239+0530][gc,phases   ] GC(4)   Post Evacuate Collection Set: 0.1ms
[2024-10-30T09:56:54.239+0530][gc,phases   ] GC(4)   Other: 0.0ms
[2024-10-30T09:56:54.239+0530][gc,heap     ] GC(4) Eden regions: 19->0(49)
[2024-10-30T09:56:54.239+0530][gc,heap     ] GC(4) Survivor regions: 7->2(7)
[2024-10-30T09:56:54.239+0530][gc,heap     ] GC(4) Old regions: 9->14
[2024-10-30T09:56:54.239+0530][gc,heap     ] GC(4) Archive regions: 2->2
[2024-10-30T09:56:54.239+0530][gc,heap     ] GC(4) Humongous regions: 129->129
[2024-10-30T09:56:54.239+0530][gc,metaspace] GC(4) Metaspace: 35679K(35968K)->35679K(35968K) NonClass: 31784K(31936K)->31784K(31936K) Class: 3895K(4032K)->3895K(4032K)
[2024-10-30T09:56:54.239+0530][gc          ] GC(4) Pause Young (Concurrent Start) (Metadata GC Threshold) 162M->145M(1024M) 2.009ms
[2024-10-30T09:56:54.239+0530][gc          ] GC(5) Concurrent Mark Cycle
[2024-10-30T09:56:54.239+0530][gc,cpu      ] GC(4) User=0.01s Sys=0.01s Real=0.00s
[2024-10-30T09:56:54.239+0530][gc,marking  ] GC(5) Concurrent Scan Root Regions
[2024-10-30T09:56:54.240+0530][gc,marking  ] GC(5) Concurrent Scan Root Regions 1.532ms
[2024-10-30T09:56:54.240+0530][gc,marking  ] GC(5) Concurrent Mark
[2024-10-30T09:56:54.240+0530][gc,marking  ] GC(5) Concurrent Mark From Roots
[2024-10-30T09:56:54.240+0530][gc,task     ] GC(5) Using 2 workers of 2 for marking
[2024-10-30T09:56:54.243+0530][gc,marking  ] GC(5) Concurrent Mark From Roots 2.395ms
[2024-10-30T09:56:54.243+0530][gc,marking  ] GC(5) Concurrent Preclean
[2024-10-30T09:56:54.243+0530][gc,marking  ] GC(5) Concurrent Preclean 0.048ms
[2024-10-30T09:56:54.243+0530][gc,start    ] GC(5) Pause Remark
[2024-10-30T09:56:54.244+0530][gc          ] GC(5) Pause Remark 146M->146M(1024M) 0.879ms
[2024-10-30T09:56:54.244+0530][gc,cpu      ] GC(5) User=0.00s Sys=0.00s Real=0.00s
[2024-10-30T09:56:54.244+0530][gc,marking  ] GC(5) Concurrent Mark 3.843ms
[2024-10-30T09:56:54.244+0530][gc,marking  ] GC(5) Concurrent Rebuild Remembered Sets and Scrub Regions
[2024-10-30T09:56:54.246+0530][gc,marking  ] GC(5) Concurrent Rebuild Remembered Sets and Scrub Regions 2.070ms
[2024-10-30T09:56:54.246+0530][gc,start    ] GC(5) Pause Cleanup
[2024-10-30T09:56:54.246+0530][gc          ] GC(5) Pause Cleanup 147M->147M(1024M) 0.066ms
[2024-10-30T09:56:54.246+0530][gc,cpu      ] GC(5) User=0.00s Sys=0.00s Real=0.00s
[2024-10-30T09:56:54.246+0530][gc,marking  ] GC(5) Concurrent Clear Claimed Marks
[2024-10-30T09:56:54.246+0530][gc,marking  ] GC(5) Concurrent Clear Claimed Marks 0.007ms
[2024-10-30T09:56:54.246+0530][gc,marking  ] GC(5) Concurrent Cleanup for Next Mark
[2024-10-30T09:56:54.247+0530][gc,marking  ] GC(5) Concurrent Cleanup for Next Mark 0.816ms
[2024-10-30T09:56:54.247+0530][gc          ] GC(5) Concurrent Mark Cycle 8.491ms
[2024-10-30T09:58:04.458+0530][gc,start    ] GC(6) Pause Young (Prepare Mixed) (G1 Evacuation Pause)
[2024-10-30T09:58:04.459+0530][gc,task     ] GC(6) Using 8 workers of 8 for evacuation
[2024-10-30T09:58:04.481+0530][gc,mmu      ] GC(6) MMU target violated: 21.0ms (20.0ms/21.0ms)
[2024-10-30T09:58:04.481+0530][gc,phases   ] GC(6)   Pre Evacuate Collection Set: 0.9ms
[2024-10-30T09:58:04.481+0530][gc,phases   ] GC(6)   Merge Heap Roots: 0.2ms
[2024-10-30T09:58:04.481+0530][gc,phases   ] GC(6)   Evacuate Collection Set: 20.3ms
[2024-10-30T09:58:04.481+0530][gc,phases   ] GC(6)   Post Evacuate Collection Set: 0.9ms
[2024-10-30T09:58:04.481+0530][gc,phases   ] GC(6)   Other: 0.3ms
[2024-10-30T09:58:04.481+0530][gc,heap     ] GC(6) Eden regions: 49->0(46)
[2024-10-30T09:58:04.481+0530][gc,heap     ] GC(6) Survivor regions: 2->5(7)
[2024-10-30T09:58:04.481+0530][gc,heap     ] GC(6) Old regions: 14->14
[2024-10-30T09:58:04.481+0530][gc,heap     ] GC(6) Archive regions: 2->2
[2024-10-30T09:58:04.481+0530][gc,heap     ] GC(6) Humongous regions: 363->129
[2024-10-30T09:58:04.481+0530][gc,metaspace] GC(6) Metaspace: 42405K(43072K)->42405K(43072K) NonClass: 37457K(37824K)->37457K(37824K) Class: 4948K(5248K)->4948K(5248K)
[2024-10-30T09:58:04.481+0530][gc          ] GC(6) Pause Young (Prepare Mixed) (G1 Evacuation Pause) 428M->148M(1024M) 23.973ms
[2024-10-30T09:58:04.482+0530][gc,cpu      ] GC(6) User=0.03s Sys=0.08s Real=0.03s
[2024-10-30T10:12:30.623+0530][gc,start    ] GC(7) Pause Young (Mixed) (G1 Evacuation Pause)
[2024-10-30T10:12:30.624+0530][gc,task     ] GC(7) Using 8 workers of 8 for evacuation
[2024-10-30T10:12:30.635+0530][gc,phases   ] GC(7)   Pre Evacuate Collection Set: 0.4ms
[2024-10-30T10:12:30.635+0530][gc,phases   ] GC(7)   Merge Heap Roots: 0.1ms
[2024-10-30T10:12:30.635+0530][gc,phases   ] GC(7)   Evacuate Collection Set: 9.5ms
[2024-10-30T10:12:30.635+0530][gc,phases   ] GC(7)   Post Evacuate Collection Set: 0.3ms
[2024-10-30T10:12:30.635+0530][gc,phases   ] GC(7)   Other: 0.1ms
[2024-10-30T10:12:30.635+0530][gc,heap     ] GC(7) Eden regions: 46->0(46)
[2024-10-30T10:12:30.635+0530][gc,heap     ] GC(7) Survivor regions: 5->5(7)
[2024-10-30T10:12:30.635+0530][gc,heap     ] GC(7) Old regions: 14->15
[2024-10-30T10:12:30.635+0530][gc,heap     ] GC(7) Archive regions: 2->2
[2024-10-30T10:12:30.635+0530][gc,heap     ] GC(7) Humongous regions: 129->129
[2024-10-30T10:12:30.635+0530][gc,metaspace] GC(7) Metaspace: 43972K(44672K)->43972K(44672K) NonClass: 38708K(39104K)->38708K(39104K) Class: 5263K(5568K)->5263K(5568K)
[2024-10-30T10:12:30.635+0530][gc          ] GC(7) Pause Young (Mixed) (G1 Evacuation Pause) 194M->149M(1024M) 11.303ms
[2024-10-30T10:12:30.635+0530][gc,cpu      ] GC(7) User=0.02s Sys=0.04s Real=0.01s
[2024-10-30T10:18:14.440+0530][gc,start    ] GC(8) Pause Young (Normal) (G1 Evacuation Pause)
[2024-10-30T10:18:14.440+0530][gc,task     ] GC(8) Using 8 workers of 8 for evacuation
[2024-10-30T10:18:14.446+0530][gc,phases   ] GC(8)   Pre Evacuate Collection Set: 0.4ms
[2024-10-30T10:18:14.446+0530][gc,phases   ] GC(8)   Merge Heap Roots: 0.1ms
[2024-10-30T10:18:14.446+0530][gc,phases   ] GC(8)   Evacuate Collection Set: 4.7ms
[2024-10-30T10:18:14.446+0530][gc,phases   ] GC(8)   Post Evacuate Collection Set: 0.3ms
[2024-10-30T10:18:14.446+0530][gc,phases   ] GC(8)   Other: 0.1ms
[2024-10-30T10:18:14.446+0530][gc,heap     ] GC(8) Eden regions: 46->0(48)
[2024-10-30T10:18:14.446+0530][gc,heap     ] GC(8) Survivor regions: 5->3(7)
[2024-10-30T10:18:14.446+0530][gc,heap     ] GC(8) Old regions: 15->18
[2024-10-30T10:18:14.446+0530][gc,heap     ] GC(8) Archive regions: 2->2
[2024-10-30T10:18:14.446+0530][gc,heap     ] GC(8) Humongous regions: 129->129
[2024-10-30T10:18:14.446+0530][gc,metaspace] GC(8) Metaspace: 44891K(45568K)->44891K(45568K) NonClass: 39487K(39872K)->39487K(39872K) Class: 5404K(5696K)->5404K(5696K)
[2024-10-30T10:18:14.446+0530][gc          ] GC(8) Pause Young (Normal) (G1 Evacuation Pause) 195M->149M(1024M) 5.875ms
[2024-10-30T10:18:14.446+0530][gc,cpu      ] GC(8) User=0.02s Sys=0.02s Real=0.00s
[2024-10-30T10:18:14.839+0530][gc,heap,exit] Heap
[2024-10-30T10:18:14.839+0530][gc,heap,exit]  garbage-first heap   total 1048576K, used 163198K [0x00000007c0000000, 0x0000000800000000)
[2024-10-30T10:18:14.839+0530][gc,heap,exit]   region size 1024K, 13 young (13312K), 3 survivors (3072K)
[2024-10-30T10:18:14.839+0530][gc,heap,exit]  Metaspace       used 45568K, committed 46208K, reserved 1114112K
[2024-10-30T10:18:14.839+0530][gc,heap,exit]   class space    used 5538K, committed 5824K, reserved 1048576K
