[2024-10-29T09:35:29.549+0530][gc,init] CardTable entry size: 512
[2024-10-29T09:35:29.549+0530][gc     ] Using G1
[2024-10-29T09:35:29.550+0530][gc,init] Version: 20.0.1+9-29 (release)
[2024-10-29T09:35:29.550+0530][gc,init] CPUs: 8 total, 8 available
[2024-10-29T09:35:29.550+0530][gc,init] Memory: 8192M
[2024-10-29T09:35:29.550+0530][gc,init] Large Page Support: Disabled
[2024-10-29T09:35:29.550+0530][gc,init] NUMA Support: Disabled
[2024-10-29T09:35:29.550+0530][gc,init] Compressed Oops: Enabled (Zero based)
[2024-10-29T09:35:29.550+0530][gc,init] Heap Region Size: 1M
[2024-10-29T09:35:29.550+0530][gc,init] Heap Min Capacity: 1G
[2024-10-29T09:35:29.550+0530][gc,init] Heap Initial Capacity: 1G
[2024-10-29T09:35:29.550+0530][gc,init] Heap Max Capacity: 1G
[2024-10-29T09:35:29.550+0530][gc,init] Pre-touch: Disabled
[2024-10-29T09:35:29.550+0530][gc,init] Parallel Workers: 8
[2024-10-29T09:35:29.550+0530][gc,init] Concurrent Workers: 2
[2024-10-29T09:35:29.550+0530][gc,init] Concurrent Refinement Workers: 8
[2024-10-29T09:35:29.550+0530][gc,init] Periodic GC: Disabled
[2024-10-29T09:35:29.550+0530][gc,metaspace] CDS archive(s) mapped at: [0x0000000800000000-0x0000000800c6c000-0x0000000800c6c000), size 13025280, SharedBaseAddress: 0x0000000800000000, ArchiveRelocationMode: 0.
[2024-10-29T09:35:29.550+0530][gc,metaspace] Compressed class space mapped at: 0x0000000801000000-0x0000000841000000, reserved size: 1073741824
[2024-10-29T09:35:29.550+0530][gc,metaspace] Narrow klass base: 0x0000000800000000, Narrow klass shift: 0, Narrow klass range: 0x100000000
[2024-10-29T09:35:30.178+0530][gc,start    ] GC(0) Pause Young (Normal) (G1 Evacuation Pause)
[2024-10-29T09:35:30.178+0530][gc,task     ] GC(0) Using 8 workers of 8 for evacuation
[2024-10-29T09:35:30.180+0530][gc,phases   ] GC(0)   Pre Evacuate Collection Set: 0.1ms
[2024-10-29T09:35:30.180+0530][gc,phases   ] GC(0)   Merge Heap Roots: 0.0ms
[2024-10-29T09:35:30.180+0530][gc,phases   ] GC(0)   Evacuate Collection Set: 1.7ms
[2024-10-29T09:35:30.180+0530][gc,phases   ] GC(0)   Post Evacuate Collection Set: 0.3ms
[2024-10-29T09:35:30.180+0530][gc,phases   ] GC(0)   Other: 0.2ms
[2024-10-29T09:35:30.180+0530][gc,heap     ] GC(0) Eden regions: 51->0(44)
[2024-10-29T09:35:30.180+0530][gc,heap     ] GC(0) Survivor regions: 0->7(7)
[2024-10-29T09:35:30.180+0530][gc,heap     ] GC(0) Old regions: 0->2
[2024-10-29T09:35:30.180+0530][gc,heap     ] GC(0) Archive regions: 2->2
[2024-10-29T09:35:30.180+0530][gc,heap     ] GC(0) Humongous regions: 0->0
[2024-10-29T09:35:30.180+0530][gc,metaspace] GC(0) Metaspace: 17582K(17728K)->17582K(17728K) NonClass: 15526K(15616K)->15526K(15616K) Class: 2056K(2112K)->2056K(2112K)
[2024-10-29T09:35:30.180+0530][gc          ] GC(0) Pause Young (Normal) (G1 Evacuation Pause) 51M->9M(1024M) 2.479ms
[2024-10-29T09:35:30.180+0530][gc,cpu      ] GC(0) User=0.01s Sys=0.00s Real=0.01s
[2024-10-29T09:35:30.262+0530][gc,start    ] GC(1) Pause Young (Concurrent Start) (Metadata GC Threshold)
[2024-10-29T09:35:30.262+0530][gc,task     ] GC(1) Using 8 workers of 8 for evacuation
[2024-10-29T09:35:30.264+0530][gc,phases   ] GC(1)   Pre Evacuate Collection Set: 0.1ms
[2024-10-29T09:35:30.264+0530][gc,phases   ] GC(1)   Merge Heap Roots: 0.0ms
[2024-10-29T09:35:30.264+0530][gc,phases   ] GC(1)   Evacuate Collection Set: 1.7ms
[2024-10-29T09:35:30.264+0530][gc,phases   ] GC(1)   Post Evacuate Collection Set: 0.2ms
[2024-10-29T09:35:30.264+0530][gc,phases   ] GC(1)   Other: 0.0ms
[2024-10-29T09:35:30.264+0530][gc,heap     ] GC(1) Eden regions: 15->0(49)
[2024-10-29T09:35:30.264+0530][gc,heap     ] GC(1) Survivor regions: 7->2(7)
[2024-10-29T09:35:30.264+0530][gc,heap     ] GC(1) Old regions: 2->9
[2024-10-29T09:35:30.264+0530][gc,heap     ] GC(1) Archive regions: 2->2
[2024-10-29T09:35:30.264+0530][gc,heap     ] GC(1) Humongous regions: 0->0
[2024-10-29T09:35:30.264+0530][gc,metaspace] GC(1) Metaspace: 21266K(21504K)->21266K(21504K) NonClass: 18756K(18880K)->18756K(18880K) Class: 2509K(2624K)->2509K(2624K)
[2024-10-29T09:35:30.264+0530][gc          ] GC(1) Pause Young (Concurrent Start) (Metadata GC Threshold) 23M->10M(1024M) 2.170ms
[2024-10-29T09:35:30.264+0530][gc,cpu      ] GC(1) User=0.01s Sys=0.00s Real=0.00s
[2024-10-29T09:35:30.264+0530][gc          ] GC(2) Concurrent Mark Cycle
[2024-10-29T09:35:30.264+0530][gc,marking  ] GC(2) Concurrent Scan Root Regions
[2024-10-29T09:35:30.265+0530][gc,marking  ] GC(2) Concurrent Scan Root Regions 0.972ms
[2024-10-29T09:35:30.265+0530][gc,marking  ] GC(2) Concurrent Mark
[2024-10-29T09:35:30.265+0530][gc,marking  ] GC(2) Concurrent Mark From Roots
[2024-10-29T09:35:30.265+0530][gc,task     ] GC(2) Using 2 workers of 2 for marking
[2024-10-29T09:35:30.266+0530][gc,marking  ] GC(2) Concurrent Mark From Roots 0.789ms
[2024-10-29T09:35:30.266+0530][gc,marking  ] GC(2) Concurrent Preclean
[2024-10-29T09:35:30.266+0530][gc,marking  ] GC(2) Concurrent Preclean 0.005ms
[2024-10-29T09:35:30.266+0530][gc,start    ] GC(2) Pause Remark
[2024-10-29T09:35:30.266+0530][gc          ] GC(2) Pause Remark 11M->11M(1024M) 0.715ms
[2024-10-29T09:35:30.266+0530][gc,cpu      ] GC(2) User=0.01s Sys=0.00s Real=0.00s
[2024-10-29T09:35:30.266+0530][gc,marking  ] GC(2) Concurrent Mark 1.622ms
[2024-10-29T09:35:30.266+0530][gc,marking  ] GC(2) Concurrent Rebuild Remembered Sets and Scrub Regions
[2024-10-29T09:35:30.267+0530][gc,marking  ] GC(2) Concurrent Rebuild Remembered Sets and Scrub Regions 1.104ms
[2024-10-29T09:35:30.268+0530][gc,start    ] GC(2) Pause Cleanup
[2024-10-29T09:35:30.268+0530][gc          ] GC(2) Pause Cleanup 11M->11M(1024M) 0.070ms
[2024-10-29T09:35:30.268+0530][gc,cpu      ] GC(2) User=0.00s Sys=0.00s Real=0.00s
[2024-10-29T09:35:30.268+0530][gc,marking  ] GC(2) Concurrent Clear Claimed Marks
[2024-10-29T09:35:30.268+0530][gc,marking  ] GC(2) Concurrent Clear Claimed Marks 0.005ms
[2024-10-29T09:35:30.268+0530][gc,marking  ] GC(2) Concurrent Cleanup for Next Mark
[2024-10-29T09:35:30.269+0530][gc,marking  ] GC(2) Concurrent Cleanup for Next Mark 0.997ms
[2024-10-29T09:35:30.269+0530][gc          ] GC(2) Concurrent Mark Cycle 5.030ms
[2024-10-29T09:35:30.570+0530][gc,start    ] GC(3) Pause Young (Normal) (G1 Evacuation Pause)
[2024-10-29T09:35:30.570+0530][gc,task     ] GC(3) Using 8 workers of 8 for evacuation
[2024-10-29T09:35:30.572+0530][gc,phases   ] GC(3)   Pre Evacuate Collection Set: 0.1ms
[2024-10-29T09:35:30.572+0530][gc,phases   ] GC(3)   Merge Heap Roots: 0.0ms
[2024-10-29T09:35:30.572+0530][gc,phases   ] GC(3)   Evacuate Collection Set: 1.4ms
[2024-10-29T09:35:30.572+0530][gc,phases   ] GC(3)   Post Evacuate Collection Set: 0.2ms
[2024-10-29T09:35:30.572+0530][gc,phases   ] GC(3)   Other: 0.0ms
[2024-10-29T09:35:30.572+0530][gc,heap     ] GC(3) Eden regions: 49->0(45)
[2024-10-29T09:35:30.572+0530][gc,heap     ] GC(3) Survivor regions: 2->6(7)
[2024-10-29T09:35:30.572+0530][gc,heap     ] GC(3) Old regions: 9->9
[2024-10-29T09:35:30.572+0530][gc,heap     ] GC(3) Archive regions: 2->2
[2024-10-29T09:35:30.572+0530][gc,heap     ] GC(3) Humongous regions: 129->129
[2024-10-29T09:35:30.572+0530][gc,metaspace] GC(3) Metaspace: 30801K(31168K)->30801K(31168K) NonClass: 27370K(27584K)->27370K(27584K) Class: 3431K(3584K)->3431K(3584K)
[2024-10-29T09:35:30.572+0530][gc          ] GC(3) Pause Young (Normal) (G1 Evacuation Pause) 188M->143M(1024M) 1.767ms
[2024-10-29T09:35:30.572+0530][gc,cpu      ] GC(3) User=0.01s Sys=0.00s Real=0.00s
[2024-10-29T09:35:30.658+0530][gc,start    ] GC(4) Pause Young (Concurrent Start) (Metadata GC Threshold)
[2024-10-29T09:35:30.658+0530][gc,task     ] GC(4) Using 8 workers of 8 for evacuation
[2024-10-29T09:35:30.660+0530][gc,phases   ] GC(4)   Pre Evacuate Collection Set: 0.1ms
[2024-10-29T09:35:30.660+0530][gc,phases   ] GC(4)   Merge Heap Roots: 0.0ms
[2024-10-29T09:35:30.660+0530][gc,phases   ] GC(4)   Evacuate Collection Set: 1.7ms
[2024-10-29T09:35:30.660+0530][gc,phases   ] GC(4)   Post Evacuate Collection Set: 0.1ms
[2024-10-29T09:35:30.660+0530][gc,phases   ] GC(4)   Other: 0.0ms
[2024-10-29T09:35:30.660+0530][gc,heap     ] GC(4) Eden regions: 20->0(49)
[2024-10-29T09:35:30.660+0530][gc,heap     ] GC(4) Survivor regions: 6->2(7)
[2024-10-29T09:35:30.660+0530][gc,heap     ] GC(4) Old regions: 9->14
[2024-10-29T09:35:30.660+0530][gc,heap     ] GC(4) Archive regions: 2->2
[2024-10-29T09:35:30.660+0530][gc,heap     ] GC(4) Humongous regions: 129->129
[2024-10-29T09:35:30.660+0530][gc,metaspace] GC(4) Metaspace: 35547K(35904K)->35547K(35904K) NonClass: 31640K(31872K)->31640K(31872K) Class: 3907K(4032K)->3907K(4032K)
[2024-10-29T09:35:30.660+0530][gc          ] GC(4) Pause Young (Concurrent Start) (Metadata GC Threshold) 162M->145M(1024M) 2.102ms
[2024-10-29T09:35:30.660+0530][gc          ] GC(5) Concurrent Mark Cycle
[2024-10-29T09:35:30.660+0530][gc,cpu      ] GC(4) User=0.02s Sys=0.01s Real=0.01s
[2024-10-29T09:35:30.660+0530][gc,marking  ] GC(5) Concurrent Scan Root Regions
[2024-10-29T09:35:30.662+0530][gc,marking  ] GC(5) Concurrent Scan Root Regions 1.680ms
[2024-10-29T09:35:30.662+0530][gc,marking  ] GC(5) Concurrent Mark
[2024-10-29T09:35:30.662+0530][gc,marking  ] GC(5) Concurrent Mark From Roots
[2024-10-29T09:35:30.662+0530][gc,task     ] GC(5) Using 2 workers of 2 for marking
[2024-10-29T09:35:30.664+0530][gc,marking  ] GC(5) Concurrent Mark From Roots 2.289ms
[2024-10-29T09:35:30.664+0530][gc,marking  ] GC(5) Concurrent Preclean
[2024-10-29T09:35:30.664+0530][gc,marking  ] GC(5) Concurrent Preclean 0.022ms
[2024-10-29T09:35:30.665+0530][gc,start    ] GC(5) Pause Remark
[2024-10-29T09:35:30.666+0530][gc          ] GC(5) Pause Remark 147M->147M(1024M) 0.841ms
[2024-10-29T09:35:30.666+0530][gc,cpu      ] GC(5) User=0.01s Sys=0.00s Real=0.00s
[2024-10-29T09:35:30.666+0530][gc,marking  ] GC(5) Concurrent Mark 3.706ms
[2024-10-29T09:35:30.666+0530][gc,marking  ] GC(5) Concurrent Rebuild Remembered Sets and Scrub Regions
[2024-10-29T09:35:30.669+0530][gc,marking  ] GC(5) Concurrent Rebuild Remembered Sets and Scrub Regions 2.878ms
[2024-10-29T09:35:30.669+0530][gc,start    ] GC(5) Pause Cleanup
[2024-10-29T09:35:30.669+0530][gc          ] GC(5) Pause Cleanup 148M->148M(1024M) 0.062ms
[2024-10-29T09:35:30.669+0530][gc,cpu      ] GC(5) User=0.00s Sys=0.00s Real=0.00s
[2024-10-29T09:35:30.669+0530][gc,marking  ] GC(5) Concurrent Clear Claimed Marks
[2024-10-29T09:35:30.669+0530][gc,marking  ] GC(5) Concurrent Clear Claimed Marks 0.041ms
[2024-10-29T09:35:30.669+0530][gc,marking  ] GC(5) Concurrent Cleanup for Next Mark
[2024-10-29T09:35:30.670+0530][gc,marking  ] GC(5) Concurrent Cleanup for Next Mark 0.681ms
[2024-10-29T09:35:30.670+0530][gc          ] GC(5) Concurrent Mark Cycle 9.239ms
[2024-10-29T09:36:23.929+0530][gc,start    ] GC(6) Pause Young (Prepare Mixed) (G1 Evacuation Pause)
[2024-10-29T09:36:23.931+0530][gc,task     ] GC(6) Using 8 workers of 8 for evacuation
[2024-10-29T09:36:23.951+0530][gc,mmu      ] GC(6) MMU target violated: 20.6ms (20.0ms/21.0ms)
[2024-10-29T09:36:23.951+0530][gc,phases   ] GC(6)   Pre Evacuate Collection Set: 1.0ms
[2024-10-29T09:36:23.951+0530][gc,phases   ] GC(6)   Merge Heap Roots: 0.2ms
[2024-10-29T09:36:23.951+0530][gc,phases   ] GC(6)   Evacuate Collection Set: 18.4ms
[2024-10-29T09:36:23.951+0530][gc,phases   ] GC(6)   Post Evacuate Collection Set: 0.9ms
[2024-10-29T09:36:23.951+0530][gc,phases   ] GC(6)   Other: 0.3ms
[2024-10-29T09:36:23.952+0530][gc,heap     ] GC(6) Eden regions: 49->0(46)
[2024-10-29T09:36:23.952+0530][gc,heap     ] GC(6) Survivor regions: 2->5(7)
[2024-10-29T09:36:23.952+0530][gc,heap     ] GC(6) Old regions: 14->14
[2024-10-29T09:36:23.952+0530][gc,heap     ] GC(6) Archive regions: 2->2
[2024-10-29T09:36:23.952+0530][gc,heap     ] GC(6) Humongous regions: 249->129
[2024-10-29T09:36:23.952+0530][gc,metaspace] GC(6) Metaspace: 42728K(43392K)->42728K(43392K) NonClass: 37662K(38016K)->37662K(38016K) Class: 5066K(5376K)->5066K(5376K)
[2024-10-29T09:36:23.952+0530][gc          ] GC(6) Pause Young (Prepare Mixed) (G1 Evacuation Pause) 314M->148M(1024M) 22.144ms
[2024-10-29T09:36:23.952+0530][gc,cpu      ] GC(6) User=0.03s Sys=0.03s Real=0.03s
[2024-10-29T09:42:19.815+0530][gc,start    ] GC(7) Pause Young (Mixed) (G1 Evacuation Pause)
[2024-10-29T09:42:19.817+0530][gc,task     ] GC(7) Using 8 workers of 8 for evacuation
[2024-10-29T09:42:19.832+0530][gc,phases   ] GC(7)   Pre Evacuate Collection Set: 1.2ms
[2024-10-29T09:42:19.832+0530][gc,phases   ] GC(7)   Merge Heap Roots: 0.3ms
[2024-10-29T09:42:19.832+0530][gc,phases   ] GC(7)   Evacuate Collection Set: 12.9ms
[2024-10-29T09:42:19.832+0530][gc,phases   ] GC(7)   Post Evacuate Collection Set: 0.9ms
[2024-10-29T09:42:19.832+0530][gc,phases   ] GC(7)   Other: 0.4ms
[2024-10-29T09:42:19.832+0530][gc,heap     ] GC(7) Eden regions: 46->0(46)
[2024-10-29T09:42:19.832+0530][gc,heap     ] GC(7) Survivor regions: 5->5(7)
[2024-10-29T09:42:19.832+0530][gc,heap     ] GC(7) Old regions: 14->16
[2024-10-29T09:42:19.832+0530][gc,heap     ] GC(7) Archive regions: 2->2
[2024-10-29T09:42:19.832+0530][gc,heap     ] GC(7) Humongous regions: 129->129
[2024-10-29T09:42:19.832+0530][gc,metaspace] GC(7) Metaspace: 43057K(43776K)->43057K(43776K) NonClass: 37987K(38400K)->37987K(38400K) Class: 5070K(5376K)->5070K(5376K)
[2024-10-29T09:42:19.833+0530][gc          ] GC(7) Pause Young (Mixed) (G1 Evacuation Pause) 194M->150M(1024M) 17.478ms
[2024-10-29T09:42:19.833+0530][gc,cpu      ] GC(7) User=0.04s Sys=0.02s Real=0.02s
[2024-10-29T09:46:53.999+0530][gc,start    ] GC(8) Pause Young (Normal) (G1 Evacuation Pause)
[2024-10-29T09:46:54.000+0530][gc,task     ] GC(8) Using 8 workers of 8 for evacuation
[2024-10-29T09:46:54.012+0530][gc,phases   ] GC(8)   Pre Evacuate Collection Set: 0.6ms
[2024-10-29T09:46:54.013+0530][gc,phases   ] GC(8)   Merge Heap Roots: 0.2ms
[2024-10-29T09:46:54.013+0530][gc,phases   ] GC(8)   Evacuate Collection Set: 11.2ms
[2024-10-29T09:46:54.013+0530][gc,phases   ] GC(8)   Post Evacuate Collection Set: 0.5ms
[2024-10-29T09:46:54.013+0530][gc,phases   ] GC(8)   Other: 0.2ms
[2024-10-29T09:46:54.013+0530][gc,heap     ] GC(8) Eden regions: 46->0(49)
[2024-10-29T09:46:54.013+0530][gc,heap     ] GC(8) Survivor regions: 5->2(7)
[2024-10-29T09:46:54.013+0530][gc,heap     ] GC(8) Old regions: 16->18
[2024-10-29T09:46:54.013+0530][gc,heap     ] GC(8) Archive regions: 2->2
[2024-10-29T09:46:54.013+0530][gc,heap     ] GC(8) Humongous regions: 129->129
[2024-10-29T09:46:54.013+0530][gc,metaspace] GC(8) Metaspace: 43317K(43968K)->43317K(43968K) NonClass: 38221K(38592K)->38221K(38592K) Class: 5095K(5376K)->5095K(5376K)
[2024-10-29T09:46:54.013+0530][gc          ] GC(8) Pause Young (Normal) (G1 Evacuation Pause) 196M->149M(1024M) 13.442ms
[2024-10-29T09:46:54.013+0530][gc,cpu      ] GC(8) User=0.03s Sys=0.02s Real=0.02s
[2024-10-29T09:50:29.971+0530][gc,start    ] GC(9) Pause Young (Normal) (G1 Evacuation Pause)
[2024-10-29T09:50:29.971+0530][gc,task     ] GC(9) Using 8 workers of 8 for evacuation
[2024-10-29T09:50:29.978+0530][gc,phases   ] GC(9)   Pre Evacuate Collection Set: 0.6ms
[2024-10-29T09:50:29.978+0530][gc,phases   ] GC(9)   Merge Heap Roots: 0.1ms
[2024-10-29T09:50:29.978+0530][gc,phases   ] GC(9)   Evacuate Collection Set: 5.2ms
[2024-10-29T09:50:29.978+0530][gc,phases   ] GC(9)   Post Evacuate Collection Set: 0.5ms
[2024-10-29T09:50:29.978+0530][gc,phases   ] GC(9)   Other: 0.3ms
[2024-10-29T09:50:29.978+0530][gc,heap     ] GC(9) Eden regions: 49->0(48)
[2024-10-29T09:50:29.978+0530][gc,heap     ] GC(9) Survivor regions: 2->3(7)
[2024-10-29T09:50:29.978+0530][gc,heap     ] GC(9) Old regions: 18->18
[2024-10-29T09:50:29.978+0530][gc,heap     ] GC(9) Archive regions: 2->2
[2024-10-29T09:50:29.978+0530][gc,heap     ] GC(9) Humongous regions: 129->129
[2024-10-29T09:50:29.978+0530][gc,metaspace] GC(9) Metaspace: 43686K(44352K)->43686K(44352K) NonClass: 38591K(38976K)->38591K(38976K) Class: 5095K(5376K)->5095K(5376K)
[2024-10-29T09:50:29.978+0530][gc          ] GC(9) Pause Young (Normal) (G1 Evacuation Pause) 198M->150M(1024M) 7.606ms
[2024-10-29T09:50:29.978+0530][gc,cpu      ] GC(9) User=0.01s Sys=0.01s Real=0.00s
[2024-10-29T09:53:35.376+0530][gc,start    ] GC(10) Pause Young (Normal) (G1 Evacuation Pause)
[2024-10-29T09:53:35.377+0530][gc,task     ] GC(10) Using 8 workers of 8 for evacuation
[2024-10-29T09:53:35.386+0530][gc,phases   ] GC(10)   Pre Evacuate Collection Set: 0.9ms
[2024-10-29T09:53:35.386+0530][gc,phases   ] GC(10)   Merge Heap Roots: 0.2ms
[2024-10-29T09:53:35.386+0530][gc,phases   ] GC(10)   Evacuate Collection Set: 7.0ms
[2024-10-29T09:53:35.386+0530][gc,phases   ] GC(10)   Post Evacuate Collection Set: 0.5ms
[2024-10-29T09:53:35.386+0530][gc,phases   ] GC(10)   Other: 0.3ms
[2024-10-29T09:53:35.386+0530][gc,heap     ] GC(10) Eden regions: 48->0(48)
[2024-10-29T09:53:35.386+0530][gc,heap     ] GC(10) Survivor regions: 3->3(7)
[2024-10-29T09:53:35.386+0530][gc,heap     ] GC(10) Old regions: 18->18
[2024-10-29T09:53:35.386+0530][gc,heap     ] GC(10) Archive regions: 2->2
[2024-10-29T09:53:35.386+0530][gc,heap     ] GC(10) Humongous regions: 129->129
[2024-10-29T09:53:35.386+0530][gc,metaspace] GC(10) Metaspace: 43765K(44416K)->43765K(44416K) NonClass: 38670K(39040K)->38670K(39040K) Class: 5095K(5376K)->5095K(5376K)
[2024-10-29T09:53:35.386+0530][gc          ] GC(10) Pause Young (Normal) (G1 Evacuation Pause) 198M->150M(1024M) 10.174ms
[2024-10-29T09:53:35.386+0530][gc,cpu      ] GC(10) User=0.02s Sys=0.01s Real=0.01s
[2024-10-29T09:53:49.170+0530][gc,heap,exit] Heap
[2024-10-29T09:53:49.170+0530][gc,heap,exit]  garbage-first heap   total 1048576K, used 169578K [0x00000007c0000000, 0x0000000800000000)
[2024-10-29T09:53:49.170+0530][gc,heap,exit]   region size 1024K, 18 young (18432K), 3 survivors (3072K)
[2024-10-29T09:53:49.170+0530][gc,heap,exit]  Metaspace       used 44697K, committed 45376K, reserved 1114112K
[2024-10-29T09:53:49.170+0530][gc,heap,exit]   class space    used 5282K, committed 5568K, reserved 1048576K
