[2024-10-29T23:13:34.307+0530][gc,init] CardTable entry size: 512
[2024-10-29T23:13:34.307+0530][gc     ] Using G1
[2024-10-29T23:13:34.308+0530][gc,init] Version: 20.0.1+9-29 (release)
[2024-10-29T23:13:34.308+0530][gc,init] CPUs: 8 total, 8 available
[2024-10-29T23:13:34.308+0530][gc,init] Memory: 8192M
[2024-10-29T23:13:34.308+0530][gc,init] Large Page Support: Disabled
[2024-10-29T23:13:34.308+0530][gc,init] NUMA Support: Disabled
[2024-10-29T23:13:34.308+0530][gc,init] Compressed Oops: Enabled (Zero based)
[2024-10-29T23:13:34.308+0530][gc,init] Heap Region Size: 1M
[2024-10-29T23:13:34.308+0530][gc,init] Heap Min Capacity: 1G
[2024-10-29T23:13:34.308+0530][gc,init] Heap Initial Capacity: 1G
[2024-10-29T23:13:34.308+0530][gc,init] Heap Max Capacity: 1G
[2024-10-29T23:13:34.308+0530][gc,init] Pre-touch: Disabled
[2024-10-29T23:13:34.308+0530][gc,init] Parallel Workers: 8
[2024-10-29T23:13:34.308+0530][gc,init] Concurrent Workers: 2
[2024-10-29T23:13:34.308+0530][gc,init] Concurrent Refinement Workers: 8
[2024-10-29T23:13:34.308+0530][gc,init] Periodic GC: Disabled
[2024-10-29T23:13:34.308+0530][gc,metaspace] CDS archive(s) mapped at: [0x0000000800000000-0x0000000800c6c000-0x0000000800c6c000), size 13025280, SharedBaseAddress: 0x0000000800000000, ArchiveRelocationMode: 0.
[2024-10-29T23:13:34.308+0530][gc,metaspace] Compressed class space mapped at: 0x0000000801000000-0x0000000841000000, reserved size: 1073741824
[2024-10-29T23:13:34.308+0530][gc,metaspace] Narrow klass base: 0x0000000800000000, Narrow klass shift: 0, Narrow klass range: 0x100000000
[2024-10-29T23:13:34.966+0530][gc,start    ] GC(0) Pause Young (Normal) (G1 Evacuation Pause)
[2024-10-29T23:13:34.966+0530][gc,task     ] GC(0) Using 8 workers of 8 for evacuation
[2024-10-29T23:13:34.968+0530][gc,phases   ] GC(0)   Pre Evacuate Collection Set: 0.1ms
[2024-10-29T23:13:34.968+0530][gc,phases   ] GC(0)   Merge Heap Roots: 0.0ms
[2024-10-29T23:13:34.968+0530][gc,phases   ] GC(0)   Evacuate Collection Set: 2.0ms
[2024-10-29T23:13:34.968+0530][gc,phases   ] GC(0)   Post Evacuate Collection Set: 0.2ms
[2024-10-29T23:13:34.968+0530][gc,phases   ] GC(0)   Other: 0.4ms
[2024-10-29T23:13:34.968+0530][gc,heap     ] GC(0) Eden regions: 51->0(44)
[2024-10-29T23:13:34.968+0530][gc,heap     ] GC(0) Survivor regions: 0->7(7)
[2024-10-29T23:13:34.968+0530][gc,heap     ] GC(0) Old regions: 0->1
[2024-10-29T23:13:34.968+0530][gc,heap     ] GC(0) Archive regions: 2->2
[2024-10-29T23:13:34.968+0530][gc,heap     ] GC(0) Humongous regions: 0->0
[2024-10-29T23:13:34.968+0530][gc,metaspace] GC(0) Metaspace: 17545K(17728K)->17545K(17728K) NonClass: 15489K(15616K)->15489K(15616K) Class: 2055K(2112K)->2055K(2112K)
[2024-10-29T23:13:34.969+0530][gc          ] GC(0) Pause Young (Normal) (G1 Evacuation Pause) 51M->8M(1024M) 2.887ms
[2024-10-29T23:13:34.969+0530][gc,cpu      ] GC(0) User=0.01s Sys=0.00s Real=0.00s
[2024-10-29T23:13:35.052+0530][gc,start    ] GC(1) Pause Young (Concurrent Start) (Metadata GC Threshold)
[2024-10-29T23:13:35.052+0530][gc,task     ] GC(1) Using 8 workers of 8 for evacuation
[2024-10-29T23:13:35.053+0530][gc,phases   ] GC(1)   Pre Evacuate Collection Set: 0.1ms
[2024-10-29T23:13:35.053+0530][gc,phases   ] GC(1)   Merge Heap Roots: 0.0ms
[2024-10-29T23:13:35.053+0530][gc,phases   ] GC(1)   Evacuate Collection Set: 1.5ms
[2024-10-29T23:13:35.053+0530][gc,phases   ] GC(1)   Post Evacuate Collection Set: 0.1ms
[2024-10-29T23:13:35.053+0530][gc,phases   ] GC(1)   Other: 0.0ms
[2024-10-29T23:13:35.053+0530][gc,heap     ] GC(1) Eden regions: 15->0(49)
[2024-10-29T23:13:35.053+0530][gc,heap     ] GC(1) Survivor regions: 7->2(7)
[2024-10-29T23:13:35.053+0530][gc,heap     ] GC(1) Old regions: 1->9
[2024-10-29T23:13:35.053+0530][gc,heap     ] GC(1) Archive regions: 2->2
[2024-10-29T23:13:35.053+0530][gc,heap     ] GC(1) Humongous regions: 0->0
[2024-10-29T23:13:35.053+0530][gc,metaspace] GC(1) Metaspace: 21265K(21504K)->21265K(21504K) NonClass: 18755K(18880K)->18755K(18880K) Class: 2510K(2624K)->2510K(2624K)
[2024-10-29T23:13:35.053+0530][gc          ] GC(1) Pause Young (Concurrent Start) (Metadata GC Threshold) 23M->10M(1024M) 1.857ms
[2024-10-29T23:13:35.053+0530][gc          ] GC(2) Concurrent Mark Cycle
[2024-10-29T23:13:35.053+0530][gc,cpu      ] GC(1) User=0.01s Sys=0.00s Real=0.00s
[2024-10-29T23:13:35.053+0530][gc,marking  ] GC(2) Concurrent Scan Root Regions
[2024-10-29T23:13:35.054+0530][gc,marking  ] GC(2) Concurrent Scan Root Regions 0.932ms
[2024-10-29T23:13:35.054+0530][gc,marking  ] GC(2) Concurrent Mark
[2024-10-29T23:13:35.054+0530][gc,marking  ] GC(2) Concurrent Mark From Roots
[2024-10-29T23:13:35.054+0530][gc,task     ] GC(2) Using 2 workers of 2 for marking
[2024-10-29T23:13:35.056+0530][gc,marking  ] GC(2) Concurrent Mark From Roots 1.248ms
[2024-10-29T23:13:35.056+0530][gc,marking  ] GC(2) Concurrent Preclean
[2024-10-29T23:13:35.056+0530][gc,marking  ] GC(2) Concurrent Preclean 0.006ms
[2024-10-29T23:13:35.056+0530][gc,start    ] GC(2) Pause Remark
[2024-10-29T23:13:35.056+0530][gc          ] GC(2) Pause Remark 11M->11M(1024M) 0.672ms
[2024-10-29T23:13:35.056+0530][gc,cpu      ] GC(2) User=0.00s Sys=0.00s Real=0.00s
[2024-10-29T23:13:35.056+0530][gc,marking  ] GC(2) Concurrent Mark 2.031ms
[2024-10-29T23:13:35.056+0530][gc,marking  ] GC(2) Concurrent Rebuild Remembered Sets and Scrub Regions
[2024-10-29T23:13:35.057+0530][gc,marking  ] GC(2) Concurrent Rebuild Remembered Sets and Scrub Regions 0.970ms
[2024-10-29T23:13:35.057+0530][gc,start    ] GC(2) Pause Cleanup
[2024-10-29T23:13:35.057+0530][gc          ] GC(2) Pause Cleanup 11M->11M(1024M) 0.064ms
[2024-10-29T23:13:35.057+0530][gc,cpu      ] GC(2) User=0.00s Sys=0.00s Real=0.00s
[2024-10-29T23:13:35.058+0530][gc,marking  ] GC(2) Concurrent Clear Claimed Marks
[2024-10-29T23:13:35.058+0530][gc,marking  ] GC(2) Concurrent Clear Claimed Marks 0.006ms
[2024-10-29T23:13:35.058+0530][gc,marking  ] GC(2) Concurrent Cleanup for Next Mark
[2024-10-29T23:13:35.059+0530][gc,marking  ] GC(2) Concurrent Cleanup for Next Mark 1.034ms
[2024-10-29T23:13:35.059+0530][gc          ] GC(2) Concurrent Mark Cycle 5.152ms
[2024-10-29T23:13:35.497+0530][gc,start    ] GC(3) Pause Young (Normal) (G1 Evacuation Pause)
[2024-10-29T23:13:35.498+0530][gc,task     ] GC(3) Using 8 workers of 8 for evacuation
[2024-10-29T23:13:35.499+0530][gc,phases   ] GC(3)   Pre Evacuate Collection Set: 0.1ms
[2024-10-29T23:13:35.499+0530][gc,phases   ] GC(3)   Merge Heap Roots: 0.0ms
[2024-10-29T23:13:35.499+0530][gc,phases   ] GC(3)   Evacuate Collection Set: 1.4ms
[2024-10-29T23:13:35.499+0530][gc,phases   ] GC(3)   Post Evacuate Collection Set: 0.2ms
[2024-10-29T23:13:35.499+0530][gc,phases   ] GC(3)   Other: 0.0ms
[2024-10-29T23:13:35.499+0530][gc,heap     ] GC(3) Eden regions: 49->0(45)
[2024-10-29T23:13:35.499+0530][gc,heap     ] GC(3) Survivor regions: 2->6(7)
[2024-10-29T23:13:35.499+0530][gc,heap     ] GC(3) Old regions: 9->9
[2024-10-29T23:13:35.499+0530][gc,heap     ] GC(3) Archive regions: 2->2
[2024-10-29T23:13:35.499+0530][gc,heap     ] GC(3) Humongous regions: 129->129
[2024-10-29T23:13:35.499+0530][gc,metaspace] GC(3) Metaspace: 30806K(31040K)->30806K(31040K) NonClass: 27386K(27520K)->27386K(27520K) Class: 3420K(3520K)->3420K(3520K)
[2024-10-29T23:13:35.499+0530][gc          ] GC(3) Pause Young (Normal) (G1 Evacuation Pause) 188M->143M(1024M) 1.828ms
[2024-10-29T23:13:35.499+0530][gc,cpu      ] GC(3) User=0.01s Sys=0.00s Real=0.00s
[2024-10-29T23:13:35.583+0530][gc,start    ] GC(4) Pause Young (Concurrent Start) (Metadata GC Threshold)
[2024-10-29T23:13:35.583+0530][gc,task     ] GC(4) Using 8 workers of 8 for evacuation
[2024-10-29T23:13:35.585+0530][gc,phases   ] GC(4)   Pre Evacuate Collection Set: 0.2ms
[2024-10-29T23:13:35.585+0530][gc,phases   ] GC(4)   Merge Heap Roots: 0.0ms
[2024-10-29T23:13:35.585+0530][gc,phases   ] GC(4)   Evacuate Collection Set: 2.0ms
[2024-10-29T23:13:35.585+0530][gc,phases   ] GC(4)   Post Evacuate Collection Set: 0.2ms
[2024-10-29T23:13:35.585+0530][gc,phases   ] GC(4)   Other: 0.0ms
[2024-10-29T23:13:35.585+0530][gc,heap     ] GC(4) Eden regions: 20->0(48)
[2024-10-29T23:13:35.585+0530][gc,heap     ] GC(4) Survivor regions: 6->3(7)
[2024-10-29T23:13:35.585+0530][gc,heap     ] GC(4) Old regions: 9->14
[2024-10-29T23:13:35.585+0530][gc,heap     ] GC(4) Archive regions: 2->2
[2024-10-29T23:13:35.585+0530][gc,heap     ] GC(4) Humongous regions: 129->129
[2024-10-29T23:13:35.585+0530][gc,metaspace] GC(4) Metaspace: 35675K(35968K)->35675K(35968K) NonClass: 31745K(31936K)->31745K(31936K) Class: 3929K(4032K)->3929K(4032K)
[2024-10-29T23:13:35.585+0530][gc          ] GC(4) Pause Young (Concurrent Start) (Metadata GC Threshold) 163M->145M(1024M) 2.488ms
[2024-10-29T23:13:35.585+0530][gc          ] GC(5) Concurrent Mark Cycle
[2024-10-29T23:13:35.585+0530][gc,cpu      ] GC(4) User=0.02s Sys=0.00s Real=0.00s
[2024-10-29T23:13:35.585+0530][gc,marking  ] GC(5) Concurrent Scan Root Regions
[2024-10-29T23:13:35.587+0530][gc,marking  ] GC(5) Concurrent Scan Root Regions 1.506ms
[2024-10-29T23:13:35.587+0530][gc,marking  ] GC(5) Concurrent Mark
[2024-10-29T23:13:35.587+0530][gc,marking  ] GC(5) Concurrent Mark From Roots
[2024-10-29T23:13:35.587+0530][gc,task     ] GC(5) Using 2 workers of 2 for marking
[2024-10-29T23:13:35.590+0530][gc,marking  ] GC(5) Concurrent Mark From Roots 3.239ms
[2024-10-29T23:13:35.590+0530][gc,marking  ] GC(5) Concurrent Preclean
[2024-10-29T23:13:35.590+0530][gc,marking  ] GC(5) Concurrent Preclean 0.027ms
[2024-10-29T23:13:35.590+0530][gc,start    ] GC(5) Pause Remark
[2024-10-29T23:13:35.591+0530][gc          ] GC(5) Pause Remark 147M->147M(1024M) 0.816ms
[2024-10-29T23:13:35.591+0530][gc,cpu      ] GC(5) User=0.01s Sys=0.00s Real=0.00s
[2024-10-29T23:13:35.591+0530][gc,marking  ] GC(5) Concurrent Mark 4.205ms
[2024-10-29T23:13:35.591+0530][gc,marking  ] GC(5) Concurrent Rebuild Remembered Sets and Scrub Regions
[2024-10-29T23:13:35.593+0530][gc,marking  ] GC(5) Concurrent Rebuild Remembered Sets and Scrub Regions 2.366ms
[2024-10-29T23:13:35.593+0530][gc,start    ] GC(5) Pause Cleanup
[2024-10-29T23:13:35.593+0530][gc          ] GC(5) Pause Cleanup 148M->148M(1024M) 0.076ms
[2024-10-29T23:13:35.593+0530][gc,cpu      ] GC(5) User=0.00s Sys=0.00s Real=0.00s
[2024-10-29T23:13:35.594+0530][gc,marking  ] GC(5) Concurrent Clear Claimed Marks
[2024-10-29T23:13:35.594+0530][gc,marking  ] GC(5) Concurrent Clear Claimed Marks 0.008ms
[2024-10-29T23:13:35.594+0530][gc,marking  ] GC(5) Concurrent Cleanup for Next Mark
[2024-10-29T23:13:35.595+0530][gc,marking  ] GC(5) Concurrent Cleanup for Next Mark 0.973ms
[2024-10-29T23:13:35.595+0530][gc          ] GC(5) Concurrent Mark Cycle 9.469ms
[2024-10-29T23:13:42.797+0530][gc,start    ] GC(6) Pause Young (Prepare Mixed) (G1 Evacuation Pause)
[2024-10-29T23:13:42.798+0530][gc,task     ] GC(6) Using 8 workers of 8 for evacuation
[2024-10-29T23:13:42.805+0530][gc,phases   ] GC(6)   Pre Evacuate Collection Set: 0.4ms
[2024-10-29T23:13:42.805+0530][gc,phases   ] GC(6)   Merge Heap Roots: 0.1ms
[2024-10-29T23:13:42.805+0530][gc,phases   ] GC(6)   Evacuate Collection Set: 5.8ms
[2024-10-29T23:13:42.805+0530][gc,phases   ] GC(6)   Post Evacuate Collection Set: 0.6ms
[2024-10-29T23:13:42.805+0530][gc,phases   ] GC(6)   Other: 0.1ms
[2024-10-29T23:13:42.805+0530][gc,heap     ] GC(6) Eden regions: 48->0(46)
[2024-10-29T23:13:42.805+0530][gc,heap     ] GC(6) Survivor regions: 3->5(7)
[2024-10-29T23:13:42.805+0530][gc,heap     ] GC(6) Old regions: 14->14
[2024-10-29T23:13:42.805+0530][gc,heap     ] GC(6) Archive regions: 2->2
[2024-10-29T23:13:42.805+0530][gc,heap     ] GC(6) Humongous regions: 315->129
[2024-10-29T23:13:42.805+0530][gc,metaspace] GC(6) Metaspace: 42290K(43008K)->42290K(43008K) NonClass: 37329K(37760K)->37329K(37760K) Class: 4960K(5248K)->4960K(5248K)
[2024-10-29T23:13:42.805+0530][gc          ] GC(6) Pause Young (Prepare Mixed) (G1 Evacuation Pause) 379M->148M(1024M) 7.530ms
[2024-10-29T23:13:42.805+0530][gc,cpu      ] GC(6) User=0.03s Sys=0.01s Real=0.01s
[2024-10-29T23:14:39.946+0530][gc,start    ] GC(7) Pause Young (Mixed) (G1 Evacuation Pause)
[2024-10-29T23:14:39.947+0530][gc,task     ] GC(7) Using 8 workers of 8 for evacuation
[2024-10-29T23:14:39.962+0530][gc,phases   ] GC(7)   Pre Evacuate Collection Set: 0.6ms
[2024-10-29T23:14:39.962+0530][gc,phases   ] GC(7)   Merge Heap Roots: 0.1ms
[2024-10-29T23:14:39.962+0530][gc,phases   ] GC(7)   Evacuate Collection Set: 13.7ms
[2024-10-29T23:14:39.962+0530][gc,phases   ] GC(7)   Post Evacuate Collection Set: 0.6ms
[2024-10-29T23:14:39.962+0530][gc,phases   ] GC(7)   Other: 0.1ms
[2024-10-29T23:14:39.962+0530][gc,heap     ] GC(7) Eden regions: 46->0(46)
[2024-10-29T23:14:39.962+0530][gc,heap     ] GC(7) Survivor regions: 5->5(7)
[2024-10-29T23:14:39.962+0530][gc,heap     ] GC(7) Old regions: 14->15
[2024-10-29T23:14:39.962+0530][gc,heap     ] GC(7) Archive regions: 2->2
[2024-10-29T23:14:39.962+0530][gc,heap     ] GC(7) Humongous regions: 129->129
[2024-10-29T23:14:39.962+0530][gc,metaspace] GC(7) Metaspace: 43847K(44608K)->43847K(44608K) NonClass: 38578K(39040K)->38578K(39040K) Class: 5269K(5568K)->5269K(5568K)
[2024-10-29T23:14:39.962+0530][gc          ] GC(7) Pause Young (Mixed) (G1 Evacuation Pause) 194M->149M(1024M) 15.778ms
[2024-10-29T23:14:39.962+0530][gc,cpu      ] GC(7) User=0.03s Sys=0.02s Real=0.02s
[2024-10-29T23:16:00.127+0530][gc,start    ] GC(8) Pause Young (Normal) (G1 Evacuation Pause)
[2024-10-29T23:16:00.128+0530][gc,task     ] GC(8) Using 8 workers of 8 for evacuation
[2024-10-29T23:16:00.145+0530][gc,phases   ] GC(8)   Pre Evacuate Collection Set: 1.3ms
[2024-10-29T23:16:00.146+0530][gc,phases   ] GC(8)   Merge Heap Roots: 0.2ms
[2024-10-29T23:16:00.146+0530][gc,phases   ] GC(8)   Evacuate Collection Set: 14.5ms
[2024-10-29T23:16:00.146+0530][gc,phases   ] GC(8)   Post Evacuate Collection Set: 1.0ms
[2024-10-29T23:16:00.146+0530][gc,phases   ] GC(8)   Other: 0.3ms
[2024-10-29T23:16:00.146+0530][gc,heap     ] GC(8) Eden regions: 46->0(48)
[2024-10-29T23:16:00.146+0530][gc,heap     ] GC(8) Survivor regions: 5->3(7)
[2024-10-29T23:16:00.146+0530][gc,heap     ] GC(8) Old regions: 15->18
[2024-10-29T23:16:00.146+0530][gc,heap     ] GC(8) Archive regions: 2->2
[2024-10-29T23:16:00.146+0530][gc,heap     ] GC(8) Humongous regions: 129->129
[2024-10-29T23:16:00.146+0530][gc,metaspace] GC(8) Metaspace: 44157K(44864K)->44157K(44864K) NonClass: 38885K(39296K)->38885K(39296K) Class: 5271K(5568K)->5271K(5568K)
[2024-10-29T23:16:00.146+0530][gc          ] GC(8) Pause Young (Normal) (G1 Evacuation Pause) 195M->150M(1024M) 19.240ms
[2024-10-29T23:16:00.146+0530][gc,cpu      ] GC(8) User=0.04s Sys=0.02s Real=0.02s
[2024-10-29T23:17:32.851+0530][gc,start    ] GC(9) Pause Young (Normal) (G1 Evacuation Pause)
[2024-10-29T23:17:32.852+0530][gc,task     ] GC(9) Using 8 workers of 8 for evacuation
[2024-10-29T23:17:32.864+0530][gc,phases   ] GC(9)   Pre Evacuate Collection Set: 0.8ms
[2024-10-29T23:17:32.864+0530][gc,phases   ] GC(9)   Merge Heap Roots: 0.1ms
[2024-10-29T23:17:32.864+0530][gc,phases   ] GC(9)   Evacuate Collection Set: 9.9ms
[2024-10-29T23:17:32.864+0530][gc,phases   ] GC(9)   Post Evacuate Collection Set: 0.5ms
[2024-10-29T23:17:32.864+0530][gc,phases   ] GC(9)   Other: 0.3ms
[2024-10-29T23:17:32.864+0530][gc,heap     ] GC(9) Eden regions: 48->0(46)
[2024-10-29T23:17:32.864+0530][gc,heap     ] GC(9) Survivor regions: 3->5(7)
[2024-10-29T23:17:32.864+0530][gc,heap     ] GC(9) Old regions: 18->18
[2024-10-29T23:17:32.864+0530][gc,heap     ] GC(9) Archive regions: 2->2
[2024-10-29T23:17:32.864+0530][gc,heap     ] GC(9) Humongous regions: 129->129
[2024-10-29T23:17:32.864+0530][gc,metaspace] GC(9) Metaspace: 44432K(45120K)->44432K(45120K) NonClass: 39141K(39552K)->39141K(39552K) Class: 5291K(5568K)->5291K(5568K)
[2024-10-29T23:17:32.864+0530][gc          ] GC(9) Pause Young (Normal) (G1 Evacuation Pause) 198M->151M(1024M) 13.210ms
[2024-10-29T23:17:32.864+0530][gc,cpu      ] GC(9) User=0.03s Sys=0.00s Real=0.01s
[2024-10-29T23:19:14.886+0530][gc,start    ] GC(10) Pause Young (Normal) (G1 Evacuation Pause)
[2024-10-29T23:19:14.888+0530][gc,task     ] GC(10) Using 8 workers of 8 for evacuation
[2024-10-29T23:19:14.899+0530][gc,phases   ] GC(10)   Pre Evacuate Collection Set: 0.7ms
[2024-10-29T23:19:14.899+0530][gc,phases   ] GC(10)   Merge Heap Roots: 0.2ms
[2024-10-29T23:19:14.899+0530][gc,phases   ] GC(10)   Evacuate Collection Set: 10.4ms
[2024-10-29T23:19:14.899+0530][gc,phases   ] GC(10)   Post Evacuate Collection Set: 0.4ms
[2024-10-29T23:19:14.899+0530][gc,phases   ] GC(10)   Other: 0.2ms
[2024-10-29T23:19:14.899+0530][gc,heap     ] GC(10) Eden regions: 46->0(44)
[2024-10-29T23:19:14.900+0530][gc,heap     ] GC(10) Survivor regions: 5->7(7)
[2024-10-29T23:19:14.900+0530][gc,heap     ] GC(10) Old regions: 18->19
[2024-10-29T23:19:14.900+0530][gc,heap     ] GC(10) Archive regions: 2->2
[2024-10-29T23:19:14.900+0530][gc,heap     ] GC(10) Humongous regions: 129->129
[2024-10-29T23:19:14.900+0530][gc,metaspace] GC(10) Metaspace: 44792K(45504K)->44792K(45504K) NonClass: 39427K(39808K)->39427K(39808K) Class: 5364K(5696K)->5364K(5696K)
[2024-10-29T23:19:14.900+0530][gc          ] GC(10) Pause Young (Normal) (G1 Evacuation Pause) 197M->155M(1024M) 13.093ms
[2024-10-29T23:19:14.900+0530][gc,cpu      ] GC(10) User=0.03s Sys=0.02s Real=0.02s
[2024-10-29T23:21:43.937+0530][gc,start    ] GC(11) Pause Young (Normal) (G1 Evacuation Pause)
[2024-10-29T23:21:43.939+0530][gc,task     ] GC(11) Using 8 workers of 8 for evacuation
[2024-10-29T23:21:43.955+0530][gc,phases   ] GC(11)   Pre Evacuate Collection Set: 0.7ms
[2024-10-29T23:21:43.955+0530][gc,phases   ] GC(11)   Merge Heap Roots: 0.2ms
[2024-10-29T23:21:43.955+0530][gc,phases   ] GC(11)   Evacuate Collection Set: 14.9ms
[2024-10-29T23:21:43.955+0530][gc,phases   ] GC(11)   Post Evacuate Collection Set: 0.5ms
[2024-10-29T23:21:43.955+0530][gc,phases   ] GC(11)   Other: 0.2ms
[2024-10-29T23:21:43.955+0530][gc,heap     ] GC(11) Eden regions: 44->0(45)
[2024-10-29T23:21:43.955+0530][gc,heap     ] GC(11) Survivor regions: 7->6(7)
[2024-10-29T23:21:43.955+0530][gc,heap     ] GC(11) Old regions: 19->22
[2024-10-29T23:21:43.955+0530][gc,heap     ] GC(11) Archive regions: 2->2
[2024-10-29T23:21:43.955+0530][gc,heap     ] GC(11) Humongous regions: 129->129
[2024-10-29T23:21:43.955+0530][gc,metaspace] GC(11) Metaspace: 45029K(45760K)->45029K(45760K) NonClass: 39624K(40064K)->39624K(40064K) Class: 5405K(5696K)->5405K(5696K)
[2024-10-29T23:21:43.955+0530][gc          ] GC(11) Pause Young (Normal) (G1 Evacuation Pause) 199M->157M(1024M) 18.179ms
[2024-10-29T23:21:43.956+0530][gc,cpu      ] GC(11) User=0.04s Sys=0.01s Real=0.02s
[2024-10-29T23:25:17.763+0530][gc,start    ] GC(12) Pause Young (Normal) (G1 Evacuation Pause)
[2024-10-29T23:25:17.764+0530][gc,task     ] GC(12) Using 8 workers of 8 for evacuation
[2024-10-29T23:25:17.783+0530][gc,phases   ] GC(12)   Pre Evacuate Collection Set: 1.2ms
[2024-10-29T23:25:17.783+0530][gc,phases   ] GC(12)   Merge Heap Roots: 0.3ms
[2024-10-29T23:25:17.783+0530][gc,phases   ] GC(12)   Evacuate Collection Set: 16.7ms
[2024-10-29T23:25:17.783+0530][gc,phases   ] GC(12)   Post Evacuate Collection Set: 0.4ms
[2024-10-29T23:25:17.783+0530][gc,phases   ] GC(12)   Other: 0.3ms
[2024-10-29T23:25:17.783+0530][gc,heap     ] GC(12) Eden regions: 45->0(45)
[2024-10-29T23:25:17.783+0530][gc,heap     ] GC(12) Survivor regions: 6->6(7)
[2024-10-29T23:25:17.783+0530][gc,heap     ] GC(12) Old regions: 22->25
[2024-10-29T23:25:17.783+0530][gc,heap     ] GC(12) Archive regions: 2->2
[2024-10-29T23:25:17.783+0530][gc,heap     ] GC(12) Humongous regions: 129->129
[2024-10-29T23:25:17.783+0530][gc,metaspace] GC(12) Metaspace: 45170K(45888K)->45170K(45888K) NonClass: 39752K(40192K)->39752K(40192K) Class: 5417K(5696K)->5417K(5696K)
[2024-10-29T23:25:17.783+0530][gc          ] GC(12) Pause Young (Normal) (G1 Evacuation Pause) 202M->160M(1024M) 20.522ms
[2024-10-29T23:25:17.783+0530][gc,cpu      ] GC(12) User=0.04s Sys=0.02s Real=0.02s
[2024-10-29T23:31:07.502+0530][gc,start    ] GC(13) Pause Young (Normal) (G1 Evacuation Pause)
[2024-10-29T23:31:07.503+0530][gc,task     ] GC(13) Using 8 workers of 8 for evacuation
[2024-10-29T23:31:07.510+0530][gc,phases   ] GC(13)   Pre Evacuate Collection Set: 0.4ms
[2024-10-29T23:31:07.510+0530][gc,phases   ] GC(13)   Merge Heap Roots: 0.2ms
[2024-10-29T23:31:07.510+0530][gc,phases   ] GC(13)   Evacuate Collection Set: 6.3ms
[2024-10-29T23:31:07.510+0530][gc,phases   ] GC(13)   Post Evacuate Collection Set: 0.7ms
[2024-10-29T23:31:07.511+0530][gc,phases   ] GC(13)   Other: 0.1ms
[2024-10-29T23:31:07.511+0530][gc,heap     ] GC(13) Eden regions: 45->0(44)
[2024-10-29T23:31:07.511+0530][gc,heap     ] GC(13) Survivor regions: 6->7(7)
[2024-10-29T23:31:07.511+0530][gc,heap     ] GC(13) Old regions: 25->28
[2024-10-29T23:31:07.511+0530][gc,heap     ] GC(13) Archive regions: 2->2
[2024-10-29T23:31:07.511+0530][gc,heap     ] GC(13) Humongous regions: 129->129
[2024-10-29T23:31:07.511+0530][gc,metaspace] GC(13) Metaspace: 45296K(45952K)->45296K(45952K) NonClass: 39877K(40256K)->39877K(40256K) Class: 5419K(5696K)->5419K(5696K)
[2024-10-29T23:31:07.511+0530][gc          ] GC(13) Pause Young (Normal) (G1 Evacuation Pause) 205M->164M(1024M) 8.969ms
[2024-10-29T23:31:07.511+0530][gc,cpu      ] GC(13) User=0.02s Sys=0.02s Real=0.01s
[2024-10-29T23:32:47.581+0530][gc,start    ] GC(14) Pause Young (Normal) (G1 Evacuation Pause)
[2024-10-29T23:32:47.581+0530][gc,task     ] GC(14) Using 8 workers of 8 for evacuation
[2024-10-29T23:32:47.589+0530][gc,phases   ] GC(14)   Pre Evacuate Collection Set: 0.4ms
[2024-10-29T23:32:47.589+0530][gc,phases   ] GC(14)   Merge Heap Roots: 0.1ms
[2024-10-29T23:32:47.589+0530][gc,phases   ] GC(14)   Evacuate Collection Set: 7.0ms
[2024-10-29T23:32:47.589+0530][gc,phases   ] GC(14)   Post Evacuate Collection Set: 0.2ms
[2024-10-29T23:32:47.589+0530][gc,phases   ] GC(14)   Other: 0.1ms
[2024-10-29T23:32:47.589+0530][gc,heap     ] GC(14) Eden regions: 44->0(44)
[2024-10-29T23:32:47.589+0530][gc,heap     ] GC(14) Survivor regions: 7->7(7)
[2024-10-29T23:32:47.589+0530][gc,heap     ] GC(14) Old regions: 28->31
[2024-10-29T23:32:47.589+0530][gc,heap     ] GC(14) Archive regions: 2->2
[2024-10-29T23:32:47.589+0530][gc,heap     ] GC(14) Humongous regions: 129->129
[2024-10-29T23:32:47.589+0530][gc,metaspace] GC(14) Metaspace: 45304K(45952K)->45304K(45952K) NonClass: 39885K(40256K)->39885K(40256K) Class: 5419K(5696K)->5419K(5696K)
[2024-10-29T23:32:47.589+0530][gc          ] GC(14) Pause Young (Normal) (G1 Evacuation Pause) 208M->167M(1024M) 8.688ms
[2024-10-29T23:32:47.589+0530][gc,cpu      ] GC(14) User=0.02s Sys=0.01s Real=0.00s
[2024-10-29T23:38:09.733+0530][gc,start    ] GC(15) Pause Young (Normal) (G1 Evacuation Pause)
[2024-10-29T23:38:09.734+0530][gc,task     ] GC(15) Using 8 workers of 8 for evacuation
[2024-10-29T23:38:09.744+0530][gc,phases   ] GC(15)   Pre Evacuate Collection Set: 0.4ms
[2024-10-29T23:38:09.744+0530][gc,phases   ] GC(15)   Merge Heap Roots: 0.5ms
[2024-10-29T23:38:09.744+0530][gc,phases   ] GC(15)   Evacuate Collection Set: 8.5ms
[2024-10-29T23:38:09.744+0530][gc,phases   ] GC(15)   Post Evacuate Collection Set: 0.3ms
[2024-10-29T23:38:09.744+0530][gc,phases   ] GC(15)   Other: 0.2ms
[2024-10-29T23:38:09.744+0530][gc,heap     ] GC(15) Eden regions: 44->0(44)
[2024-10-29T23:38:09.744+0530][gc,heap     ] GC(15) Survivor regions: 7->7(7)
[2024-10-29T23:38:09.744+0530][gc,heap     ] GC(15) Old regions: 31->35
[2024-10-29T23:38:09.744+0530][gc,heap     ] GC(15) Archive regions: 2->2
[2024-10-29T23:38:09.744+0530][gc,heap     ] GC(15) Humongous regions: 129->129
[2024-10-29T23:38:09.744+0530][gc,metaspace] GC(15) Metaspace: 45342K(46016K)->45342K(46016K) NonClass: 39923K(40320K)->39923K(40320K) Class: 5419K(5696K)->5419K(5696K)
[2024-10-29T23:38:09.744+0530][gc          ] GC(15) Pause Young (Normal) (G1 Evacuation Pause) 211M->170M(1024M) 10.414ms
[2024-10-29T23:38:09.744+0530][gc,cpu      ] GC(15) User=0.02s Sys=0.02s Real=0.01s
[2024-10-29T23:43:05.779+0530][gc,start    ] GC(16) Pause Young (Normal) (G1 Evacuation Pause)
[2024-10-29T23:43:05.780+0530][gc,task     ] GC(16) Using 8 workers of 8 for evacuation
[2024-10-29T23:43:05.803+0530][gc,mmu      ] GC(16) MMU target violated: 21.0ms (20.0ms/21.0ms)
[2024-10-29T23:43:05.803+0530][gc,phases   ] GC(16)   Pre Evacuate Collection Set: 1.0ms
[2024-10-29T23:43:05.803+0530][gc,phases   ] GC(16)   Merge Heap Roots: 0.4ms
[2024-10-29T23:43:05.803+0530][gc,phases   ] GC(16)   Evacuate Collection Set: 20.6ms
[2024-10-29T23:43:05.803+0530][gc,phases   ] GC(16)   Post Evacuate Collection Set: 0.5ms
[2024-10-29T23:43:05.803+0530][gc,phases   ] GC(16)   Other: 0.6ms
[2024-10-29T23:43:05.803+0530][gc,heap     ] GC(16) Eden regions: 44->0(44)
[2024-10-29T23:43:05.803+0530][gc,heap     ] GC(16) Survivor regions: 7->7(7)
[2024-10-29T23:43:05.803+0530][gc,heap     ] GC(16) Old regions: 35->38
[2024-10-29T23:43:05.803+0530][gc,heap     ] GC(16) Archive regions: 2->2
[2024-10-29T23:43:05.803+0530][gc,heap     ] GC(16) Humongous regions: 129->129
[2024-10-29T23:43:05.803+0530][gc,metaspace] GC(16) Metaspace: 45397K(46080K)->45397K(46080K) NonClass: 39978K(40384K)->39978K(40384K) Class: 5419K(5696K)->5419K(5696K)
[2024-10-29T23:43:05.803+0530][gc          ] GC(16) Pause Young (Normal) (G1 Evacuation Pause) 214M->174M(1024M) 24.337ms
[2024-10-29T23:43:05.803+0530][gc,cpu      ] GC(16) User=0.04s Sys=0.04s Real=0.03s
[2024-10-29T23:49:13.949+0530][gc,start    ] GC(17) Pause Young (Normal) (G1 Evacuation Pause)
[2024-10-29T23:49:13.950+0530][gc,task     ] GC(17) Using 8 workers of 8 for evacuation
[2024-10-29T23:49:13.973+0530][gc,mmu      ] GC(17) MMU target violated: 21.0ms (20.0ms/21.0ms)
[2024-10-29T23:49:13.973+0530][gc,phases   ] GC(17)   Pre Evacuate Collection Set: 1.5ms
[2024-10-29T23:49:13.973+0530][gc,phases   ] GC(17)   Merge Heap Roots: 0.5ms
[2024-10-29T23:49:13.973+0530][gc,phases   ] GC(17)   Evacuate Collection Set: 20.1ms
[2024-10-29T23:49:13.973+0530][gc,phases   ] GC(17)   Post Evacuate Collection Set: 0.6ms
[2024-10-29T23:49:13.973+0530][gc,phases   ] GC(17)   Other: 0.6ms
[2024-10-29T23:49:13.973+0530][gc,heap     ] GC(17) Eden regions: 44->0(47)
[2024-10-29T23:49:13.973+0530][gc,heap     ] GC(17) Survivor regions: 7->4(7)
[2024-10-29T23:49:13.973+0530][gc,heap     ] GC(17) Old regions: 38->44
[2024-10-29T23:49:13.973+0530][gc,heap     ] GC(17) Archive regions: 2->2
[2024-10-29T23:49:13.973+0530][gc,heap     ] GC(17) Humongous regions: 129->129
[2024-10-29T23:49:13.974+0530][gc,metaspace] GC(17) Metaspace: 45437K(46144K)->45437K(46144K) NonClass: 40016K(40448K)->40016K(40448K) Class: 5420K(5696K)->5420K(5696K)
[2024-10-29T23:49:13.974+0530][gc          ] GC(17) Pause Young (Normal) (G1 Evacuation Pause) 218M->177M(1024M) 25.962ms
[2024-10-29T23:49:13.974+0530][gc,cpu      ] GC(17) User=0.05s Sys=0.02s Real=0.03s
[2024-10-29T23:54:42.266+0530][gc,start    ] GC(18) Pause Young (Normal) (G1 Evacuation Pause)
[2024-10-29T23:54:42.271+0530][gc,task     ] GC(18) Using 8 workers of 8 for evacuation
[2024-10-29T23:54:42.296+0530][gc,mmu      ] GC(18) MMU target violated: 21.0ms (20.0ms/21.0ms)
[2024-10-29T23:54:42.296+0530][gc,phases   ] GC(18)   Pre Evacuate Collection Set: 13.1ms
[2024-10-29T23:54:42.297+0530][gc,phases   ] GC(18)   Merge Heap Roots: 0.3ms
[2024-10-29T23:54:42.297+0530][gc,phases   ] GC(18)   Evacuate Collection Set: 9.7ms
[2024-10-29T23:54:42.297+0530][gc,phases   ] GC(18)   Post Evacuate Collection Set: 0.7ms
[2024-10-29T23:54:42.297+0530][gc,phases   ] GC(18)   Other: 1.6ms
[2024-10-29T23:54:42.297+0530][gc,heap     ] GC(18) Eden regions: 60->0(43)
[2024-10-29T23:54:42.297+0530][gc,heap     ] GC(18) Survivor regions: 4->8(8)
[2024-10-29T23:54:42.297+0530][gc,heap     ] GC(18) Old regions: 44->45
[2024-10-29T23:54:42.297+0530][gc,heap     ] GC(18) Archive regions: 2->2
[2024-10-29T23:54:42.297+0530][gc,heap     ] GC(18) Humongous regions: 129->129
[2024-10-29T23:54:42.297+0530][gc,metaspace] GC(18) Metaspace: 45469K(46144K)->45469K(46144K) NonClass: 40048K(40448K)->40048K(40448K) Class: 5420K(5696K)->5420K(5696K)
[2024-10-29T23:54:42.297+0530][gc          ] GC(18) Pause Young (Normal) (G1 Evacuation Pause) 237M->182M(1024M) 31.242ms
[2024-10-29T23:54:42.297+0530][gc,cpu      ] GC(18) User=0.02s Sys=0.01s Real=0.03s
[2024-10-29T23:57:51.561+0530][gc,start    ] GC(19) Pause Young (Normal) (G1 Evacuation Pause)
[2024-10-29T23:57:51.562+0530][gc,task     ] GC(19) Using 8 workers of 8 for evacuation
[2024-10-29T23:57:51.584+0530][gc,mmu      ] GC(19) MMU target violated: 21.0ms (20.0ms/21.0ms)
[2024-10-29T23:57:51.584+0530][gc,phases   ] GC(19)   Pre Evacuate Collection Set: 1.4ms
[2024-10-29T23:57:51.584+0530][gc,phases   ] GC(19)   Merge Heap Roots: 0.4ms
[2024-10-29T23:57:51.584+0530][gc,phases   ] GC(19)   Evacuate Collection Set: 19.1ms
[2024-10-29T23:57:51.584+0530][gc,phases   ] GC(19)   Post Evacuate Collection Set: 0.4ms
[2024-10-29T23:57:51.584+0530][gc,phases   ] GC(19)   Other: 0.5ms
[2024-10-29T23:57:51.584+0530][gc,heap     ] GC(19) Eden regions: 43->0(47)
[2024-10-29T23:57:51.584+0530][gc,heap     ] GC(19) Survivor regions: 8->4(7)
[2024-10-29T23:57:51.584+0530][gc,heap     ] GC(19) Old regions: 45->52
[2024-10-29T23:57:51.584+0530][gc,heap     ] GC(19) Archive regions: 2->2
[2024-10-29T23:57:51.584+0530][gc,heap     ] GC(19) Humongous regions: 129->129
[2024-10-29T23:57:51.584+0530][gc,metaspace] GC(19) Metaspace: 45480K(46144K)->45480K(46144K) NonClass: 40059K(40448K)->40059K(40448K) Class: 5420K(5696K)->5420K(5696K)
[2024-10-29T23:57:51.584+0530][gc          ] GC(19) Pause Young (Normal) (G1 Evacuation Pause) 225M->185M(1024M) 23.276ms
[2024-10-29T23:57:51.584+0530][gc,cpu      ] GC(19) User=0.05s Sys=0.03s Real=0.02s
[2024-10-30T00:06:21.459+0530][gc,start    ] GC(20) Pause Young (Normal) (G1 Evacuation Pause)
[2024-10-30T00:06:21.461+0530][gc,task     ] GC(20) Using 8 workers of 8 for evacuation
[2024-10-30T00:06:21.479+0530][gc,phases   ] GC(20)   Pre Evacuate Collection Set: 1.1ms
[2024-10-30T00:06:21.479+0530][gc,phases   ] GC(20)   Merge Heap Roots: 0.4ms
[2024-10-30T00:06:21.479+0530][gc,phases   ] GC(20)   Evacuate Collection Set: 15.5ms
[2024-10-30T00:06:21.479+0530][gc,phases   ] GC(20)   Post Evacuate Collection Set: 0.5ms
[2024-10-30T00:06:21.479+0530][gc,phases   ] GC(20)   Other: 0.3ms
[2024-10-30T00:06:21.479+0530][gc,heap     ] GC(20) Eden regions: 47->0(44)
[2024-10-30T00:06:21.479+0530][gc,heap     ] GC(20) Survivor regions: 4->7(7)
[2024-10-30T00:06:21.479+0530][gc,heap     ] GC(20) Old regions: 52->53
[2024-10-30T00:06:21.479+0530][gc,heap     ] GC(20) Archive regions: 2->2
[2024-10-30T00:06:21.479+0530][gc,heap     ] GC(20) Humongous regions: 129->129
[2024-10-30T00:06:21.479+0530][gc,metaspace] GC(20) Metaspace: 45508K(46208K)->45508K(46208K) NonClass: 40087K(40512K)->40087K(40512K) Class: 5420K(5696K)->5420K(5696K)
[2024-10-30T00:06:21.479+0530][gc          ] GC(20) Pause Young (Normal) (G1 Evacuation Pause) 232M->189M(1024M) 19.486ms
[2024-10-30T00:06:21.479+0530][gc,cpu      ] GC(20) User=0.04s Sys=0.02s Real=0.02s
[2024-10-30T00:07:18.269+0530][gc,heap,exit] Heap
[2024-10-30T00:07:18.269+0530][gc,heap,exit]  garbage-first heap   total 1048576K, used 210633K [0x00000007c0000000, 0x0000000800000000)
[2024-10-30T00:07:18.269+0530][gc,heap,exit]   region size 1024K, 24 young (24576K), 7 survivors (7168K)
[2024-10-30T00:07:18.269+0530][gc,heap,exit]  Metaspace       used 46336K, committed 47040K, reserved 1114112K
[2024-10-30T00:07:18.269+0530][gc,heap,exit]   class space    used 5598K, committed 5888K, reserved 1048576K
