[2024-10-29T08:57:42.494+0530][gc,init] CardTable entry size: 512
[2024-10-29T08:57:42.494+0530][gc     ] Using G1
[2024-10-29T08:57:42.495+0530][gc,init] Version: 20.0.1+9-29 (release)
[2024-10-29T08:57:42.495+0530][gc,init] CPUs: 8 total, 8 available
[2024-10-29T08:57:42.495+0530][gc,init] Memory: 8192M
[2024-10-29T08:57:42.495+0530][gc,init] Large Page Support: Disabled
[2024-10-29T08:57:42.495+0530][gc,init] NUMA Support: Disabled
[2024-10-29T08:57:42.495+0530][gc,init] Compressed Oops: Enabled (Zero based)
[2024-10-29T08:57:42.495+0530][gc,init] Heap Region Size: 1M
[2024-10-29T08:57:42.495+0530][gc,init] Heap Min Capacity: 1G
[2024-10-29T08:57:42.495+0530][gc,init] Heap Initial Capacity: 1G
[2024-10-29T08:57:42.495+0530][gc,init] Heap Max Capacity: 1G
[2024-10-29T08:57:42.495+0530][gc,init] Pre-touch: Disabled
[2024-10-29T08:57:42.495+0530][gc,init] Parallel Workers: 8
[2024-10-29T08:57:42.495+0530][gc,init] Concurrent Workers: 2
[2024-10-29T08:57:42.495+0530][gc,init] Concurrent Refinement Workers: 8
[2024-10-29T08:57:42.495+0530][gc,init] Periodic GC: Disabled
[2024-10-29T08:57:42.495+0530][gc,metaspace] CDS archive(s) mapped at: [0x0000000800000000-0x0000000800c6c000-0x0000000800c6c000), size 13025280, SharedBaseAddress: 0x0000000800000000, ArchiveRelocationMode: 0.
[2024-10-29T08:57:42.495+0530][gc,metaspace] Compressed class space mapped at: 0x0000000801000000-0x0000000841000000, reserved size: 1073741824
[2024-10-29T08:57:42.495+0530][gc,metaspace] Narrow klass base: 0x0000000800000000, Narrow klass shift: 0, Narrow klass range: 0x100000000
[2024-10-29T08:57:43.107+0530][gc,start    ] GC(0) Pause Young (Normal) (G1 Evacuation Pause)
[2024-10-29T08:57:43.107+0530][gc,task     ] GC(0) Using 8 workers of 8 for evacuation
[2024-10-29T08:57:43.109+0530][gc,phases   ] GC(0)   Pre Evacuate Collection Set: 0.1ms
[2024-10-29T08:57:43.110+0530][gc,phases   ] GC(0)   Merge Heap Roots: 0.0ms
[2024-10-29T08:57:43.110+0530][gc,phases   ] GC(0)   Evacuate Collection Set: 1.8ms
[2024-10-29T08:57:43.110+0530][gc,phases   ] GC(0)   Post Evacuate Collection Set: 0.3ms
[2024-10-29T08:57:43.110+0530][gc,phases   ] GC(0)   Other: 0.2ms
[2024-10-29T08:57:43.110+0530][gc,heap     ] GC(0) Eden regions: 51->0(44)
[2024-10-29T08:57:43.110+0530][gc,heap     ] GC(0) Survivor regions: 0->7(7)
[2024-10-29T08:57:43.110+0530][gc,heap     ] GC(0) Old regions: 0->2
[2024-10-29T08:57:43.110+0530][gc,heap     ] GC(0) Archive regions: 2->2
[2024-10-29T08:57:43.110+0530][gc,heap     ] GC(0) Humongous regions: 0->0
[2024-10-29T08:57:43.110+0530][gc,metaspace] GC(0) Metaspace: 17595K(17792K)->17595K(17792K) NonClass: 15538K(15680K)->15538K(15680K) Class: 2056K(2112K)->2056K(2112K)
[2024-10-29T08:57:43.110+0530][gc          ] GC(0) Pause Young (Normal) (G1 Evacuation Pause) 51M->9M(1024M) 2.594ms
[2024-10-29T08:57:43.110+0530][gc,cpu      ] GC(0) User=0.01s Sys=0.01s Real=0.01s
[2024-10-29T08:57:43.186+0530][gc,start    ] GC(1) Pause Young (Concurrent Start) (Metadata GC Threshold)
[2024-10-29T08:57:43.186+0530][gc,task     ] GC(1) Using 8 workers of 8 for evacuation
[2024-10-29T08:57:43.188+0530][gc,phases   ] GC(1)   Pre Evacuate Collection Set: 0.1ms
[2024-10-29T08:57:43.188+0530][gc,phases   ] GC(1)   Merge Heap Roots: 0.0ms
[2024-10-29T08:57:43.188+0530][gc,phases   ] GC(1)   Evacuate Collection Set: 1.5ms
[2024-10-29T08:57:43.188+0530][gc,phases   ] GC(1)   Post Evacuate Collection Set: 0.2ms
[2024-10-29T08:57:43.188+0530][gc,phases   ] GC(1)   Other: 0.0ms
[2024-10-29T08:57:43.188+0530][gc,heap     ] GC(1) Eden regions: 15->0(49)
[2024-10-29T08:57:43.188+0530][gc,heap     ] GC(1) Survivor regions: 7->2(7)
[2024-10-29T08:57:43.188+0530][gc,heap     ] GC(1) Old regions: 2->9
[2024-10-29T08:57:43.188+0530][gc,heap     ] GC(1) Archive regions: 2->2
[2024-10-29T08:57:43.188+0530][gc,heap     ] GC(1) Humongous regions: 0->0
[2024-10-29T08:57:43.188+0530][gc,metaspace] GC(1) Metaspace: 21256K(21504K)->21256K(21504K) NonClass: 18748K(18880K)->18748K(18880K) Class: 2508K(2624K)->2508K(2624K)
[2024-10-29T08:57:43.188+0530][gc          ] GC(1) Pause Young (Concurrent Start) (Metadata GC Threshold) 23M->10M(1024M) 1.956ms
[2024-10-29T08:57:43.188+0530][gc,cpu      ] GC(1) User=0.01s Sys=0.01s Real=0.00s
[2024-10-29T08:57:43.188+0530][gc          ] GC(2) Concurrent Mark Cycle
[2024-10-29T08:57:43.188+0530][gc,marking  ] GC(2) Concurrent Scan Root Regions
[2024-10-29T08:57:43.189+0530][gc,marking  ] GC(2) Concurrent Scan Root Regions 0.970ms
[2024-10-29T08:57:43.189+0530][gc,marking  ] GC(2) Concurrent Mark
[2024-10-29T08:57:43.189+0530][gc,marking  ] GC(2) Concurrent Mark From Roots
[2024-10-29T08:57:43.189+0530][gc,task     ] GC(2) Using 2 workers of 2 for marking
[2024-10-29T08:57:43.190+0530][gc,marking  ] GC(2) Concurrent Mark From Roots 0.732ms
[2024-10-29T08:57:43.190+0530][gc,marking  ] GC(2) Concurrent Preclean
[2024-10-29T08:57:43.190+0530][gc,marking  ] GC(2) Concurrent Preclean 0.005ms
[2024-10-29T08:57:43.190+0530][gc,start    ] GC(2) Pause Remark
[2024-10-29T08:57:43.191+0530][gc          ] GC(2) Pause Remark 11M->11M(1024M) 0.670ms
[2024-10-29T08:57:43.191+0530][gc,cpu      ] GC(2) User=0.00s Sys=0.00s Real=0.00s
[2024-10-29T08:57:43.191+0530][gc,marking  ] GC(2) Concurrent Mark 1.550ms
[2024-10-29T08:57:43.191+0530][gc,marking  ] GC(2) Concurrent Rebuild Remembered Sets and Scrub Regions
[2024-10-29T08:57:43.192+0530][gc,marking  ] GC(2) Concurrent Rebuild Remembered Sets and Scrub Regions 0.924ms
[2024-10-29T08:57:43.192+0530][gc,start    ] GC(2) Pause Cleanup
[2024-10-29T08:57:43.192+0530][gc          ] GC(2) Pause Cleanup 11M->11M(1024M) 0.054ms
[2024-10-29T08:57:43.192+0530][gc,cpu      ] GC(2) User=0.00s Sys=0.00s Real=0.00s
[2024-10-29T08:57:43.192+0530][gc,marking  ] GC(2) Concurrent Clear Claimed Marks
[2024-10-29T08:57:43.192+0530][gc,marking  ] GC(2) Concurrent Clear Claimed Marks 0.005ms
[2024-10-29T08:57:43.192+0530][gc,marking  ] GC(2) Concurrent Cleanup for Next Mark
[2024-10-29T08:57:43.193+0530][gc,marking  ] GC(2) Concurrent Cleanup for Next Mark 0.953ms
[2024-10-29T08:57:43.193+0530][gc          ] GC(2) Concurrent Mark Cycle 4.730ms
[2024-10-29T08:57:43.489+0530][gc,start    ] GC(3) Pause Young (Normal) (G1 Evacuation Pause)
[2024-10-29T08:57:43.489+0530][gc,task     ] GC(3) Using 8 workers of 8 for evacuation
[2024-10-29T08:57:43.491+0530][gc,phases   ] GC(3)   Pre Evacuate Collection Set: 0.1ms
[2024-10-29T08:57:43.491+0530][gc,phases   ] GC(3)   Merge Heap Roots: 0.0ms
[2024-10-29T08:57:43.491+0530][gc,phases   ] GC(3)   Evacuate Collection Set: 1.4ms
[2024-10-29T08:57:43.491+0530][gc,phases   ] GC(3)   Post Evacuate Collection Set: 0.2ms
[2024-10-29T08:57:43.491+0530][gc,phases   ] GC(3)   Other: 0.0ms
[2024-10-29T08:57:43.491+0530][gc,heap     ] GC(3) Eden regions: 49->0(45)
[2024-10-29T08:57:43.491+0530][gc,heap     ] GC(3) Survivor regions: 2->6(7)
[2024-10-29T08:57:43.491+0530][gc,heap     ] GC(3) Old regions: 9->9
[2024-10-29T08:57:43.491+0530][gc,heap     ] GC(3) Archive regions: 2->2
[2024-10-29T08:57:43.491+0530][gc,heap     ] GC(3) Humongous regions: 129->129
[2024-10-29T08:57:43.491+0530][gc,metaspace] GC(3) Metaspace: 30789K(31168K)->30789K(31168K) NonClass: 27358K(27584K)->27358K(27584K) Class: 3431K(3584K)->3431K(3584K)
[2024-10-29T08:57:43.491+0530][gc          ] GC(3) Pause Young (Normal) (G1 Evacuation Pause) 188M->143M(1024M) 1.794ms
[2024-10-29T08:57:43.491+0530][gc,cpu      ] GC(3) User=0.01s Sys=0.00s Real=0.01s
[2024-10-29T08:57:43.575+0530][gc,start    ] GC(4) Pause Young (Concurrent Start) (Metadata GC Threshold)
[2024-10-29T08:57:43.575+0530][gc,task     ] GC(4) Using 8 workers of 8 for evacuation
[2024-10-29T08:57:43.577+0530][gc,phases   ] GC(4)   Pre Evacuate Collection Set: 0.2ms
[2024-10-29T08:57:43.577+0530][gc,phases   ] GC(4)   Merge Heap Roots: 0.1ms
[2024-10-29T08:57:43.577+0530][gc,phases   ] GC(4)   Evacuate Collection Set: 1.9ms
[2024-10-29T08:57:43.577+0530][gc,phases   ] GC(4)   Post Evacuate Collection Set: 0.2ms
[2024-10-29T08:57:43.577+0530][gc,phases   ] GC(4)   Other: 0.0ms
[2024-10-29T08:57:43.577+0530][gc,heap     ] GC(4) Eden regions: 19->0(49)
[2024-10-29T08:57:43.577+0530][gc,heap     ] GC(4) Survivor regions: 6->2(7)
[2024-10-29T08:57:43.578+0530][gc,heap     ] GC(4) Old regions: 9->14
[2024-10-29T08:57:43.578+0530][gc,heap     ] GC(4) Archive regions: 2->2
[2024-10-29T08:57:43.578+0530][gc,heap     ] GC(4) Humongous regions: 129->129
[2024-10-29T08:57:43.578+0530][gc,metaspace] GC(4) Metaspace: 35658K(35968K)->35658K(35968K) NonClass: 31757K(31936K)->31757K(31936K) Class: 3901K(4032K)->3901K(4032K)
[2024-10-29T08:57:43.578+0530][gc          ] GC(4) Pause Young (Concurrent Start) (Metadata GC Threshold) 162M->145M(1024M) 2.427ms
[2024-10-29T08:57:43.578+0530][gc          ] GC(5) Concurrent Mark Cycle
[2024-10-29T08:57:43.578+0530][gc,cpu      ] GC(4) User=0.01s Sys=0.00s Real=0.00s
[2024-10-29T08:57:43.578+0530][gc,marking  ] GC(5) Concurrent Scan Root Regions
[2024-10-29T08:57:43.579+0530][gc,marking  ] GC(5) Concurrent Scan Root Regions 1.494ms
[2024-10-29T08:57:43.579+0530][gc,marking  ] GC(5) Concurrent Mark
[2024-10-29T08:57:43.579+0530][gc,marking  ] GC(5) Concurrent Mark From Roots
[2024-10-29T08:57:43.579+0530][gc,task     ] GC(5) Using 2 workers of 2 for marking
[2024-10-29T08:57:43.581+0530][gc,marking  ] GC(5) Concurrent Mark From Roots 2.232ms
[2024-10-29T08:57:43.581+0530][gc,marking  ] GC(5) Concurrent Preclean
[2024-10-29T08:57:43.581+0530][gc,marking  ] GC(5) Concurrent Preclean 0.019ms
[2024-10-29T08:57:43.582+0530][gc,start    ] GC(5) Pause Remark
[2024-10-29T08:57:43.582+0530][gc          ] GC(5) Pause Remark 146M->146M(1024M) 0.808ms
[2024-10-29T08:57:43.582+0530][gc,cpu      ] GC(5) User=0.00s Sys=0.00s Real=0.00s
[2024-10-29T08:57:43.582+0530][gc,marking  ] GC(5) Concurrent Mark 3.292ms
[2024-10-29T08:57:43.582+0530][gc,marking  ] GC(5) Concurrent Rebuild Remembered Sets and Scrub Regions
[2024-10-29T08:57:43.585+0530][gc,marking  ] GC(5) Concurrent Rebuild Remembered Sets and Scrub Regions 2.363ms
[2024-10-29T08:57:43.585+0530][gc,start    ] GC(5) Pause Cleanup
[2024-10-29T08:57:43.585+0530][gc          ] GC(5) Pause Cleanup 147M->147M(1024M) 0.067ms
[2024-10-29T08:57:43.585+0530][gc,cpu      ] GC(5) User=0.00s Sys=0.00s Real=0.00s
[2024-10-29T08:57:43.585+0530][gc,marking  ] GC(5) Concurrent Clear Claimed Marks
[2024-10-29T08:57:43.585+0530][gc,marking  ] GC(5) Concurrent Clear Claimed Marks 0.008ms
[2024-10-29T08:57:43.585+0530][gc,marking  ] GC(5) Concurrent Cleanup for Next Mark
[2024-10-29T08:57:43.586+0530][gc,marking  ] GC(5) Concurrent Cleanup for Next Mark 0.659ms
[2024-10-29T08:57:43.586+0530][gc          ] GC(5) Concurrent Mark Cycle 8.096ms
[2024-10-29T08:58:56.579+0530][gc,start    ] GC(6) Pause Young (Prepare Mixed) (G1 Evacuation Pause)
[2024-10-29T08:58:56.580+0530][gc,task     ] GC(6) Using 8 workers of 8 for evacuation
[2024-10-29T08:58:56.602+0530][gc,mmu      ] GC(6) MMU target violated: 21.0ms (20.0ms/21.0ms)
[2024-10-29T08:58:56.602+0530][gc,phases   ] GC(6)   Pre Evacuate Collection Set: 0.9ms
[2024-10-29T08:58:56.602+0530][gc,phases   ] GC(6)   Merge Heap Roots: 0.2ms
[2024-10-29T08:58:56.602+0530][gc,phases   ] GC(6)   Evacuate Collection Set: 19.9ms
[2024-10-29T08:58:56.602+0530][gc,phases   ] GC(6)   Post Evacuate Collection Set: 0.7ms
[2024-10-29T08:58:56.602+0530][gc,phases   ] GC(6)   Other: 0.2ms
[2024-10-29T08:58:56.602+0530][gc,heap     ] GC(6) Eden regions: 49->0(46)
[2024-10-29T08:58:56.602+0530][gc,heap     ] GC(6) Survivor regions: 2->5(7)
[2024-10-29T08:58:56.602+0530][gc,heap     ] GC(6) Old regions: 14->14
[2024-10-29T08:58:56.602+0530][gc,heap     ] GC(6) Archive regions: 2->2
[2024-10-29T08:58:56.602+0530][gc,heap     ] GC(6) Humongous regions: 243->129
[2024-10-29T08:58:56.602+0530][gc,metaspace] GC(6) Metaspace: 42520K(43200K)->42520K(43200K) NonClass: 37558K(37952K)->37558K(37952K) Class: 4961K(5248K)->4961K(5248K)
[2024-10-29T08:58:56.602+0530][gc          ] GC(6) Pause Young (Prepare Mixed) (G1 Evacuation Pause) 308M->148M(1024M) 22.980ms
[2024-10-29T08:58:56.602+0530][gc,cpu      ] GC(6) User=0.02s Sys=0.07s Real=0.03s
[2024-10-29T09:02:53.945+0530][gc,start    ] GC(7) Pause Young (Mixed) (G1 Evacuation Pause)
[2024-10-29T09:02:53.947+0530][gc,task     ] GC(7) Using 8 workers of 8 for evacuation
[2024-10-29T09:02:53.963+0530][gc,phases   ] GC(7)   Pre Evacuate Collection Set: 0.9ms
[2024-10-29T09:02:53.963+0530][gc,phases   ] GC(7)   Merge Heap Roots: 0.2ms
[2024-10-29T09:02:53.963+0530][gc,phases   ] GC(7)   Evacuate Collection Set: 14.1ms
[2024-10-29T09:02:53.963+0530][gc,phases   ] GC(7)   Post Evacuate Collection Set: 1.0ms
[2024-10-29T09:02:53.963+0530][gc,phases   ] GC(7)   Other: 0.4ms
[2024-10-29T09:02:53.963+0530][gc,heap     ] GC(7) Eden regions: 46->0(46)
[2024-10-29T09:02:53.963+0530][gc,heap     ] GC(7) Survivor regions: 5->5(7)
[2024-10-29T09:02:53.964+0530][gc,heap     ] GC(7) Old regions: 14->15
[2024-10-29T09:02:53.964+0530][gc,heap     ] GC(7) Archive regions: 2->2
[2024-10-29T09:02:53.964+0530][gc,heap     ] GC(7) Humongous regions: 129->129
[2024-10-29T09:02:53.964+0530][gc,metaspace] GC(7) Metaspace: 42841K(43520K)->42841K(43520K) NonClass: 37874K(38272K)->37874K(38272K) Class: 4967K(5248K)->4967K(5248K)
[2024-10-29T09:02:53.964+0530][gc          ] GC(7) Pause Young (Mixed) (G1 Evacuation Pause) 194M->149M(1024M) 18.361ms
[2024-10-29T09:02:53.964+0530][gc,cpu      ] GC(7) User=0.04s Sys=0.02s Real=0.02s
[2024-10-29T09:06:56.539+0530][gc,start    ] GC(8) Pause Young (Normal) (G1 Evacuation Pause)
[2024-10-29T09:06:56.540+0530][gc,task     ] GC(8) Using 8 workers of 8 for evacuation
[2024-10-29T09:06:56.550+0530][gc,phases   ] GC(8)   Pre Evacuate Collection Set: 1.2ms
[2024-10-29T09:06:56.550+0530][gc,phases   ] GC(8)   Merge Heap Roots: 0.2ms
[2024-10-29T09:06:56.550+0530][gc,phases   ] GC(8)   Evacuate Collection Set: 7.8ms
[2024-10-29T09:06:56.550+0530][gc,phases   ] GC(8)   Post Evacuate Collection Set: 0.6ms
[2024-10-29T09:06:56.551+0530][gc,phases   ] GC(8)   Other: 0.2ms
[2024-10-29T09:06:56.551+0530][gc,heap     ] GC(8) Eden regions: 46->0(49)
[2024-10-29T09:06:56.551+0530][gc,heap     ] GC(8) Survivor regions: 5->2(7)
[2024-10-29T09:06:56.551+0530][gc,heap     ] GC(8) Old regions: 15->18
[2024-10-29T09:06:56.551+0530][gc,heap     ] GC(8) Archive regions: 2->2
[2024-10-29T09:06:56.551+0530][gc,heap     ] GC(8) Humongous regions: 129->129
[2024-10-29T09:06:56.551+0530][gc,metaspace] GC(8) Metaspace: 42927K(43584K)->42927K(43584K) NonClass: 37959K(38336K)->37959K(38336K) Class: 4967K(5248K)->4967K(5248K)
[2024-10-29T09:06:56.551+0530][gc          ] GC(8) Pause Young (Normal) (G1 Evacuation Pause) 195M->149M(1024M) 11.498ms
[2024-10-29T09:06:56.551+0530][gc,cpu      ] GC(8) User=0.02s Sys=0.00s Real=0.02s
[2024-10-29T09:11:10.327+0530][gc,start    ] GC(9) Pause Young (Normal) (G1 Evacuation Pause)
[2024-10-29T09:11:10.329+0530][gc,task     ] GC(9) Using 8 workers of 8 for evacuation
[2024-10-29T09:11:10.340+0530][gc,phases   ] GC(9)   Pre Evacuate Collection Set: 0.8ms
[2024-10-29T09:11:10.340+0530][gc,phases   ] GC(9)   Merge Heap Roots: 0.1ms
[2024-10-29T09:11:10.340+0530][gc,phases   ] GC(9)   Evacuate Collection Set: 9.6ms
[2024-10-29T09:11:10.340+0530][gc,phases   ] GC(9)   Post Evacuate Collection Set: 0.6ms
[2024-10-29T09:11:10.340+0530][gc,phases   ] GC(9)   Other: 0.2ms
[2024-10-29T09:11:10.340+0530][gc,heap     ] GC(9) Eden regions: 49->0(46)
[2024-10-29T09:11:10.340+0530][gc,heap     ] GC(9) Survivor regions: 2->5(7)
[2024-10-29T09:11:10.340+0530][gc,heap     ] GC(9) Old regions: 18->18
[2024-10-29T09:11:10.340+0530][gc,heap     ] GC(9) Archive regions: 2->2
[2024-10-29T09:11:10.340+0530][gc,heap     ] GC(9) Humongous regions: 129->129
[2024-10-29T09:11:10.340+0530][gc,metaspace] GC(9) Metaspace: 43091K(43712K)->43091K(43712K) NonClass: 38098K(38464K)->38098K(38464K) Class: 4993K(5248K)->4993K(5248K)
[2024-10-29T09:11:10.340+0530][gc          ] GC(9) Pause Young (Normal) (G1 Evacuation Pause) 198M->151M(1024M) 13.341ms
[2024-10-29T09:11:10.340+0530][gc,cpu      ] GC(9) User=0.03s Sys=0.02s Real=0.02s
[2024-10-29T09:15:13.385+0530][gc,start    ] GC(10) Pause Young (Normal) (G1 Evacuation Pause)
[2024-10-29T09:15:13.387+0530][gc,task     ] GC(10) Using 8 workers of 8 for evacuation
[2024-10-29T09:15:13.398+0530][gc,phases   ] GC(10)   Pre Evacuate Collection Set: 1.0ms
[2024-10-29T09:15:13.398+0530][gc,phases   ] GC(10)   Merge Heap Roots: 0.7ms
[2024-10-29T09:15:13.398+0530][gc,phases   ] GC(10)   Evacuate Collection Set: 7.2ms
[2024-10-29T09:15:13.398+0530][gc,phases   ] GC(10)   Post Evacuate Collection Set: 1.1ms
[2024-10-29T09:15:13.398+0530][gc,phases   ] GC(10)   Other: 1.4ms
[2024-10-29T09:15:13.398+0530][gc,heap     ] GC(10) Eden regions: 46->0(47)
[2024-10-29T09:15:13.398+0530][gc,heap     ] GC(10) Survivor regions: 5->4(7)
[2024-10-29T09:15:13.398+0530][gc,heap     ] GC(10) Old regions: 18->18
[2024-10-29T09:15:13.398+0530][gc,heap     ] GC(10) Archive regions: 2->2
[2024-10-29T09:15:13.398+0530][gc,heap     ] GC(10) Humongous regions: 129->129
[2024-10-29T09:15:13.398+0530][gc,metaspace] GC(10) Metaspace: 43151K(43776K)->43151K(43776K) NonClass: 38157K(38528K)->38157K(38528K) Class: 4993K(5248K)->4993K(5248K)
[2024-10-29T09:15:13.399+0530][gc          ] GC(10) Pause Young (Normal) (G1 Evacuation Pause) 197M->151M(1024M) 14.668ms
[2024-10-29T09:15:13.399+0530][gc,cpu      ] GC(10) User=0.02s Sys=0.02s Real=0.01s
[2024-10-29T09:18:13.089+0530][gc,start    ] GC(11) Pause Young (Normal) (G1 Evacuation Pause)
[2024-10-29T09:18:13.090+0530][gc,task     ] GC(11) Using 8 workers of 8 for evacuation
[2024-10-29T09:18:13.104+0530][gc,phases   ] GC(11)   Pre Evacuate Collection Set: 1.3ms
[2024-10-29T09:18:13.104+0530][gc,phases   ] GC(11)   Merge Heap Roots: 0.3ms
[2024-10-29T09:18:13.104+0530][gc,phases   ] GC(11)   Evacuate Collection Set: 11.3ms
[2024-10-29T09:18:13.104+0530][gc,phases   ] GC(11)   Post Evacuate Collection Set: 0.5ms
[2024-10-29T09:18:13.104+0530][gc,phases   ] GC(11)   Other: 0.2ms
[2024-10-29T09:18:13.104+0530][gc,heap     ] GC(11) Eden regions: 47->0(46)
[2024-10-29T09:18:13.104+0530][gc,heap     ] GC(11) Survivor regions: 4->5(7)
[2024-10-29T09:18:13.104+0530][gc,heap     ] GC(11) Old regions: 18->18
[2024-10-29T09:18:13.104+0530][gc,heap     ] GC(11) Archive regions: 2->2
[2024-10-29T09:18:13.104+0530][gc,heap     ] GC(11) Humongous regions: 129->129
[2024-10-29T09:18:13.104+0530][gc,metaspace] GC(11) Metaspace: 43320K(43968K)->43320K(43968K) NonClass: 38310K(38656K)->38310K(38656K) Class: 5009K(5312K)->5009K(5312K)
[2024-10-29T09:18:13.104+0530][gc          ] GC(11) Pause Young (Normal) (G1 Evacuation Pause) 198M->152M(1024M) 15.628ms
[2024-10-29T09:18:13.104+0530][gc,cpu      ] GC(11) User=0.03s Sys=0.02s Real=0.02s
[2024-10-29T09:20:50.264+0530][gc,start    ] GC(12) Pause Young (Normal) (G1 Evacuation Pause)
[2024-10-29T09:20:50.266+0530][gc,task     ] GC(12) Using 8 workers of 8 for evacuation
[2024-10-29T09:20:50.277+0530][gc,phases   ] GC(12)   Pre Evacuate Collection Set: 1.4ms
[2024-10-29T09:20:50.277+0530][gc,phases   ] GC(12)   Merge Heap Roots: 0.2ms
[2024-10-29T09:20:50.277+0530][gc,phases   ] GC(12)   Evacuate Collection Set: 9.2ms
[2024-10-29T09:20:50.277+0530][gc,phases   ] GC(12)   Post Evacuate Collection Set: 0.5ms
[2024-10-29T09:20:50.277+0530][gc,phases   ] GC(12)   Other: 0.3ms
[2024-10-29T09:20:50.277+0530][gc,heap     ] GC(12) Eden regions: 46->0(46)
[2024-10-29T09:20:50.277+0530][gc,heap     ] GC(12) Survivor regions: 5->5(7)
[2024-10-29T09:20:50.277+0530][gc,heap     ] GC(12) Old regions: 18->19
[2024-10-29T09:20:50.277+0530][gc,heap     ] GC(12) Archive regions: 2->2
[2024-10-29T09:20:50.277+0530][gc,heap     ] GC(12) Humongous regions: 129->129
[2024-10-29T09:20:50.277+0530][gc,metaspace] GC(12) Metaspace: 43348K(43968K)->43348K(43968K) NonClass: 38338K(38656K)->38338K(38656K) Class: 5009K(5312K)->5009K(5312K)
[2024-10-29T09:20:50.278+0530][gc          ] GC(12) Pause Young (Normal) (G1 Evacuation Pause) 198M->153M(1024M) 13.473ms
[2024-10-29T09:20:50.278+0530][gc,cpu      ] GC(12) User=0.02s Sys=0.01s Real=0.01s
[2024-10-29T09:23:31.185+0530][gc,start    ] GC(13) Pause Young (Normal) (G1 Evacuation Pause)
[2024-10-29T09:23:31.186+0530][gc,task     ] GC(13) Using 8 workers of 8 for evacuation
[2024-10-29T09:23:31.198+0530][gc,phases   ] GC(13)   Pre Evacuate Collection Set: 1.0ms
[2024-10-29T09:23:31.198+0530][gc,phases   ] GC(13)   Merge Heap Roots: 0.5ms
[2024-10-29T09:23:31.198+0530][gc,phases   ] GC(13)   Evacuate Collection Set: 10.0ms
[2024-10-29T09:23:31.198+0530][gc,phases   ] GC(13)   Post Evacuate Collection Set: 0.5ms
[2024-10-29T09:23:31.198+0530][gc,phases   ] GC(13)   Other: 0.2ms
[2024-10-29T09:23:31.198+0530][gc,heap     ] GC(13) Eden regions: 46->0(53)
[2024-10-29T09:23:31.198+0530][gc,heap     ] GC(13) Survivor regions: 5->5(7)
[2024-10-29T09:23:31.198+0530][gc,heap     ] GC(13) Old regions: 19->20
[2024-10-29T09:23:31.198+0530][gc,heap     ] GC(13) Archive regions: 2->2
[2024-10-29T09:23:31.198+0530][gc,heap     ] GC(13) Humongous regions: 129->129
[2024-10-29T09:23:31.198+0530][gc,metaspace] GC(13) Metaspace: 43482K(44160K)->43482K(44160K) NonClass: 38472K(38848K)->38472K(38848K) Class: 5009K(5312K)->5009K(5312K)
[2024-10-29T09:23:31.198+0530][gc          ] GC(13) Pause Young (Normal) (G1 Evacuation Pause) 199M->154M(1024M) 13.378ms
[2024-10-29T09:23:31.198+0530][gc,cpu      ] GC(13) User=0.03s Sys=0.01s Real=0.01s
[2024-10-29T09:25:32.344+0530][gc,heap,exit] Heap
[2024-10-29T09:25:32.344+0530][gc,heap,exit]  garbage-first heap   total 1048576K, used 186452K [0x00000007c0000000, 0x0000000800000000)
[2024-10-29T09:25:32.344+0530][gc,heap,exit]   region size 1024K, 33 young (33792K), 5 survivors (5120K)
[2024-10-29T09:25:32.344+0530][gc,heap,exit]  Metaspace       used 44462K, committed 45120K, reserved 1114112K
[2024-10-29T09:25:32.344+0530][gc,heap,exit]   class space    used 5201K, committed 5504K, reserved 1048576K
