[2024-10-29T22:06:21.358+0530][gc,init] CardTable entry size: 512
[2024-10-29T22:06:21.358+0530][gc     ] Using G1
[2024-10-29T22:06:21.359+0530][gc,init] Version: 20.0.1+9-29 (release)
[2024-10-29T22:06:21.359+0530][gc,init] CPUs: 8 total, 8 available
[2024-10-29T22:06:21.359+0530][gc,init] Memory: 8192M
[2024-10-29T22:06:21.359+0530][gc,init] Large Page Support: Disabled
[2024-10-29T22:06:21.359+0530][gc,init] NUMA Support: Disabled
[2024-10-29T22:06:21.359+0530][gc,init] Compressed Oops: Enabled (Zero based)
[2024-10-29T22:06:21.359+0530][gc,init] Heap Region Size: 1M
[2024-10-29T22:06:21.359+0530][gc,init] Heap Min Capacity: 1G
[2024-10-29T22:06:21.359+0530][gc,init] Heap Initial Capacity: 1G
[2024-10-29T22:06:21.359+0530][gc,init] Heap Max Capacity: 1G
[2024-10-29T22:06:21.359+0530][gc,init] Pre-touch: Disabled
[2024-10-29T22:06:21.359+0530][gc,init] Parallel Workers: 8
[2024-10-29T22:06:21.359+0530][gc,init] Concurrent Workers: 2
[2024-10-29T22:06:21.359+0530][gc,init] Concurrent Refinement Workers: 8
[2024-10-29T22:06:21.359+0530][gc,init] Periodic GC: Disabled
[2024-10-29T22:06:21.359+0530][gc,metaspace] CDS archive(s) mapped at: [0x0000000800000000-0x0000000800c6c000-0x0000000800c6c000), size 13025280, SharedBaseAddress: 0x0000000800000000, ArchiveRelocationMode: 0.
[2024-10-29T22:06:21.359+0530][gc,metaspace] Compressed class space mapped at: 0x0000000801000000-0x0000000841000000, reserved size: 1073741824
[2024-10-29T22:06:21.359+0530][gc,metaspace] Narrow klass base: 0x0000000800000000, Narrow klass shift: 0, Narrow klass range: 0x100000000
[2024-10-29T22:06:22.525+0530][gc,start    ] GC(0) Pause Young (Normal) (G1 Evacuation Pause)
[2024-10-29T22:06:22.526+0530][gc,task     ] GC(0) Using 8 workers of 8 for evacuation
[2024-10-29T22:06:22.528+0530][gc,phases   ] GC(0)   Pre Evacuate Collection Set: 0.1ms
[2024-10-29T22:06:22.528+0530][gc,phases   ] GC(0)   Merge Heap Roots: 0.0ms
[2024-10-29T22:06:22.528+0530][gc,phases   ] GC(0)   Evacuate Collection Set: 1.9ms
[2024-10-29T22:06:22.528+0530][gc,phases   ] GC(0)   Post Evacuate Collection Set: 0.3ms
[2024-10-29T22:06:22.528+0530][gc,phases   ] GC(0)   Other: 0.2ms
[2024-10-29T22:06:22.528+0530][gc,heap     ] GC(0) Eden regions: 51->0(44)
[2024-10-29T22:06:22.528+0530][gc,heap     ] GC(0) Survivor regions: 0->7(7)
[2024-10-29T22:06:22.528+0530][gc,heap     ] GC(0) Old regions: 0->2
[2024-10-29T22:06:22.528+0530][gc,heap     ] GC(0) Archive regions: 2->2
[2024-10-29T22:06:22.528+0530][gc,heap     ] GC(0) Humongous regions: 0->0
[2024-10-29T22:06:22.528+0530][gc,metaspace] GC(0) Metaspace: 17618K(17792K)->17618K(17792K) NonClass: 15562K(15680K)->15562K(15680K) Class: 2056K(2112K)->2056K(2112K)
[2024-10-29T22:06:22.528+0530][gc          ] GC(0) Pause Young (Normal) (G1 Evacuation Pause) 51M->9M(1024M) 2.655ms
[2024-10-29T22:06:22.528+0530][gc,cpu      ] GC(0) User=0.01s Sys=0.00s Real=0.00s
[2024-10-29T22:06:22.617+0530][gc,start    ] GC(1) Pause Young (Concurrent Start) (Metadata GC Threshold)
[2024-10-29T22:06:22.617+0530][gc,task     ] GC(1) Using 8 workers of 8 for evacuation
[2024-10-29T22:06:22.619+0530][gc,phases   ] GC(1)   Pre Evacuate Collection Set: 0.1ms
[2024-10-29T22:06:22.619+0530][gc,phases   ] GC(1)   Merge Heap Roots: 0.0ms
[2024-10-29T22:06:22.619+0530][gc,phases   ] GC(1)   Evacuate Collection Set: 1.7ms
[2024-10-29T22:06:22.619+0530][gc,phases   ] GC(1)   Post Evacuate Collection Set: 0.2ms
[2024-10-29T22:06:22.619+0530][gc,phases   ] GC(1)   Other: 0.0ms
[2024-10-29T22:06:22.619+0530][gc,heap     ] GC(1) Eden regions: 15->0(50)
[2024-10-29T22:06:22.619+0530][gc,heap     ] GC(1) Survivor regions: 7->1(7)
[2024-10-29T22:06:22.619+0530][gc,heap     ] GC(1) Old regions: 2->9
[2024-10-29T22:06:22.619+0530][gc,heap     ] GC(1) Archive regions: 2->2
[2024-10-29T22:06:22.619+0530][gc,heap     ] GC(1) Humongous regions: 0->0
[2024-10-29T22:06:22.619+0530][gc,metaspace] GC(1) Metaspace: 21258K(21504K)->21258K(21504K) NonClass: 18751K(18880K)->18751K(18880K) Class: 2507K(2624K)->2507K(2624K)
[2024-10-29T22:06:22.619+0530][gc          ] GC(1) Pause Young (Concurrent Start) (Metadata GC Threshold) 23M->10M(1024M) 2.173ms
[2024-10-29T22:06:22.619+0530][gc          ] GC(2) Concurrent Mark Cycle
[2024-10-29T22:06:22.619+0530][gc,cpu      ] GC(1) User=0.01s Sys=0.00s Real=0.00s
[2024-10-29T22:06:22.619+0530][gc,marking  ] GC(2) Concurrent Scan Root Regions
[2024-10-29T22:06:22.620+0530][gc,marking  ] GC(2) Concurrent Scan Root Regions 1.031ms
[2024-10-29T22:06:22.620+0530][gc,marking  ] GC(2) Concurrent Mark
[2024-10-29T22:06:22.620+0530][gc,marking  ] GC(2) Concurrent Mark From Roots
[2024-10-29T22:06:22.620+0530][gc,task     ] GC(2) Using 2 workers of 2 for marking
[2024-10-29T22:06:22.621+0530][gc,marking  ] GC(2) Concurrent Mark From Roots 1.494ms
[2024-10-29T22:06:22.621+0530][gc,marking  ] GC(2) Concurrent Preclean
[2024-10-29T22:06:22.621+0530][gc,marking  ] GC(2) Concurrent Preclean 0.006ms
[2024-10-29T22:06:22.621+0530][gc,start    ] GC(2) Pause Remark
[2024-10-29T22:06:22.622+0530][gc          ] GC(2) Pause Remark 10M->10M(1024M) 0.729ms
[2024-10-29T22:06:22.622+0530][gc,cpu      ] GC(2) User=0.00s Sys=0.00s Real=0.00s
[2024-10-29T22:06:22.622+0530][gc,marking  ] GC(2) Concurrent Mark 2.317ms
[2024-10-29T22:06:22.622+0530][gc,marking  ] GC(2) Concurrent Rebuild Remembered Sets and Scrub Regions
[2024-10-29T22:06:22.623+0530][gc,marking  ] GC(2) Concurrent Rebuild Remembered Sets and Scrub Regions 1.032ms
[2024-10-29T22:06:22.623+0530][gc,start    ] GC(2) Pause Cleanup
[2024-10-29T22:06:22.623+0530][gc          ] GC(2) Pause Cleanup 10M->10M(1024M) 0.056ms
[2024-10-29T22:06:22.623+0530][gc,cpu      ] GC(2) User=0.00s Sys=0.00s Real=0.00s
[2024-10-29T22:06:22.623+0530][gc,marking  ] GC(2) Concurrent Clear Claimed Marks
[2024-10-29T22:06:22.623+0530][gc,marking  ] GC(2) Concurrent Clear Claimed Marks 0.007ms
[2024-10-29T22:06:22.623+0530][gc,marking  ] GC(2) Concurrent Cleanup for Next Mark
[2024-10-29T22:06:22.624+0530][gc,marking  ] GC(2) Concurrent Cleanup for Next Mark 1.041ms
[2024-10-29T22:06:22.624+0530][gc          ] GC(2) Concurrent Mark Cycle 5.592ms
[2024-10-29T22:06:23.081+0530][gc,start    ] GC(3) Pause Young (Normal) (G1 Evacuation Pause)
[2024-10-29T22:06:23.081+0530][gc,task     ] GC(3) Using 8 workers of 8 for evacuation
[2024-10-29T22:06:23.083+0530][gc,phases   ] GC(3)   Pre Evacuate Collection Set: 0.1ms
[2024-10-29T22:06:23.083+0530][gc,phases   ] GC(3)   Merge Heap Roots: 0.0ms
[2024-10-29T22:06:23.083+0530][gc,phases   ] GC(3)   Evacuate Collection Set: 1.6ms
[2024-10-29T22:06:23.083+0530][gc,phases   ] GC(3)   Post Evacuate Collection Set: 0.2ms
[2024-10-29T22:06:23.083+0530][gc,phases   ] GC(3)   Other: 0.0ms
[2024-10-29T22:06:23.083+0530][gc,heap     ] GC(3) Eden regions: 50->0(45)
[2024-10-29T22:06:23.083+0530][gc,heap     ] GC(3) Survivor regions: 1->6(7)
[2024-10-29T22:06:23.083+0530][gc,heap     ] GC(3) Old regions: 9->9
[2024-10-29T22:06:23.083+0530][gc,heap     ] GC(3) Archive regions: 2->2
[2024-10-29T22:06:23.083+0530][gc,heap     ] GC(3) Humongous regions: 129->129
[2024-10-29T22:06:23.083+0530][gc,metaspace] GC(3) Metaspace: 30883K(31232K)->30883K(31232K) NonClass: 27451K(27648K)->27451K(27648K) Class: 3432K(3584K)->3432K(3584K)
[2024-10-29T22:06:23.083+0530][gc          ] GC(3) Pause Young (Normal) (G1 Evacuation Pause) 189M->144M(1024M) 2.005ms
[2024-10-29T22:06:23.083+0530][gc,cpu      ] GC(3) User=0.01s Sys=0.00s Real=0.00s
[2024-10-29T22:06:23.172+0530][gc,start    ] GC(4) Pause Young (Concurrent Start) (Metadata GC Threshold)
[2024-10-29T22:06:23.172+0530][gc,task     ] GC(4) Using 8 workers of 8 for evacuation
[2024-10-29T22:06:23.175+0530][gc,phases   ] GC(4)   Pre Evacuate Collection Set: 0.1ms
[2024-10-29T22:06:23.175+0530][gc,phases   ] GC(4)   Merge Heap Roots: 0.0ms
[2024-10-29T22:06:23.175+0530][gc,phases   ] GC(4)   Evacuate Collection Set: 1.7ms
[2024-10-29T22:06:23.175+0530][gc,phases   ] GC(4)   Post Evacuate Collection Set: 0.2ms
[2024-10-29T22:06:23.175+0530][gc,phases   ] GC(4)   Other: 0.0ms
[2024-10-29T22:06:23.175+0530][gc,heap     ] GC(4) Eden regions: 19->0(49)
[2024-10-29T22:06:23.175+0530][gc,heap     ] GC(4) Survivor regions: 6->2(7)
[2024-10-29T22:06:23.175+0530][gc,heap     ] GC(4) Old regions: 9->14
[2024-10-29T22:06:23.175+0530][gc,heap     ] GC(4) Archive regions: 2->2
[2024-10-29T22:06:23.175+0530][gc,heap     ] GC(4) Humongous regions: 129->129
[2024-10-29T22:06:23.175+0530][gc,metaspace] GC(4) Metaspace: 35593K(35904K)->35593K(35904K) NonClass: 31693K(31872K)->31693K(31872K) Class: 3899K(4032K)->3899K(4032K)
[2024-10-29T22:06:23.175+0530][gc          ] GC(4) Pause Young (Concurrent Start) (Metadata GC Threshold) 162M->145M(1024M) 2.173ms
[2024-10-29T22:06:23.175+0530][gc          ] GC(5) Concurrent Mark Cycle
[2024-10-29T22:06:23.175+0530][gc,cpu      ] GC(4) User=0.01s Sys=0.01s Real=0.00s
[2024-10-29T22:06:23.175+0530][gc,marking  ] GC(5) Concurrent Scan Root Regions
[2024-10-29T22:06:23.177+0530][gc,marking  ] GC(5) Concurrent Scan Root Regions 2.356ms
[2024-10-29T22:06:23.177+0530][gc,marking  ] GC(5) Concurrent Mark
[2024-10-29T22:06:23.177+0530][gc,marking  ] GC(5) Concurrent Mark From Roots
[2024-10-29T22:06:23.177+0530][gc,task     ] GC(5) Using 2 workers of 2 for marking
[2024-10-29T22:06:23.180+0530][gc,marking  ] GC(5) Concurrent Mark From Roots 2.631ms
[2024-10-29T22:06:23.180+0530][gc,marking  ] GC(5) Concurrent Preclean
[2024-10-29T22:06:23.180+0530][gc,marking  ] GC(5) Concurrent Preclean 0.025ms
[2024-10-29T22:06:23.180+0530][gc,start    ] GC(5) Pause Remark
[2024-10-29T22:06:23.181+0530][gc          ] GC(5) Pause Remark 147M->147M(1024M) 0.899ms
[2024-10-29T22:06:23.181+0530][gc,cpu      ] GC(5) User=0.00s Sys=0.00s Real=0.00s
[2024-10-29T22:06:23.181+0530][gc,marking  ] GC(5) Concurrent Mark 3.652ms
[2024-10-29T22:06:23.181+0530][gc,marking  ] GC(5) Concurrent Rebuild Remembered Sets and Scrub Regions
[2024-10-29T22:06:23.183+0530][gc,marking  ] GC(5) Concurrent Rebuild Remembered Sets and Scrub Regions 2.580ms
[2024-10-29T22:06:23.183+0530][gc,start    ] GC(5) Pause Cleanup
[2024-10-29T22:06:23.183+0530][gc          ] GC(5) Pause Cleanup 147M->147M(1024M) 0.080ms
[2024-10-29T22:06:23.183+0530][gc,cpu      ] GC(5) User=0.00s Sys=0.00s Real=0.00s
[2024-10-29T22:06:23.183+0530][gc,marking  ] GC(5) Concurrent Clear Claimed Marks
[2024-10-29T22:06:23.183+0530][gc,marking  ] GC(5) Concurrent Clear Claimed Marks 0.010ms
[2024-10-29T22:06:23.183+0530][gc,marking  ] GC(5) Concurrent Cleanup for Next Mark
[2024-10-29T22:06:23.184+0530][gc,marking  ] GC(5) Concurrent Cleanup for Next Mark 0.901ms
[2024-10-29T22:06:23.184+0530][gc          ] GC(5) Concurrent Mark Cycle 9.743ms
[2024-10-29T22:11:10.546+0530][gc,start    ] GC(6) Pause Young (Prepare Mixed) (G1 Evacuation Pause)
[2024-10-29T22:11:10.547+0530][gc,task     ] GC(6) Using 8 workers of 8 for evacuation
[2024-10-29T22:11:10.566+0530][gc,phases   ] GC(6)   Pre Evacuate Collection Set: 0.9ms
[2024-10-29T22:11:10.566+0530][gc,phases   ] GC(6)   Merge Heap Roots: 0.1ms
[2024-10-29T22:11:10.566+0530][gc,phases   ] GC(6)   Evacuate Collection Set: 16.7ms
[2024-10-29T22:11:10.566+0530][gc,phases   ] GC(6)   Post Evacuate Collection Set: 0.9ms
[2024-10-29T22:11:10.566+0530][gc,phases   ] GC(6)   Other: 0.2ms
[2024-10-29T22:11:10.566+0530][gc,heap     ] GC(6) Eden regions: 49->0(46)
[2024-10-29T22:11:10.566+0530][gc,heap     ] GC(6) Survivor regions: 2->5(7)
[2024-10-29T22:11:10.566+0530][gc,heap     ] GC(6) Old regions: 14->14
[2024-10-29T22:11:10.566+0530][gc,heap     ] GC(6) Archive regions: 2->2
[2024-10-29T22:11:10.566+0530][gc,heap     ] GC(6) Humongous regions: 285->129
[2024-10-29T22:11:10.566+0530][gc,metaspace] GC(6) Metaspace: 41973K(42624K)->41973K(42624K) NonClass: 37067K(37440K)->37067K(37440K) Class: 4906K(5184K)->4906K(5184K)
[2024-10-29T22:11:10.566+0530][gc          ] GC(6) Pause Young (Prepare Mixed) (G1 Evacuation Pause) 350M->148M(1024M) 20.413ms
[2024-10-29T22:11:10.566+0530][gc,cpu      ] GC(6) User=0.03s Sys=0.05s Real=0.02s
[2024-10-29T22:17:03.443+0530][gc,start    ] GC(7) Pause Young (Mixed) (G1 Evacuation Pause)
[2024-10-29T22:17:03.443+0530][gc,task     ] GC(7) Using 8 workers of 8 for evacuation
[2024-10-29T22:17:03.468+0530][gc,mmu      ] GC(7) MMU target violated: 21.0ms (20.0ms/21.0ms)
[2024-10-29T22:17:03.468+0530][gc,phases   ] GC(7)   Pre Evacuate Collection Set: 0.6ms
[2024-10-29T22:17:03.468+0530][gc,phases   ] GC(7)   Merge Heap Roots: 0.1ms
[2024-10-29T22:17:03.468+0530][gc,phases   ] GC(7)   Evacuate Collection Set: 23.6ms
[2024-10-29T22:17:03.468+0530][gc,phases   ] GC(7)   Post Evacuate Collection Set: 0.7ms
[2024-10-29T22:17:03.468+0530][gc,phases   ] GC(7)   Other: 0.2ms
[2024-10-29T22:17:03.468+0530][gc,heap     ] GC(7) Eden regions: 46->0(46)
[2024-10-29T22:17:03.469+0530][gc,heap     ] GC(7) Survivor regions: 5->5(7)
[2024-10-29T22:17:03.469+0530][gc,heap     ] GC(7) Old regions: 14->16
[2024-10-29T22:17:03.469+0530][gc,heap     ] GC(7) Archive regions: 2->2
[2024-10-29T22:17:03.469+0530][gc,heap     ] GC(7) Humongous regions: 129->129
[2024-10-29T22:17:03.469+0530][gc,metaspace] GC(7) Metaspace: 42848K(43456K)->42848K(43456K) NonClass: 37859K(38208K)->37859K(38208K) Class: 4989K(5248K)->4989K(5248K)
[2024-10-29T22:17:03.469+0530][gc          ] GC(7) Pause Young (Mixed) (G1 Evacuation Pause) 194M->149M(1024M) 27.007ms
[2024-10-29T22:17:03.469+0530][gc,cpu      ] GC(7) User=0.04s Sys=0.03s Real=0.02s
[2024-10-29T22:23:38.443+0530][gc,start    ] GC(8) Pause Young (Normal) (G1 Evacuation Pause)
[2024-10-29T22:23:38.445+0530][gc,task     ] GC(8) Using 8 workers of 8 for evacuation
[2024-10-29T22:23:38.459+0530][gc,phases   ] GC(8)   Pre Evacuate Collection Set: 1.2ms
[2024-10-29T22:23:38.459+0530][gc,phases   ] GC(8)   Merge Heap Roots: 0.2ms
[2024-10-29T22:23:38.459+0530][gc,phases   ] GC(8)   Evacuate Collection Set: 11.8ms
[2024-10-29T22:23:38.459+0530][gc,phases   ] GC(8)   Post Evacuate Collection Set: 0.8ms
[2024-10-29T22:23:38.459+0530][gc,phases   ] GC(8)   Other: 0.2ms
[2024-10-29T22:23:38.459+0530][gc,heap     ] GC(8) Eden regions: 46->0(48)
[2024-10-29T22:23:38.459+0530][gc,heap     ] GC(8) Survivor regions: 5->3(7)
[2024-10-29T22:23:38.459+0530][gc,heap     ] GC(8) Old regions: 16->18
[2024-10-29T22:23:38.459+0530][gc,heap     ] GC(8) Archive regions: 2->2
[2024-10-29T22:23:38.459+0530][gc,heap     ] GC(8) Humongous regions: 129->129
[2024-10-29T22:23:38.459+0530][gc,metaspace] GC(8) Metaspace: 42947K(43584K)->42947K(43584K) NonClass: 37957K(38336K)->37957K(38336K) Class: 4990K(5248K)->4990K(5248K)
[2024-10-29T22:23:38.459+0530][gc          ] GC(8) Pause Young (Normal) (G1 Evacuation Pause) 195M->150M(1024M) 16.092ms
[2024-10-29T22:23:38.459+0530][gc,cpu      ] GC(8) User=0.03s Sys=0.02s Real=0.01s
[2024-10-29T22:29:10.325+0530][gc,start    ] GC(9) Pause Young (Normal) (G1 Evacuation Pause)
[2024-10-29T22:29:10.327+0530][gc,task     ] GC(9) Using 8 workers of 8 for evacuation
[2024-10-29T22:29:10.335+0530][gc,phases   ] GC(9)   Pre Evacuate Collection Set: 0.7ms
[2024-10-29T22:29:10.335+0530][gc,phases   ] GC(9)   Merge Heap Roots: 0.1ms
[2024-10-29T22:29:10.335+0530][gc,phases   ] GC(9)   Evacuate Collection Set: 6.4ms
[2024-10-29T22:29:10.335+0530][gc,phases   ] GC(9)   Post Evacuate Collection Set: 0.6ms
[2024-10-29T22:29:10.335+0530][gc,phases   ] GC(9)   Other: 0.2ms
[2024-10-29T22:29:10.335+0530][gc,heap     ] GC(9) Eden regions: 48->0(48)
[2024-10-29T22:29:10.335+0530][gc,heap     ] GC(9) Survivor regions: 3->3(7)
[2024-10-29T22:29:10.335+0530][gc,heap     ] GC(9) Old regions: 18->18
[2024-10-29T22:29:10.335+0530][gc,heap     ] GC(9) Archive regions: 2->2
[2024-10-29T22:29:10.335+0530][gc,heap     ] GC(9) Humongous regions: 129->129
[2024-10-29T22:29:10.335+0530][gc,metaspace] GC(9) Metaspace: 43209K(43776K)->43209K(43776K) NonClass: 38213K(38528K)->38213K(38528K) Class: 4996K(5248K)->4996K(5248K)
[2024-10-29T22:29:10.335+0530][gc          ] GC(9) Pause Young (Normal) (G1 Evacuation Pause) 198M->149M(1024M) 9.847ms
[2024-10-29T22:29:10.335+0530][gc,cpu      ] GC(9) User=0.01s Sys=0.01s Real=0.01s
[2024-10-29T22:34:17.968+0530][gc,start    ] GC(10) Pause Young (Normal) (G1 Evacuation Pause)
[2024-10-29T22:34:17.969+0530][gc,task     ] GC(10) Using 8 workers of 8 for evacuation
[2024-10-29T22:34:17.978+0530][gc,phases   ] GC(10)   Pre Evacuate Collection Set: 0.6ms
[2024-10-29T22:34:17.978+0530][gc,phases   ] GC(10)   Merge Heap Roots: 0.1ms
[2024-10-29T22:34:17.978+0530][gc,phases   ] GC(10)   Evacuate Collection Set: 8.1ms
[2024-10-29T22:34:17.978+0530][gc,phases   ] GC(10)   Post Evacuate Collection Set: 0.7ms
[2024-10-29T22:34:17.978+0530][gc,phases   ] GC(10)   Other: 0.2ms
[2024-10-29T22:34:17.978+0530][gc,heap     ] GC(10) Eden regions: 48->0(47)
[2024-10-29T22:34:17.978+0530][gc,heap     ] GC(10) Survivor regions: 3->4(7)
[2024-10-29T22:34:17.978+0530][gc,heap     ] GC(10) Old regions: 18->18
[2024-10-29T22:34:17.979+0530][gc,heap     ] GC(10) Archive regions: 2->2
[2024-10-29T22:34:17.979+0530][gc,heap     ] GC(10) Humongous regions: 129->129
[2024-10-29T22:34:17.979+0530][gc,metaspace] GC(10) Metaspace: 43243K(43840K)->43243K(43840K) NonClass: 38247K(38592K)->38247K(38592K) Class: 4996K(5248K)->4996K(5248K)
[2024-10-29T22:34:17.979+0530][gc          ] GC(10) Pause Young (Normal) (G1 Evacuation Pause) 197M->150M(1024M) 10.414ms
[2024-10-29T22:34:17.979+0530][gc,cpu      ] GC(10) User=0.03s Sys=0.01s Real=0.01s
[2024-10-29T22:39:14.597+0530][gc,start    ] GC(11) Pause Young (Normal) (G1 Evacuation Pause)
[2024-10-29T22:39:14.599+0530][gc,task     ] GC(11) Using 8 workers of 8 for evacuation
[2024-10-29T22:39:14.615+0530][gc,phases   ] GC(11)   Pre Evacuate Collection Set: 1.3ms
[2024-10-29T22:39:14.615+0530][gc,phases   ] GC(11)   Merge Heap Roots: 0.4ms
[2024-10-29T22:39:14.615+0530][gc,phases   ] GC(11)   Evacuate Collection Set: 13.4ms
[2024-10-29T22:39:14.615+0530][gc,phases   ] GC(11)   Post Evacuate Collection Set: 0.4ms
[2024-10-29T22:39:14.615+0530][gc,phases   ] GC(11)   Other: 0.3ms
[2024-10-29T22:39:14.615+0530][gc,heap     ] GC(11) Eden regions: 47->0(48)
[2024-10-29T22:39:14.615+0530][gc,heap     ] GC(11) Survivor regions: 4->3(7)
[2024-10-29T22:39:14.615+0530][gc,heap     ] GC(11) Old regions: 18->18
[2024-10-29T22:39:14.615+0530][gc,heap     ] GC(11) Archive regions: 2->2
[2024-10-29T22:39:14.615+0530][gc,heap     ] GC(11) Humongous regions: 129->129
[2024-10-29T22:39:14.615+0530][gc,metaspace] GC(11) Metaspace: 43307K(43968K)->43307K(43968K) NonClass: 38311K(38720K)->38311K(38720K) Class: 4996K(5248K)->4996K(5248K)
[2024-10-29T22:39:14.615+0530][gc          ] GC(11) Pause Young (Normal) (G1 Evacuation Pause) 197M->150M(1024M) 17.842ms
[2024-10-29T22:39:14.615+0530][gc,cpu      ] GC(11) User=0.02s Sys=0.01s Real=0.02s
[2024-10-29T22:43:07.042+0530][gc,start    ] GC(12) Pause Young (Normal) (G1 Evacuation Pause)
[2024-10-29T22:43:07.043+0530][gc,task     ] GC(12) Using 8 workers of 8 for evacuation
[2024-10-29T22:43:07.052+0530][gc,phases   ] GC(12)   Pre Evacuate Collection Set: 1.1ms
[2024-10-29T22:43:07.052+0530][gc,phases   ] GC(12)   Merge Heap Roots: 0.1ms
[2024-10-29T22:43:07.052+0530][gc,phases   ] GC(12)   Evacuate Collection Set: 7.0ms
[2024-10-29T22:43:07.052+0530][gc,phases   ] GC(12)   Post Evacuate Collection Set: 0.5ms
[2024-10-29T22:43:07.052+0530][gc,phases   ] GC(12)   Other: 0.3ms
[2024-10-29T22:43:07.052+0530][gc,heap     ] GC(12) Eden regions: 48->0(68)
[2024-10-29T22:43:07.052+0530][gc,heap     ] GC(12) Survivor regions: 3->3(7)
[2024-10-29T22:43:07.052+0530][gc,heap     ] GC(12) Old regions: 18->18
[2024-10-29T22:43:07.052+0530][gc,heap     ] GC(12) Archive regions: 2->2
[2024-10-29T22:43:07.052+0530][gc,heap     ] GC(12) Humongous regions: 129->129
[2024-10-29T22:43:07.053+0530][gc,metaspace] GC(12) Metaspace: 43334K(43968K)->43334K(43968K) NonClass: 38338K(38720K)->38338K(38720K) Class: 4996K(5248K)->4996K(5248K)
[2024-10-29T22:43:07.053+0530][gc          ] GC(12) Pause Young (Normal) (G1 Evacuation Pause) 198M->150M(1024M) 10.574ms
[2024-10-29T22:43:07.053+0530][gc,cpu      ] GC(12) User=0.02s Sys=0.01s Real=0.01s
[2024-10-29T22:46:41.592+0530][gc,start    ] GC(13) Pause Young (Normal) (G1 Evacuation Pause)
[2024-10-29T22:46:41.593+0530][gc,task     ] GC(13) Using 8 workers of 8 for evacuation
[2024-10-29T22:46:41.605+0530][gc,phases   ] GC(13)   Pre Evacuate Collection Set: 0.8ms
[2024-10-29T22:46:41.605+0530][gc,phases   ] GC(13)   Merge Heap Roots: 0.1ms
[2024-10-29T22:46:41.605+0530][gc,phases   ] GC(13)   Evacuate Collection Set: 10.2ms
[2024-10-29T22:46:41.605+0530][gc,phases   ] GC(13)   Post Evacuate Collection Set: 0.5ms
[2024-10-29T22:46:41.605+0530][gc,phases   ] GC(13)   Other: 0.3ms
[2024-10-29T22:46:41.605+0530][gc,heap     ] GC(13) Eden regions: 67->0(103)
[2024-10-29T22:46:41.605+0530][gc,heap     ] GC(13) Survivor regions: 3->4(9)
[2024-10-29T22:46:41.605+0530][gc,heap     ] GC(13) Old regions: 18->18
[2024-10-29T22:46:41.605+0530][gc,heap     ] GC(13) Archive regions: 2->2
[2024-10-29T22:46:41.605+0530][gc,heap     ] GC(13) Humongous regions: 129->129
[2024-10-29T22:46:41.605+0530][gc,metaspace] GC(13) Metaspace: 44731K(45376K)->44731K(45376K) NonClass: 39431K(39808K)->39431K(39808K) Class: 5300K(5568K)->5300K(5568K)
[2024-10-29T22:46:41.605+0530][gc          ] GC(13) Pause Young (Normal) (G1 Evacuation Pause) 217M->151M(1024M) 13.443ms
[2024-10-29T22:46:41.605+0530][gc,cpu      ] GC(13) User=0.02s Sys=0.02s Real=0.01s
[2024-10-29T22:50:49.355+0530][gc,start    ] GC(14) Pause Young (Normal) (G1 Evacuation Pause)
[2024-10-29T22:50:49.356+0530][gc,task     ] GC(14) Using 8 workers of 8 for evacuation
[2024-10-29T22:50:49.366+0530][gc,phases   ] GC(14)   Pre Evacuate Collection Set: 0.8ms
[2024-10-29T22:50:49.366+0530][gc,phases   ] GC(14)   Merge Heap Roots: 0.1ms
[2024-10-29T22:50:49.366+0530][gc,phases   ] GC(14)   Evacuate Collection Set: 7.9ms
[2024-10-29T22:50:49.366+0530][gc,phases   ] GC(14)   Post Evacuate Collection Set: 0.7ms
[2024-10-29T22:50:49.366+0530][gc,phases   ] GC(14)   Other: 0.4ms
[2024-10-29T22:50:49.366+0530][gc,heap     ] GC(14) Eden regions: 80->0(148)
[2024-10-29T22:50:49.366+0530][gc,heap     ] GC(14) Survivor regions: 4->5(11)
[2024-10-29T22:50:49.366+0530][gc,heap     ] GC(14) Old regions: 18->18
[2024-10-29T22:50:49.366+0530][gc,heap     ] GC(14) Archive regions: 2->2
[2024-10-29T22:50:49.366+0530][gc,heap     ] GC(14) Humongous regions: 129->129
[2024-10-29T22:50:49.366+0530][gc,metaspace] GC(14) Metaspace: 44886K(45504K)->44886K(45504K) NonClass: 39585K(39936K)->39585K(39936K) Class: 5300K(5568K)->5300K(5568K)
[2024-10-29T22:50:49.367+0530][gc          ] GC(14) Pause Young (Normal) (G1 Evacuation Pause) 231M->151M(1024M) 11.511ms
[2024-10-29T22:50:49.367+0530][gc,cpu      ] GC(14) User=0.02s Sys=0.01s Real=0.01s
[2024-10-29T22:56:46.784+0530][gc,start    ] GC(15) Pause Young (Normal) (G1 Evacuation Pause)
[2024-10-29T22:56:46.785+0530][gc,task     ] GC(15) Using 8 workers of 8 for evacuation
[2024-10-29T22:56:46.797+0530][gc,phases   ] GC(15)   Pre Evacuate Collection Set: 1.0ms
[2024-10-29T22:56:46.797+0530][gc,phases   ] GC(15)   Merge Heap Roots: 0.1ms
[2024-10-29T22:56:46.797+0530][gc,phases   ] GC(15)   Evacuate Collection Set: 9.9ms
[2024-10-29T22:56:46.797+0530][gc,phases   ] GC(15)   Post Evacuate Collection Set: 0.7ms
[2024-10-29T22:56:46.797+0530][gc,phases   ] GC(15)   Other: 0.3ms
[2024-10-29T22:56:46.797+0530][gc,heap     ] GC(15) Eden regions: 128->0(172)
[2024-10-29T22:56:46.797+0530][gc,heap     ] GC(15) Survivor regions: 5->6(17)
[2024-10-29T22:56:46.797+0530][gc,heap     ] GC(15) Old regions: 18->18
[2024-10-29T22:56:46.797+0530][gc,heap     ] GC(15) Archive regions: 2->2
[2024-10-29T22:56:46.797+0530][gc,heap     ] GC(15) Humongous regions: 129->129
[2024-10-29T22:56:46.797+0530][gc,metaspace] GC(15) Metaspace: 44974K(45632K)->44974K(45632K) NonClass: 39674K(40064K)->39674K(40064K) Class: 5300K(5568K)->5300K(5568K)
[2024-10-29T22:56:46.797+0530][gc          ] GC(15) Pause Young (Normal) (G1 Evacuation Pause) 279M->152M(1024M) 13.844ms
[2024-10-29T22:56:46.797+0530][gc,cpu      ] GC(15) User=0.03s Sys=0.01s Real=0.01s
[2024-10-29T23:03:02.295+0530][gc,start    ] GC(16) Pause Young (Normal) (G1 Evacuation Pause)
[2024-10-29T23:03:02.296+0530][gc,task     ] GC(16) Using 8 workers of 8 for evacuation
[2024-10-29T23:03:02.315+0530][gc,phases   ] GC(16)   Pre Evacuate Collection Set: 1.2ms
[2024-10-29T23:03:02.315+0530][gc,phases   ] GC(16)   Merge Heap Roots: 0.2ms
[2024-10-29T23:03:02.315+0530][gc,phases   ] GC(16)   Evacuate Collection Set: 15.7ms
[2024-10-29T23:03:02.315+0530][gc,phases   ] GC(16)   Post Evacuate Collection Set: 0.8ms
[2024-10-29T23:03:02.315+0530][gc,phases   ] GC(16)   Other: 0.5ms
[2024-10-29T23:03:02.315+0530][gc,heap     ] GC(16) Eden regions: 163->0(150)
[2024-10-29T23:03:02.315+0530][gc,heap     ] GC(16) Survivor regions: 6->6(22)
[2024-10-29T23:03:02.315+0530][gc,heap     ] GC(16) Old regions: 18->18
[2024-10-29T23:03:02.315+0530][gc,heap     ] GC(16) Archive regions: 2->2
[2024-10-29T23:03:02.315+0530][gc,heap     ] GC(16) Humongous regions: 129->129
[2024-10-29T23:03:02.315+0530][gc,metaspace] GC(16) Metaspace: 45121K(45760K)->45121K(45760K) NonClass: 39814K(40192K)->39814K(40192K) Class: 5307K(5568K)->5307K(5568K)
[2024-10-29T23:03:02.315+0530][gc          ] GC(16) Pause Young (Normal) (G1 Evacuation Pause) 315M->153M(1024M) 20.044ms
[2024-10-29T23:03:02.315+0530][gc,cpu      ] GC(16) User=0.03s Sys=0.02s Real=0.02s
[2024-10-29T23:08:18.449+0530][gc,start    ] GC(17) Pause Young (Normal) (G1 Evacuation Pause)
[2024-10-29T23:08:18.450+0530][gc,task     ] GC(17) Using 8 workers of 8 for evacuation
[2024-10-29T23:08:18.467+0530][gc,phases   ] GC(17)   Pre Evacuate Collection Set: 0.8ms
[2024-10-29T23:08:18.467+0530][gc,phases   ] GC(17)   Merge Heap Roots: 0.2ms
[2024-10-29T23:08:18.467+0530][gc,phases   ] GC(17)   Evacuate Collection Set: 14.7ms
[2024-10-29T23:08:18.467+0530][gc,phases   ] GC(17)   Post Evacuate Collection Set: 0.6ms
[2024-10-29T23:08:18.467+0530][gc,phases   ] GC(17)   Other: 0.3ms
[2024-10-29T23:08:18.467+0530][gc,heap     ] GC(17) Eden regions: 146->0(61)
[2024-10-29T23:08:18.467+0530][gc,heap     ] GC(17) Survivor regions: 6->9(19)
[2024-10-29T23:08:18.467+0530][gc,heap     ] GC(17) Old regions: 18->18
[2024-10-29T23:08:18.467+0530][gc,heap     ] GC(17) Archive regions: 2->2
[2024-10-29T23:08:18.467+0530][gc,heap     ] GC(17) Humongous regions: 129->129
[2024-10-29T23:08:18.467+0530][gc,metaspace] GC(17) Metaspace: 45301K(45952K)->45301K(45952K) NonClass: 39989K(40384K)->39989K(40384K) Class: 5311K(5568K)->5311K(5568K)
[2024-10-29T23:08:18.467+0530][gc          ] GC(17) Pause Young (Normal) (G1 Evacuation Pause) 299M->156M(1024M) 18.040ms
[2024-10-29T23:08:18.467+0530][gc,cpu      ] GC(17) User=0.03s Sys=0.02s Real=0.02s
[2024-10-29T23:10:20.808+0530][gc,start    ] GC(18) Pause Young (Normal) (G1 Evacuation Pause)
[2024-10-29T23:10:20.810+0530][gc,task     ] GC(18) Using 8 workers of 8 for evacuation
[2024-10-29T23:10:20.829+0530][gc,phases   ] GC(18)   Pre Evacuate Collection Set: 0.7ms
[2024-10-29T23:10:20.829+0530][gc,phases   ] GC(18)   Merge Heap Roots: 0.2ms
[2024-10-29T23:10:20.829+0530][gc,phases   ] GC(18)   Evacuate Collection Set: 17.0ms
[2024-10-29T23:10:20.829+0530][gc,phases   ] GC(18)   Post Evacuate Collection Set: 0.8ms
[2024-10-29T23:10:20.829+0530][gc,phases   ] GC(18)   Other: 0.3ms
[2024-10-29T23:10:20.829+0530][gc,heap     ] GC(18) Eden regions: 61->0(442)
[2024-10-29T23:10:20.829+0530][gc,heap     ] GC(18) Survivor regions: 9->2(9)
[2024-10-29T23:10:20.829+0530][gc,heap     ] GC(18) Old regions: 18->24
[2024-10-29T23:10:20.829+0530][gc,heap     ] GC(18) Archive regions: 2->2
[2024-10-29T23:10:20.829+0530][gc,heap     ] GC(18) Humongous regions: 129->129
[2024-10-29T23:10:20.829+0530][gc,metaspace] GC(18) Metaspace: 45360K(46016K)->45360K(46016K) NonClass: 40049K(40448K)->40049K(40448K) Class: 5311K(5568K)->5311K(5568K)
[2024-10-29T23:10:20.829+0530][gc          ] GC(18) Pause Young (Normal) (G1 Evacuation Pause) 217M->155M(1024M) 20.754ms
[2024-10-29T23:10:20.829+0530][gc,cpu      ] GC(18) User=0.04s Sys=0.02s Real=0.02s
[2024-10-29T23:13:31.185+0530][gc,heap,exit] Heap
[2024-10-29T23:13:31.185+0530][gc,heap,exit]  garbage-first heap   total 1048576K, used 288046K [0x00000007c0000000, 0x0000000800000000)
[2024-10-29T23:13:31.185+0530][gc,heap,exit]   region size 1024K, 128 young (131072K), 2 survivors (2048K)
[2024-10-29T23:13:31.185+0530][gc,heap,exit]  Metaspace       used 46481K, committed 47168K, reserved 1114112K
[2024-10-29T23:13:31.185+0530][gc,heap,exit]   class space    used 5518K, committed 5824K, reserved 1048576K
