[2024-10-29T09:35:10.878+0530][gc,init] CardTable entry size: 512
[2024-10-29T09:35:10.878+0530][gc     ] Using G1
[2024-10-29T09:35:10.879+0530][gc,init] Version: 20.0.1+9-29 (release)
[2024-10-29T09:35:10.879+0530][gc,init] CPUs: 8 total, 8 available
[2024-10-29T09:35:10.879+0530][gc,init] Memory: 8192M
[2024-10-29T09:35:10.879+0530][gc,init] Large Page Support: Disabled
[2024-10-29T09:35:10.879+0530][gc,init] NUMA Support: Disabled
[2024-10-29T09:35:10.879+0530][gc,init] Compressed Oops: Enabled (Zero based)
[2024-10-29T09:35:10.879+0530][gc,init] Heap Region Size: 1M
[2024-10-29T09:35:10.879+0530][gc,init] Heap Min Capacity: 1G
[2024-10-29T09:35:10.879+0530][gc,init] Heap Initial Capacity: 1G
[2024-10-29T09:35:10.879+0530][gc,init] Heap Max Capacity: 1G
[2024-10-29T09:35:10.879+0530][gc,init] Pre-touch: Disabled
[2024-10-29T09:35:10.879+0530][gc,init] Parallel Workers: 8
[2024-10-29T09:35:10.879+0530][gc,init] Concurrent Workers: 2
[2024-10-29T09:35:10.879+0530][gc,init] Concurrent Refinement Workers: 8
[2024-10-29T09:35:10.879+0530][gc,init] Periodic GC: Disabled
[2024-10-29T09:35:10.879+0530][gc,metaspace] CDS archive(s) mapped at: [0x0000000800000000-0x0000000800c6c000-0x0000000800c6c000), size 13025280, SharedBaseAddress: 0x0000000800000000, ArchiveRelocationMode: 0.
[2024-10-29T09:35:10.879+0530][gc,metaspace] Compressed class space mapped at: 0x0000000801000000-0x0000000841000000, reserved size: 1073741824
[2024-10-29T09:35:10.879+0530][gc,metaspace] Narrow klass base: 0x0000000800000000, Narrow klass shift: 0, Narrow klass range: 0x100000000
[2024-10-29T09:35:11.605+0530][gc,start    ] GC(0) Pause Young (Normal) (G1 Evacuation Pause)
[2024-10-29T09:35:11.605+0530][gc,task     ] GC(0) Using 8 workers of 8 for evacuation
[2024-10-29T09:35:11.608+0530][gc,phases   ] GC(0)   Pre Evacuate Collection Set: 0.1ms
[2024-10-29T09:35:11.608+0530][gc,phases   ] GC(0)   Merge Heap Roots: 0.0ms
[2024-10-29T09:35:11.608+0530][gc,phases   ] GC(0)   Evacuate Collection Set: 2.4ms
[2024-10-29T09:35:11.608+0530][gc,phases   ] GC(0)   Post Evacuate Collection Set: 0.2ms
[2024-10-29T09:35:11.608+0530][gc,phases   ] GC(0)   Other: 0.2ms
[2024-10-29T09:35:11.608+0530][gc,heap     ] GC(0) Eden regions: 51->0(44)
[2024-10-29T09:35:11.608+0530][gc,heap     ] GC(0) Survivor regions: 0->7(7)
[2024-10-29T09:35:11.608+0530][gc,heap     ] GC(0) Old regions: 0->1
[2024-10-29T09:35:11.608+0530][gc,heap     ] GC(0) Archive regions: 2->2
[2024-10-29T09:35:11.608+0530][gc,heap     ] GC(0) Humongous regions: 0->0
[2024-10-29T09:35:11.608+0530][gc,metaspace] GC(0) Metaspace: 17580K(17728K)->17580K(17728K) NonClass: 15523K(15616K)->15523K(15616K) Class: 2056K(2112K)->2056K(2112K)
[2024-10-29T09:35:11.608+0530][gc          ] GC(0) Pause Young (Normal) (G1 Evacuation Pause) 51M->8M(1024M) 3.166ms
[2024-10-29T09:35:11.608+0530][gc,cpu      ] GC(0) User=0.01s Sys=0.01s Real=0.00s
[2024-10-29T09:35:11.693+0530][gc,start    ] GC(1) Pause Young (Concurrent Start) (Metadata GC Threshold)
[2024-10-29T09:35:11.693+0530][gc,task     ] GC(1) Using 8 workers of 8 for evacuation
[2024-10-29T09:35:11.695+0530][gc,phases   ] GC(1)   Pre Evacuate Collection Set: 0.1ms
[2024-10-29T09:35:11.695+0530][gc,phases   ] GC(1)   Merge Heap Roots: 0.0ms
[2024-10-29T09:35:11.695+0530][gc,phases   ] GC(1)   Evacuate Collection Set: 1.7ms
[2024-10-29T09:35:11.695+0530][gc,phases   ] GC(1)   Post Evacuate Collection Set: 0.1ms
[2024-10-29T09:35:11.695+0530][gc,phases   ] GC(1)   Other: 0.0ms
[2024-10-29T09:35:11.695+0530][gc,heap     ] GC(1) Eden regions: 15->0(49)
[2024-10-29T09:35:11.695+0530][gc,heap     ] GC(1) Survivor regions: 7->2(7)
[2024-10-29T09:35:11.695+0530][gc,heap     ] GC(1) Old regions: 1->9
[2024-10-29T09:35:11.695+0530][gc,heap     ] GC(1) Archive regions: 2->2
[2024-10-29T09:35:11.695+0530][gc,heap     ] GC(1) Humongous regions: 0->0
[2024-10-29T09:35:11.695+0530][gc,metaspace] GC(1) Metaspace: 21277K(21504K)->21277K(21504K) NonClass: 18767K(18880K)->18767K(18880K) Class: 2509K(2624K)->2509K(2624K)
[2024-10-29T09:35:11.695+0530][gc          ] GC(1) Pause Young (Concurrent Start) (Metadata GC Threshold) 23M->10M(1024M) 2.073ms
[2024-10-29T09:35:11.695+0530][gc          ] GC(2) Concurrent Mark Cycle
[2024-10-29T09:35:11.695+0530][gc,cpu      ] GC(1) User=0.01s Sys=0.01s Real=0.00s
[2024-10-29T09:35:11.695+0530][gc,marking  ] GC(2) Concurrent Scan Root Regions
[2024-10-29T09:35:11.696+0530][gc,marking  ] GC(2) Concurrent Scan Root Regions 0.897ms
[2024-10-29T09:35:11.696+0530][gc,marking  ] GC(2) Concurrent Mark
[2024-10-29T09:35:11.696+0530][gc,marking  ] GC(2) Concurrent Mark From Roots
[2024-10-29T09:35:11.696+0530][gc,task     ] GC(2) Using 2 workers of 2 for marking
[2024-10-29T09:35:11.697+0530][gc,marking  ] GC(2) Concurrent Mark From Roots 0.650ms
[2024-10-29T09:35:11.697+0530][gc,marking  ] GC(2) Concurrent Preclean
[2024-10-29T09:35:11.697+0530][gc,marking  ] GC(2) Concurrent Preclean 0.005ms
[2024-10-29T09:35:11.697+0530][gc,start    ] GC(2) Pause Remark
[2024-10-29T09:35:11.698+0530][gc          ] GC(2) Pause Remark 11M->11M(1024M) 0.665ms
[2024-10-29T09:35:11.698+0530][gc,cpu      ] GC(2) User=0.01s Sys=0.00s Real=0.00s
[2024-10-29T09:35:11.698+0530][gc,marking  ] GC(2) Concurrent Mark 1.404ms
[2024-10-29T09:35:11.698+0530][gc,marking  ] GC(2) Concurrent Rebuild Remembered Sets and Scrub Regions
[2024-10-29T09:35:11.699+0530][gc,marking  ] GC(2) Concurrent Rebuild Remembered Sets and Scrub Regions 0.875ms
[2024-10-29T09:35:11.699+0530][gc,start    ] GC(2) Pause Cleanup
[2024-10-29T09:35:11.699+0530][gc          ] GC(2) Pause Cleanup 11M->11M(1024M) 0.055ms
[2024-10-29T09:35:11.699+0530][gc,cpu      ] GC(2) User=0.00s Sys=0.00s Real=0.00s
[2024-10-29T09:35:11.699+0530][gc,marking  ] GC(2) Concurrent Clear Claimed Marks
[2024-10-29T09:35:11.699+0530][gc,marking  ] GC(2) Concurrent Clear Claimed Marks 0.006ms
[2024-10-29T09:35:11.699+0530][gc,marking  ] GC(2) Concurrent Cleanup for Next Mark
[2024-10-29T09:35:11.700+0530][gc,marking  ] GC(2) Concurrent Cleanup for Next Mark 0.937ms
[2024-10-29T09:35:11.700+0530][gc          ] GC(2) Concurrent Mark Cycle 4.286ms
[2024-10-29T09:35:12.134+0530][gc,start    ] GC(3) Pause Young (Normal) (G1 Evacuation Pause)
[2024-10-29T09:35:12.134+0530][gc,task     ] GC(3) Using 8 workers of 8 for evacuation
[2024-10-29T09:35:12.135+0530][gc,phases   ] GC(3)   Pre Evacuate Collection Set: 0.1ms
[2024-10-29T09:35:12.135+0530][gc,phases   ] GC(3)   Merge Heap Roots: 0.0ms
[2024-10-29T09:35:12.135+0530][gc,phases   ] GC(3)   Evacuate Collection Set: 1.4ms
[2024-10-29T09:35:12.135+0530][gc,phases   ] GC(3)   Post Evacuate Collection Set: 0.2ms
[2024-10-29T09:35:12.135+0530][gc,phases   ] GC(3)   Other: 0.0ms
[2024-10-29T09:35:12.135+0530][gc,heap     ] GC(3) Eden regions: 49->0(45)
[2024-10-29T09:35:12.135+0530][gc,heap     ] GC(3) Survivor regions: 2->6(7)
[2024-10-29T09:35:12.135+0530][gc,heap     ] GC(3) Old regions: 9->9
[2024-10-29T09:35:12.135+0530][gc,heap     ] GC(3) Archive regions: 2->2
[2024-10-29T09:35:12.135+0530][gc,heap     ] GC(3) Humongous regions: 129->129
[2024-10-29T09:35:12.135+0530][gc,metaspace] GC(3) Metaspace: 30825K(31104K)->30825K(31104K) NonClass: 27395K(27584K)->27395K(27584K) Class: 3429K(3520K)->3429K(3520K)
[2024-10-29T09:35:12.135+0530][gc          ] GC(3) Pause Young (Normal) (G1 Evacuation Pause) 188M->143M(1024M) 1.837ms
[2024-10-29T09:35:12.135+0530][gc,cpu      ] GC(3) User=0.01s Sys=0.00s Real=0.00s
[2024-10-29T09:35:12.496+0530][gc,heap,exit] Heap
[2024-10-29T09:35:12.496+0530][gc,heap,exit]  garbage-first heap   total 1048576K, used 163072K [0x00000007c0000000, 0x0000000800000000)
[2024-10-29T09:35:12.496+0530][gc,heap,exit]   region size 1024K, 22 young (22528K), 6 survivors (6144K)
[2024-10-29T09:35:12.496+0530][gc,heap,exit]  Metaspace       used 33107K, committed 33536K, reserved 1114112K
[2024-10-29T09:35:12.496+0530][gc,heap,exit]   class space    used 3772K, committed 3968K, reserved 1048576K
